******************************************************************************
                  TI ARM Linker PC v18.1.1                     
******************************************************************************
>> Linked Fri May 11 01:44:50 2018

OUTPUT FILE NAME:   <A9.out>
ENTRY POINT SYMBOL: "_c_int00_noargs"  address: 0000094d


MEMORY CONFIGURATION

         name            origin    length      used     unused   attr    fill
----------------------  --------  ---------  --------  --------  ----  --------
  MAIN                  00000000   00040000  000009ea  0003f616  R  X
  INFO                  00200000   00004000  00000000  00004000  R  X
  SRAM_CODE             01000000   00010000  00000214  0000fdec  RW X
  SRAM_DATA             20000000   00010000  00000214  0000fdec  RW  


SEGMENT ALLOCATION MAP

run origin  load origin   length   init length attrs members
----------  ----------- ---------- ----------- ----- -------
00000000    00000000    000009f0   000009f0    r-x
  00000000    00000000    000000e4   000000e4    r-- .intvecs
  000000e4    000000e4    000008d6   000008d6    r-x .text
  000009c0    000009c0    00000030   00000030    r-- .cinit
20000000    20000000    00000014   00000000    rw-
  20000000    20000000    00000010   00000000    rw- .data
  20000010    20000010    00000004   00000000    rw- .bss
2000fe00    2000fe00    00000200   00000000    rw-
  2000fe00    2000fe00    00000200   00000000    rw- .stack


SECTION ALLOCATION MAP

 output                                  attributes/
section   page    origin      length       input sections
--------  ----  ----------  ----------   ----------------
.intvecs   0    00000000    000000e4     
                  00000000    000000e4     startup_msp432p401r_ccs.obj (.intvecs:retain)

.text      0    000000e4    000008d6     
                  000000e4    00000334     system_msp432p401r.obj (.text)
                  00000418    000001d0     ADC.obj (.text)
                  000005e8    00000104     set_DCO.obj (.text)
                  000006ec    000000d4     UART.obj (.text)
                  000007c0    0000009c     rtsv7M4_T_le_v4SPD16_eabi.lib : memcpy_t2.asm.obj (.text)
                  0000085c    00000068                                   : copy_decompress_lzss.c.obj (.text:decompress:lzss:__TI_decompress_lzss)
                  000008c4    00000044                                   : autoinit.c.obj (.text:__TI_auto_init_nobinit_nopinit:__TI_auto_init_nobinit_nopinit)
                  00000908    00000044     main.obj (.text)
                  0000094c    00000038     rtsv7M4_T_le_v4SPD16_eabi.lib : boot_cortex_m.c.obj (.text:_c_int00_noargs:_c_int00_noargs)
                  00000984    00000012                                   : copy_zero_init.c.obj (.text:decompress:ZI:__TI_zero_init_nomemset:__TI_zero_init_nomemset)
                  00000996    0000000e                                   : copy_decompress_none.c.obj (.text:decompress:none:__TI_decompress_none)
                  000009a4    0000000e     startup_msp432p401r_ccs.obj (.text)
                  000009b2    00000004     rtsv7M4_T_le_v4SPD16_eabi.lib : pre_init.c.obj (.text:_system_pre_init)
                  000009b6    00000004                                   : exit.c.obj (.text:abort:abort)

.cinit     0    000009c0    00000030     
                  000009c0    0000000c     (__TI_handler_table)
                  000009cc    0000000b     (.cinit..data.load) [load image, compression = lzss]
                  000009d7    00000001     --HOLE-- [fill = 0]
                  000009d8    00000008     (.cinit..bss.load) [load image, compression = zero_init]
                  000009e0    00000010     (__TI_cinit_table)

.init_array 
*          0    00000000    00000000     UNINITIALIZED

.binit     0    00000000    00000000     

.data      0    20000000    00000010     UNINITIALIZED
                  20000000    00000008     UART.obj (.data)
                  20000008    00000004     ADC.obj (.data)
                  2000000c    00000004     system_msp432p401r.obj (.data)

.bss       0    20000010    00000004     UNINITIALIZED
                  20000010    00000004     (.common:anIn)

.stack     0    2000fe00    00000200     UNINITIALIZED
                  2000fe00    00000004     rtsv7M4_T_le_v4SPD16_eabi.lib : boot_cortex_m.c.obj (.stack)
                  2000fe04    000001fc     --HOLE--

MODULE SUMMARY

       Module                        code   ro data   rw data
       ------                        ----   -------   -------
    .\
       system_msp432p401r.obj        820    0         8      
       ADC.obj                       464    0         16     
       set_DCO.obj                   260    0         0      
       startup_msp432p401r_ccs.obj   14     228       0      
       UART.obj                      212    0         16     
       main.obj                      68     0         0      
    +--+-----------------------------+------+---------+---------+
       Total:                        1838   228       40     
                                                             
    C:\ti\ccsv8\tools\compiler\ti-cgt-arm_18.1.1.LTS\lib\rtsv7M4_T_le_v4SPD16_eabi.lib
       memcpy_t2.asm.obj             156    0         0      
       copy_decompress_lzss.c.obj    104    0         0      
       autoinit.c.obj                68     0         0      
       boot_cortex_m.c.obj           56     0         0      
       copy_zero_init.c.obj          18     0         0      
       copy_decompress_none.c.obj    14     0         0      
       exit.c.obj                    4      0         0      
       pre_init.c.obj                4      0         0      
    +--+-----------------------------+------+---------+---------+
       Total:                        424    0         0      
                                                             
       Stack:                        0      0         1024   
       Linker Generated:             0      47        0      
    +--+-----------------------------+------+---------+---------+
       Grand Total:                  2262   275       1064   


LINKER GENERATED COPY TABLES

__TI_cinit_table @ 000009e0 records: 2, size/record: 8, table size: 16
	.data: load addr=000009cc, load size=0000000b bytes, run addr=20000000, run size=00000010 bytes, compression=lzss
	.bss: load addr=000009d8, load size=00000008 bytes, run addr=20000010, run size=00000004 bytes, compression=zero_init


LINKER GENERATED HANDLER TABLE

__TI_handler_table @ 000009c0 records: 3, size/record: 4, table size: 12
	index: 0, handler: __TI_decompress_lzss
	index: 1, handler: __TI_decompress_none
	index: 2, handler: __TI_zero_init


GLOBAL SYMBOLS: SORTED ALPHABETICALLY BY Name 

address   name                          
-------   ----                          
000005ab  ADC14_IRQHandler              
000005ab  ADC14_IRQHandler              
00000419  ADC_INIT                      
000009b1  AES256_IRQHandler             
000009b1  BusFault_Handler              
000009b7  C$$EXIT                       
000009b1  COMP_E0_IRQHandler            
000009b1  COMP_E1_IRQHandler            
000009b1  CS_IRQHandler                 
000009b1  DMA_ERR_IRQHandler            
000009b1  DMA_INT0_IRQHandler           
000009b1  DMA_INT1_IRQHandler           
000009b1  DMA_INT2_IRQHandler           
000009b1  DMA_INT3_IRQHandler           
000009b1  DebugMon_Handler              
000009b1  Default_Handler               
0000076d  EUSCIA0_IRQHandler            
0000076d  EUSCIA0_IRQHandler            
000009b1  EUSCIA1_IRQHandler            
000009b1  EUSCIA2_IRQHandler            
000009b1  EUSCIA3_IRQHandler            
000009b1  EUSCIB0_IRQHandler            
000009b1  EUSCIB1_IRQHandler            
000009b1  EUSCIB2_IRQHandler            
000009b1  EUSCIB3_IRQHandler            
000009b1  FLCTL_IRQHandler              
000009b1  FPU_IRQHandler                
000009b1  HardFault_Handler             
000009b1  MemManage_Handler             
000009b1  NMI_Handler                   
000009b1  PCM_IRQHandler                
000009b1  PORT1_IRQHandler              
000009b1  PORT2_IRQHandler              
000009b1  PORT3_IRQHandler              
000009b1  PORT4_IRQHandler              
000009b1  PORT5_IRQHandler              
000009b1  PORT6_IRQHandler              
000009b1  PSS_IRQHandler                
000009b1  PendSV_Handler                
000009b1  RTC_C_IRQHandler              
000009a5  Reset_Handler                 
000009b1  SVC_Handler                   
000009b1  SysTick_Handler               
2000000c  SystemCoreClock               
000000e5  SystemCoreClockUpdate         
0000035d  SystemInit                    
000009b1  T32_INT1_IRQHandler           
000009b1  T32_INT2_IRQHandler           
000009b1  T32_INTC_IRQHandler           
000009b1  TA0_0_IRQHandler              
000009b1  TA0_N_IRQHandler              
000009b1  TA1_0_IRQHandler              
000009b1  TA1_N_IRQHandler              
000009b1  TA2_0_IRQHandler              
000009b1  TA2_N_IRQHandler              
000009b1  TA3_0_IRQHandler              
000009b1  TA3_N_IRQHandler              
00000701  UART_INIT                     
000009b1  UsageFault_Handler            
4000480c  WDTCTL_SYM                    
000009b1  WDT_A_IRQHandler              
20010000  __STACK_END                   
00000200  __STACK_SIZE                  
000009e0  __TI_CINIT_Base               
000009f0  __TI_CINIT_Limit              
000009c0  __TI_Handler_Table_Base       
000009cc  __TI_Handler_Table_Limit      
000008c5  __TI_auto_init_nobinit_nopinit
0000085d  __TI_decompress_lzss          
00000997  __TI_decompress_none          
ffffffff  __TI_pprof_out_hndl           
ffffffff  __TI_prof_data_size           
ffffffff  __TI_prof_data_start          
00000000  __TI_static_base__            
00000985  __TI_zero_init_nomemset       
000007c1  __aeabi_memcpy                
000007c1  __aeabi_memcpy4               
000007c1  __aeabi_memcpy8               
ffffffff  __binit__                     
ffffffff  __c_args__                    
UNDEFED   __mpu_init                    
2000fe00  __stack                       
0000094d  _c_int00_noargs               
UNDEFED   _system_post_cinit            
000009b3  _system_pre_init              
000009b7  abort                         
20000010  anIn                          
ffffffff  binit                         
0000047b  calcVolt_ADC                  
00000469  clrIntFlag_ADC                
000006f3  clrIntFlag_UART               
20000008  dataReady_FLG                 
00000463  getIntFlag_ADC                
000006ed  getIntFlag_UART               
000006fb  getRXByte                     
00000000  interruptVectors              
00000909  main                          
000007c1  memcpy                        
00000751  sendByte_UART                 
00000555  sendVolt_ADC                  
000005e9  set_DCO                       


GLOBAL SYMBOLS: SORTED BY Symbol Address 

address   name                          
-------   ----                          
00000000  __TI_static_base__            
00000000  interruptVectors              
000000e5  SystemCoreClockUpdate         
00000200  __STACK_SIZE                  
0000035d  SystemInit                    
00000419  ADC_INIT                      
00000463  getIntFlag_ADC                
00000469  clrIntFlag_ADC                
0000047b  calcVolt_ADC                  
00000555  sendVolt_ADC                  
000005ab  ADC14_IRQHandler              
000005ab  ADC14_IRQHandler              
000005e9  set_DCO                       
000006ed  getIntFlag_UART               
000006f3  clrIntFlag_UART               
000006fb  getRXByte                     
00000701  UART_INIT                     
00000751  sendByte_UART                 
0000076d  EUSCIA0_IRQHandler            
0000076d  EUSCIA0_IRQHandler            
000007c1  __aeabi_memcpy                
000007c1  __aeabi_memcpy4               
000007c1  __aeabi_memcpy8               
000007c1  memcpy                        
0000085d  __TI_decompress_lzss          
000008c5  __TI_auto_init_nobinit_nopinit
00000909  main                          
0000094d  _c_int00_noargs               
00000985  __TI_zero_init_nomemset       
00000997  __TI_decompress_none          
000009a5  Reset_Handler                 
000009b1  AES256_IRQHandler             
000009b1  BusFault_Handler              
000009b1  COMP_E0_IRQHandler            
000009b1  COMP_E1_IRQHandler            
000009b1  CS_IRQHandler                 
000009b1  DMA_ERR_IRQHandler            
000009b1  DMA_INT0_IRQHandler           
000009b1  DMA_INT1_IRQHandler           
000009b1  DMA_INT2_IRQHandler           
000009b1  DMA_INT3_IRQHandler           
000009b1  DebugMon_Handler              
000009b1  Default_Handler               
000009b1  EUSCIA1_IRQHandler            
000009b1  EUSCIA2_IRQHandler            
000009b1  EUSCIA3_IRQHandler            
000009b1  EUSCIB0_IRQHandler            
000009b1  EUSCIB1_IRQHandler            
000009b1  EUSCIB2_IRQHandler            
000009b1  EUSCIB3_IRQHandler            
000009b1  FLCTL_IRQHandler              
000009b1  FPU_IRQHandler                
000009b1  HardFault_Handler             
000009b1  MemManage_Handler             
000009b1  NMI_Handler                   
000009b1  PCM_IRQHandler                
000009b1  PORT1_IRQHandler              
000009b1  PORT2_IRQHandler              
000009b1  PORT3_IRQHandler              
000009b1  PORT4_IRQHandler              
000009b1  PORT5_IRQHandler              
000009b1  PORT6_IRQHandler              
000009b1  PSS_IRQHandler                
000009b1  PendSV_Handler                
000009b1  RTC_C_IRQHandler              
000009b1  SVC_Handler                   
000009b1  SysTick_Handler               
000009b1  T32_INT1_IRQHandler           
000009b1  T32_INT2_IRQHandler           
000009b1  T32_INTC_IRQHandler           
000009b1  TA0_0_IRQHandler              
000009b1  TA0_N_IRQHandler              
000009b1  TA1_0_IRQHandler              
000009b1  TA1_N_IRQHandler              
000009b1  TA2_0_IRQHandler              
000009b1  TA2_N_IRQHandler              
000009b1  TA3_0_IRQHandler              
000009b1  TA3_N_IRQHandler              
000009b1  UsageFault_Handler            
000009b1  WDT_A_IRQHandler              
000009b3  _system_pre_init              
000009b7  C$$EXIT                       
000009b7  abort                         
000009c0  __TI_Handler_Table_Base       
000009cc  __TI_Handler_Table_Limit      
000009e0  __TI_CINIT_Base               
000009f0  __TI_CINIT_Limit              
20000008  dataReady_FLG                 
2000000c  SystemCoreClock               
20000010  anIn                          
2000fe00  __stack                       
20010000  __STACK_END                   
4000480c  WDTCTL_SYM                    
ffffffff  __TI_pprof_out_hndl           
ffffffff  __TI_prof_data_size           
ffffffff  __TI_prof_data_start          
ffffffff  __binit__                     
ffffffff  __c_args__                    
ffffffff  binit                         
UNDEFED   __mpu_init                    
UNDEFED   _system_post_cinit            

[101 symbols]
