<?xml version="1.0" encoding="ISO-8859-1" ?>
<link_info>
   <banner>TI ARM Linker PC v18.1.1.LTS</banner>
   <copyright>Copyright (c) 1996-2017 Texas Instruments Incorporated</copyright>
   <link_time>0x5af5f417</link_time>
   <link_errors>0x0</link_errors>
   <output_file>A9.out</output_file>
   <entry_point>
      <name>_c_int00_noargs</name>
      <address>0xc15</address>
   </entry_point>
   <input_file_list>
      <input_file id="fl-2">
         <path>.\</path>
         <kind>object</kind>
         <file>ADC.obj</file>
         <name>ADC.obj</name>
      </input_file>
      <input_file id="fl-3">
         <path>.\</path>
         <kind>object</kind>
         <file>UART.obj</file>
         <name>UART.obj</name>
      </input_file>
      <input_file id="fl-4">
         <path>.\</path>
         <kind>object</kind>
         <file>delays.obj</file>
         <name>delays.obj</name>
      </input_file>
      <input_file id="fl-5">
         <path>.\</path>
         <kind>object</kind>
         <file>main.obj</file>
         <name>main.obj</name>
      </input_file>
      <input_file id="fl-6">
         <path>.\</path>
         <kind>object</kind>
         <file>set_DCO.obj</file>
         <name>set_DCO.obj</name>
      </input_file>
      <input_file id="fl-7">
         <path>.\</path>
         <kind>object</kind>
         <file>startup_msp432p401r_ccs.obj</file>
         <name>startup_msp432p401r_ccs.obj</name>
      </input_file>
      <input_file id="fl-8">
         <path>.\</path>
         <kind>object</kind>
         <file>system_msp432p401r.obj</file>
         <name>system_msp432p401r.obj</name>
      </input_file>
      <input_file id="fl-c">
         <kind>object</kind>
         <file>&lt;internal&gt;</file>
         <name>&lt;internal&gt;</name>
      </input_file>
      <input_file id="fl-c2">
         <path>C:\ti\ccsv8\tools\compiler\ti-cgt-arm_18.1.1.LTS\lib\</path>
         <kind>archive</kind>
         <file>rtsv7M4_T_le_v4SPD16_eabi.lib</file>
         <name>copy_zero_init.c.obj</name>
      </input_file>
      <input_file id="fl-c3">
         <path>C:\ti\ccsv8\tools\compiler\ti-cgt-arm_18.1.1.LTS\lib\</path>
         <kind>archive</kind>
         <file>rtsv7M4_T_le_v4SPD16_eabi.lib</file>
         <name>copy_decompress_none.c.obj</name>
      </input_file>
      <input_file id="fl-c4">
         <path>C:\ti\ccsv8\tools\compiler\ti-cgt-arm_18.1.1.LTS\lib\</path>
         <kind>archive</kind>
         <file>rtsv7M4_T_le_v4SPD16_eabi.lib</file>
         <name>copy_decompress_lzss.c.obj</name>
      </input_file>
      <input_file id="fl-c5">
         <path>C:\ti\ccsv8\tools\compiler\ti-cgt-arm_18.1.1.LTS\lib\</path>
         <kind>archive</kind>
         <file>rtsv7M4_T_le_v4SPD16_eabi.lib</file>
         <name>boot_cortex_m.c.obj</name>
      </input_file>
      <input_file id="fl-c6">
         <path>C:\ti\ccsv8\tools\compiler\ti-cgt-arm_18.1.1.LTS\lib\</path>
         <kind>archive</kind>
         <file>rtsv7M4_T_le_v4SPD16_eabi.lib</file>
         <name>exit.c.obj</name>
      </input_file>
      <input_file id="fl-c7">
         <path>C:\ti\ccsv8\tools\compiler\ti-cgt-arm_18.1.1.LTS\lib\</path>
         <kind>archive</kind>
         <file>rtsv7M4_T_le_v4SPD16_eabi.lib</file>
         <name>_lock.c.obj</name>
      </input_file>
      <input_file id="fl-c8">
         <path>C:\ti\ccsv8\tools\compiler\ti-cgt-arm_18.1.1.LTS\lib\</path>
         <kind>archive</kind>
         <file>rtsv7M4_T_le_v4SPD16_eabi.lib</file>
         <name>args_main.c.obj</name>
      </input_file>
      <input_file id="fl-c9">
         <path>C:\ti\ccsv8\tools\compiler\ti-cgt-arm_18.1.1.LTS\lib\</path>
         <kind>archive</kind>
         <file>rtsv7M4_T_le_v4SPD16_eabi.lib</file>
         <name>memcpy_t2.asm.obj</name>
      </input_file>
      <input_file id="fl-ca">
         <path>C:\ti\ccsv8\tools\compiler\ti-cgt-arm_18.1.1.LTS\lib\</path>
         <kind>archive</kind>
         <file>rtsv7M4_T_le_v4SPD16_eabi.lib</file>
         <name>memset_t2.asm.obj</name>
      </input_file>
      <input_file id="fl-cb">
         <path>C:\ti\ccsv8\tools\compiler\ti-cgt-arm_18.1.1.LTS\lib\</path>
         <kind>archive</kind>
         <file>rtsv7M4_T_le_v4SPD16_eabi.lib</file>
         <name>autoinit.c.obj</name>
      </input_file>
      <input_file id="fl-cc">
         <path>C:\ti\ccsv8\tools\compiler\ti-cgt-arm_18.1.1.LTS\lib\</path>
         <kind>archive</kind>
         <file>rtsv7M4_T_le_v4SPD16_eabi.lib</file>
         <name>pre_init.c.obj</name>
      </input_file>
      <input_file id="fl-cd">
         <path>C:\ti\ccsv8\tools\compiler\ti-cgt-arm_18.1.1.LTS\lib\</path>
         <kind>archive</kind>
         <file>rtsv7M4_T_le_v4SPD16_eabi.lib</file>
         <name>cpy_tbl.c.obj</name>
      </input_file>
   </input_file_list>
   <object_component_list>
      <object_component id="oc-23">
         <name>.intvecs:retain</name>
         <load_address>0x0</load_address>
         <run_address>0x0</run_address>
         <size>0xe4</size>
         <input_file_ref idref="fl-7"/>
      </object_component>
      <object_component id="oc-ae">
         <name>.text</name>
         <load_address>0xe4</load_address>
         <run_address>0xe4</run_address>
         <size>0x334</size>
         <input_file_ref idref="fl-8"/>
      </object_component>
      <object_component id="oc-e2">
         <name>.text</name>
         <load_address>0x418</load_address>
         <run_address>0x418</run_address>
         <size>0x290</size>
         <input_file_ref idref="fl-4"/>
      </object_component>
      <object_component id="oc-70">
         <name>.text</name>
         <load_address>0x6a8</load_address>
         <run_address>0x6a8</run_address>
         <size>0x1fc</size>
         <input_file_ref idref="fl-2"/>
      </object_component>
      <object_component id="oc-dc">
         <name>.text</name>
         <load_address>0x8a4</load_address>
         <run_address>0x8a4</run_address>
         <size>0x104</size>
         <input_file_ref idref="fl-6"/>
      </object_component>
      <object_component id="oc-6a">
         <name>.text</name>
         <load_address>0x9a8</load_address>
         <run_address>0x9a8</run_address>
         <size>0xd4</size>
         <input_file_ref idref="fl-3"/>
      </object_component>
      <object_component id="oc-34">
         <name>.text</name>
         <load_address>0xa7c</load_address>
         <run_address>0xa7c</run_address>
         <size>0x9c</size>
         <input_file_ref idref="fl-c9"/>
      </object_component>
      <object_component id="oc-14">
         <name>.text:decompress:lzss:__TI_decompress_lzss</name>
         <load_address>0xb18</load_address>
         <run_address>0xb18</run_address>
         <size>0x68</size>
         <input_file_ref idref="fl-c4"/>
      </object_component>
      <object_component id="oc-9c">
         <name>.text</name>
         <load_address>0xb80</load_address>
         <run_address>0xb80</run_address>
         <size>0x50</size>
         <input_file_ref idref="fl-5"/>
      </object_component>
      <object_component id="oc-f5">
         <name>.text:__TI_auto_init_nobinit_nopinit:__TI_auto_init_nobinit_nopinit</name>
         <load_address>0xbd0</load_address>
         <run_address>0xbd0</run_address>
         <size>0x44</size>
         <input_file_ref idref="fl-cb"/>
      </object_component>
      <object_component id="oc-52">
         <name>.text:_c_int00_noargs:_c_int00_noargs</name>
         <load_address>0xc14</load_address>
         <run_address>0xc14</run_address>
         <size>0x38</size>
         <input_file_ref idref="fl-c5"/>
      </object_component>
      <object_component id="oc-40">
         <name>.text:decompress:ZI:__TI_zero_init_nomemset:__TI_zero_init_nomemset</name>
         <load_address>0xc4c</load_address>
         <run_address>0xc4c</run_address>
         <size>0x12</size>
         <input_file_ref idref="fl-c2"/>
      </object_component>
      <object_component id="oc-1a">
         <name>.text:decompress:none:__TI_decompress_none</name>
         <load_address>0xc5e</load_address>
         <run_address>0xc5e</run_address>
         <size>0xe</size>
         <input_file_ref idref="fl-c3"/>
      </object_component>
      <object_component id="oc-64">
         <name>.text</name>
         <load_address>0xc6c</load_address>
         <run_address>0xc6c</run_address>
         <size>0xe</size>
         <input_file_ref idref="fl-7"/>
      </object_component>
      <object_component id="oc-96">
         <name>.text:_system_pre_init</name>
         <load_address>0xc7a</load_address>
         <run_address>0xc7a</run_address>
         <size>0x4</size>
         <input_file_ref idref="fl-cc"/>
      </object_component>
      <object_component id="oc-e9">
         <name>.text:abort:abort</name>
         <load_address>0xc7e</load_address>
         <run_address>0xc7e</run_address>
         <size>0x4</size>
         <input_file_ref idref="fl-c6"/>
      </object_component>
      <object_component id="oc-1c1">
         <name>__TI_handler_table</name>
         <load_address>0xc88</load_address>
         <run_address>0xc88</run_address>
         <size>0xc</size>
      </object_component>
      <object_component id="oc-1c3">
         <name>.cinit..data.load</name>
         <load_address>0xc94</load_address>
         <run_address>0xc94</run_address>
         <size>0xb</size>
      </object_component>
      <object_component id="oc-1c4">
         <name>.cinit..bss.load</name>
         <load_address>0xca0</load_address>
         <run_address>0xca0</run_address>
         <size>0x8</size>
      </object_component>
      <object_component id="oc-1c2">
         <name>__TI_cinit_table</name>
         <load_address>0xca8</load_address>
         <run_address>0xca8</run_address>
         <size>0x10</size>
      </object_component>
      <object_component id="oc-196">
         <name>.binit</name>
         <load_address>0x0</load_address>
         <run_address>0x0</run_address>
         <size>0x0</size>
      </object_component>
      <object_component id="oc-be">
         <name>.data</name>
         <load_address>0x20000008</load_address>
         <run_address>0x20000008</run_address>
         <size>0x4</size>
         <input_file_ref idref="fl-2"/>
      </object_component>
      <object_component id="oc-b5">
         <name>.data</name>
         <load_address>0x20000000</load_address>
         <run_address>0x20000000</run_address>
         <size>0x8</size>
         <input_file_ref idref="fl-3"/>
      </object_component>
      <object_component id="oc-127">
         <name>.data</name>
         <load_address>0x2000000c</load_address>
         <run_address>0x2000000c</run_address>
         <size>0x4</size>
         <input_file_ref idref="fl-8"/>
      </object_component>
      <object_component id="oc-c1">
         <name>.common:anIn</name>
         <uninitialized>true</uninitialized>
         <run_address>0x20000010</run_address>
         <size>0x4</size>
      </object_component>
      <object_component id="oc-26">
         <name>.stack</name>
         <uninitialized>true</uninitialized>
         <run_address>0x2000fe00</run_address>
         <size>0x4</size>
         <input_file_ref idref="fl-c5"/>
      </object_component>
      <object_component id="oc-1c5">
         <name>.stack</name>
         <uninitialized>true</uninitialized>
         <run_address>0x2000fe00</run_address>
         <size>0x0</size>
      </object_component>
      <object_component id="oc-c2">
         <name>.debug_info</name>
         <load_address>0x0</load_address>
         <run_address>0x0</run_address>
         <size>0x58e</size>
         <input_file_ref idref="fl-2"/>
      </object_component>
      <object_component id="oc-bf">
         <name>.debug_info</name>
         <load_address>0x58e</load_address>
         <run_address>0x58e</run_address>
         <size>0x106</size>
         <input_file_ref idref="fl-2"/>
      </object_component>
      <object_component id="oc-71">
         <name>.debug_info</name>
         <load_address>0x694</load_address>
         <run_address>0x694</run_address>
         <size>0x3d8</size>
         <input_file_ref idref="fl-2"/>
      </object_component>
      <object_component id="oc-136">
         <name>.debug_info</name>
         <load_address>0xa6c</load_address>
         <run_address>0xa6c</run_address>
         <size>0x37e2</size>
         <input_file_ref idref="fl-2"/>
      </object_component>
      <object_component id="oc-13b">
         <name>.debug_info</name>
         <load_address>0x424e</load_address>
         <run_address>0x424e</run_address>
         <size>0x1055</size>
         <input_file_ref idref="fl-2"/>
      </object_component>
      <object_component id="oc-c7">
         <name>.debug_info</name>
         <load_address>0x52a3</load_address>
         <run_address>0x52a3</run_address>
         <size>0x26b</size>
         <input_file_ref idref="fl-2"/>
      </object_component>
      <object_component id="oc-2f">
         <name>.debug_info</name>
         <load_address>0x550e</load_address>
         <run_address>0x550e</run_address>
         <size>0x84</size>
         <input_file_ref idref="fl-2"/>
      </object_component>
      <object_component id="oc-12d">
         <name>.debug_info</name>
         <load_address>0x5592</load_address>
         <run_address>0x5592</run_address>
         <size>0x297</size>
         <input_file_ref idref="fl-2"/>
      </object_component>
      <object_component id="oc-b9">
         <name>.debug_info</name>
         <load_address>0x5829</load_address>
         <run_address>0x5829</run_address>
         <size>0xbb</size>
         <input_file_ref idref="fl-2"/>
      </object_component>
      <object_component id="oc-b6">
         <name>.debug_info</name>
         <load_address>0x58e4</load_address>
         <run_address>0x58e4</run_address>
         <size>0x118</size>
         <input_file_ref idref="fl-3"/>
      </object_component>
      <object_component id="oc-6c">
         <name>.debug_info</name>
         <load_address>0x59fc</load_address>
         <run_address>0x59fc</run_address>
         <size>0x2eb</size>
         <input_file_ref idref="fl-3"/>
      </object_component>
      <object_component id="oc-e6">
         <name>.debug_info</name>
         <load_address>0x5ce7</load_address>
         <run_address>0x5ce7</run_address>
         <size>0x28a</size>
         <input_file_ref idref="fl-4"/>
      </object_component>
      <object_component id="oc-9d">
         <name>.debug_info</name>
         <load_address>0x5f71</load_address>
         <run_address>0x5f71</run_address>
         <size>0x1e5</size>
         <input_file_ref idref="fl-5"/>
      </object_component>
      <object_component id="oc-de">
         <name>.debug_info</name>
         <load_address>0x6156</load_address>
         <run_address>0x6156</run_address>
         <size>0x151</size>
         <input_file_ref idref="fl-6"/>
      </object_component>
      <object_component id="oc-78">
         <name>.debug_info</name>
         <load_address>0x62a7</load_address>
         <run_address>0x62a7</run_address>
         <size>0x2f4</size>
         <input_file_ref idref="fl-7"/>
      </object_component>
      <object_component id="oc-24">
         <name>.debug_info</name>
         <load_address>0x659b</load_address>
         <run_address>0x659b</run_address>
         <size>0x120</size>
         <input_file_ref idref="fl-7"/>
      </object_component>
      <object_component id="oc-66">
         <name>.debug_info</name>
         <load_address>0x66bb</load_address>
         <run_address>0x66bb</run_address>
         <size>0x1e7</size>
         <input_file_ref idref="fl-7"/>
      </object_component>
      <object_component id="oc-128">
         <name>.debug_info</name>
         <load_address>0x68a2</load_address>
         <run_address>0x68a2</run_address>
         <size>0x119</size>
         <input_file_ref idref="fl-8"/>
      </object_component>
      <object_component id="oc-af">
         <name>.debug_info</name>
         <load_address>0x69bb</load_address>
         <run_address>0x69bb</run_address>
         <size>0x28b</size>
         <input_file_ref idref="fl-8"/>
      </object_component>
      <object_component id="oc-8f">
         <name>.debug_info</name>
         <load_address>0x6c46</load_address>
         <run_address>0x6c46</run_address>
         <size>0x313</size>
         <input_file_ref idref="fl-c2"/>
      </object_component>
      <object_component id="oc-42">
         <name>.debug_info</name>
         <load_address>0x6f59</load_address>
         <run_address>0x6f59</run_address>
         <size>0x1b4</size>
         <input_file_ref idref="fl-c2"/>
      </object_component>
      <object_component id="oc-8a">
         <name>.debug_info</name>
         <load_address>0x710d</load_address>
         <run_address>0x710d</run_address>
         <size>0x46</size>
         <input_file_ref idref="fl-c2"/>
      </object_component>
      <object_component id="oc-d3">
         <name>.debug_info</name>
         <load_address>0x7153</load_address>
         <run_address>0x7153</run_address>
         <size>0x2c</size>
         <input_file_ref idref="fl-c2"/>
      </object_component>
      <object_component id="oc-3f">
         <name>.debug_info</name>
         <load_address>0x717f</load_address>
         <run_address>0x717f</run_address>
         <size>0x29d</size>
         <input_file_ref idref="fl-c3"/>
      </object_component>
      <object_component id="oc-1b">
         <name>.debug_info</name>
         <load_address>0x741c</load_address>
         <run_address>0x741c</run_address>
         <size>0x1df</size>
         <input_file_ref idref="fl-c3"/>
      </object_component>
      <object_component id="oc-3a">
         <name>.debug_info</name>
         <load_address>0x75fb</load_address>
         <run_address>0x75fb</run_address>
         <size>0x46</size>
         <input_file_ref idref="fl-c3"/>
      </object_component>
      <object_component id="oc-82">
         <name>.debug_info</name>
         <load_address>0x7641</load_address>
         <run_address>0x7641</run_address>
         <size>0x2c</size>
         <input_file_ref idref="fl-c3"/>
      </object_component>
      <object_component id="oc-80">
         <name>.debug_info</name>
         <load_address>0x766d</load_address>
         <run_address>0x766d</run_address>
         <size>0x293</size>
         <input_file_ref idref="fl-c4"/>
      </object_component>
      <object_component id="oc-15">
         <name>.debug_info</name>
         <load_address>0x7900</load_address>
         <run_address>0x7900</run_address>
         <size>0x245</size>
         <input_file_ref idref="fl-c4"/>
      </object_component>
      <object_component id="oc-2a">
         <name>.debug_info</name>
         <load_address>0x7b45</load_address>
         <run_address>0x7b45</run_address>
         <size>0x60</size>
         <input_file_ref idref="fl-c4"/>
      </object_component>
      <object_component id="oc-cc">
         <name>.debug_info</name>
         <load_address>0x7ba5</load_address>
         <run_address>0x7ba5</run_address>
         <size>0x46</size>
         <input_file_ref idref="fl-c4"/>
      </object_component>
      <object_component id="oc-7b">
         <name>.debug_info</name>
         <load_address>0x7beb</load_address>
         <run_address>0x7beb</run_address>
         <size>0x39</size>
         <input_file_ref idref="fl-c4"/>
      </object_component>
      <object_component id="oc-27">
         <name>.debug_info</name>
         <load_address>0x7c24</load_address>
         <run_address>0x7c24</run_address>
         <size>0x100</size>
         <input_file_ref idref="fl-c5"/>
      </object_component>
      <object_component id="oc-54">
         <name>.debug_info</name>
         <load_address>0x7d24</load_address>
         <run_address>0x7d24</run_address>
         <size>0x1a4</size>
         <input_file_ref idref="fl-c5"/>
      </object_component>
      <object_component id="oc-ed">
         <name>.debug_info</name>
         <load_address>0x7ec8</load_address>
         <run_address>0x7ec8</run_address>
         <size>0x117</size>
         <input_file_ref idref="fl-c6"/>
      </object_component>
      <object_component id="oc-35">
         <name>.debug_info</name>
         <load_address>0x7fdf</load_address>
         <run_address>0x7fdf</run_address>
         <size>0x111</size>
         <input_file_ref idref="fl-c9"/>
      </object_component>
      <object_component id="oc-14d">
         <name>.debug_info</name>
         <load_address>0x80f0</load_address>
         <run_address>0x80f0</run_address>
         <size>0x547</size>
         <input_file_ref idref="fl-cb"/>
      </object_component>
      <object_component id="oc-f9">
         <name>.debug_info</name>
         <load_address>0x8637</load_address>
         <run_address>0x8637</run_address>
         <size>0x19b</size>
         <input_file_ref idref="fl-cb"/>
      </object_component>
      <object_component id="oc-174">
         <name>.debug_info</name>
         <load_address>0x87d2</load_address>
         <run_address>0x87d2</run_address>
         <size>0x39</size>
         <input_file_ref idref="fl-cb"/>
      </object_component>
      <object_component id="oc-188">
         <name>.debug_info</name>
         <load_address>0x880b</load_address>
         <run_address>0x880b</run_address>
         <size>0x39</size>
         <input_file_ref idref="fl-cb"/>
      </object_component>
      <object_component id="oc-179">
         <name>.debug_info</name>
         <load_address>0x8844</load_address>
         <run_address>0x8844</run_address>
         <size>0x39</size>
         <input_file_ref idref="fl-cb"/>
      </object_component>
      <object_component id="oc-17e">
         <name>.debug_info</name>
         <load_address>0x887d</load_address>
         <run_address>0x887d</run_address>
         <size>0xcd</size>
         <input_file_ref idref="fl-cb"/>
      </object_component>
      <object_component id="oc-99">
         <name>.debug_info</name>
         <load_address>0x894a</load_address>
         <run_address>0x894a</run_address>
         <size>0x148</size>
         <input_file_ref idref="fl-cc"/>
      </object_component>
      <object_component id="oc-1c6">
         <name>.debug_info</name>
         <load_address>0x8a92</load_address>
         <run_address>0x8a92</run_address>
         <size>0xcf</size>
      </object_component>
      <object_component id="oc-135">
         <name>.debug_line</name>
         <load_address>0x0</load_address>
         <run_address>0x0</run_address>
         <size>0x39</size>
         <input_file_ref idref="fl-2"/>
      </object_component>
      <object_component id="oc-133">
         <name>.debug_line</name>
         <load_address>0x39</load_address>
         <run_address>0x39</run_address>
         <size>0x2c</size>
         <input_file_ref idref="fl-2"/>
      </object_component>
      <object_component id="oc-74">
         <name>.debug_line</name>
         <load_address>0x65</load_address>
         <run_address>0x65</run_address>
         <size>0x11e</size>
         <input_file_ref idref="fl-2"/>
      </object_component>
      <object_component id="oc-139">
         <name>.debug_line</name>
         <load_address>0x183</load_address>
         <run_address>0x183</run_address>
         <size>0x52</size>
         <input_file_ref idref="fl-2"/>
      </object_component>
      <object_component id="oc-13e">
         <name>.debug_line</name>
         <load_address>0x1d5</load_address>
         <run_address>0x1d5</run_address>
         <size>0x55</size>
         <input_file_ref idref="fl-2"/>
      </object_component>
      <object_component id="oc-ca">
         <name>.debug_line</name>
         <load_address>0x22a</load_address>
         <run_address>0x22a</run_address>
         <size>0x69</size>
         <input_file_ref idref="fl-2"/>
      </object_component>
      <object_component id="oc-32">
         <name>.debug_line</name>
         <load_address>0x293</load_address>
         <run_address>0x293</run_address>
         <size>0x20</size>
         <input_file_ref idref="fl-2"/>
      </object_component>
      <object_component id="oc-130">
         <name>.debug_line</name>
         <load_address>0x2b3</load_address>
         <run_address>0x2b3</run_address>
         <size>0x6d</size>
         <input_file_ref idref="fl-2"/>
      </object_component>
      <object_component id="oc-bc">
         <name>.debug_line</name>
         <load_address>0x320</load_address>
         <run_address>0x320</run_address>
         <size>0x6a</size>
         <input_file_ref idref="fl-2"/>
      </object_component>
      <object_component id="oc-12c">
         <name>.debug_line</name>
         <load_address>0x38a</load_address>
         <run_address>0x38a</run_address>
         <size>0x2d</size>
         <input_file_ref idref="fl-3"/>
      </object_component>
      <object_component id="oc-6b">
         <name>.debug_line</name>
         <load_address>0x3b7</load_address>
         <run_address>0x3b7</run_address>
         <size>0xd8</size>
         <input_file_ref idref="fl-3"/>
      </object_component>
      <object_component id="oc-e3">
         <name>.debug_line</name>
         <load_address>0x48f</load_address>
         <run_address>0x48f</run_address>
         <size>0x170</size>
         <input_file_ref idref="fl-4"/>
      </object_component>
      <object_component id="oc-a0">
         <name>.debug_line</name>
         <load_address>0x5ff</load_address>
         <run_address>0x5ff</run_address>
         <size>0x5c</size>
         <input_file_ref idref="fl-5"/>
      </object_component>
      <object_component id="oc-dd">
         <name>.debug_line</name>
         <load_address>0x65b</load_address>
         <run_address>0x65b</run_address>
         <size>0x6f</size>
         <input_file_ref idref="fl-6"/>
      </object_component>
      <object_component id="oc-c6">
         <name>.debug_line</name>
         <load_address>0x6ca</load_address>
         <run_address>0x6ca</run_address>
         <size>0x40</size>
         <input_file_ref idref="fl-7"/>
      </object_component>
      <object_component id="oc-77">
         <name>.debug_line</name>
         <load_address>0x70a</load_address>
         <run_address>0x70a</run_address>
         <size>0x40</size>
         <input_file_ref idref="fl-7"/>
      </object_component>
      <object_component id="oc-68">
         <name>.debug_line</name>
         <load_address>0x74a</load_address>
         <run_address>0x74a</run_address>
         <size>0x71</size>
         <input_file_ref idref="fl-7"/>
      </object_component>
      <object_component id="oc-163">
         <name>.debug_line</name>
         <load_address>0x7bb</load_address>
         <run_address>0x7bb</run_address>
         <size>0x3b</size>
         <input_file_ref idref="fl-8"/>
      </object_component>
      <object_component id="oc-b3">
         <name>.debug_line</name>
         <load_address>0x7f6</load_address>
         <run_address>0x7f6</run_address>
         <size>0x159</size>
         <input_file_ref idref="fl-8"/>
      </object_component>
      <object_component id="oc-d9">
         <name>.debug_line</name>
         <load_address>0x94f</load_address>
         <run_address>0x94f</run_address>
         <size>0x9e</size>
         <input_file_ref idref="fl-c2"/>
      </object_component>
      <object_component id="oc-45">
         <name>.debug_line</name>
         <load_address>0x9ed</load_address>
         <run_address>0x9ed</run_address>
         <size>0x4f</size>
         <input_file_ref idref="fl-c2"/>
      </object_component>
      <object_component id="oc-8d">
         <name>.debug_line</name>
         <load_address>0xa3c</load_address>
         <run_address>0xa3c</run_address>
         <size>0x34</size>
         <input_file_ref idref="fl-c2"/>
      </object_component>
      <object_component id="oc-d6">
         <name>.debug_line</name>
         <load_address>0xa70</load_address>
         <run_address>0xa70</run_address>
         <size>0x8a</size>
         <input_file_ref idref="fl-c2"/>
      </object_component>
      <object_component id="oc-88">
         <name>.debug_line</name>
         <load_address>0xafa</load_address>
         <run_address>0xafa</run_address>
         <size>0x20</size>
         <input_file_ref idref="fl-c3"/>
      </object_component>
      <object_component id="oc-1f">
         <name>.debug_line</name>
         <load_address>0xb1a</load_address>
         <run_address>0xb1a</run_address>
         <size>0x55</size>
         <input_file_ref idref="fl-c3"/>
      </object_component>
      <object_component id="oc-3d">
         <name>.debug_line</name>
         <load_address>0xb6f</load_address>
         <run_address>0xb6f</run_address>
         <size>0x3a</size>
         <input_file_ref idref="fl-c3"/>
      </object_component>
      <object_component id="oc-85">
         <name>.debug_line</name>
         <load_address>0xba9</load_address>
         <run_address>0xba9</run_address>
         <size>0x8a</size>
         <input_file_ref idref="fl-c3"/>
      </object_component>
      <object_component id="oc-d2">
         <name>.debug_line</name>
         <load_address>0xc33</load_address>
         <run_address>0xc33</run_address>
         <size>0x20</size>
         <input_file_ref idref="fl-c4"/>
      </object_component>
      <object_component id="oc-19">
         <name>.debug_line</name>
         <load_address>0xc53</load_address>
         <run_address>0xc53</run_address>
         <size>0xa9</size>
         <input_file_ref idref="fl-c4"/>
      </object_component>
      <object_component id="oc-2d">
         <name>.debug_line</name>
         <load_address>0xcfc</load_address>
         <run_address>0xcfc</run_address>
         <size>0x3a</size>
         <input_file_ref idref="fl-c4"/>
      </object_component>
      <object_component id="oc-cf">
         <name>.debug_line</name>
         <load_address>0xd36</load_address>
         <run_address>0xd36</run_address>
         <size>0x92</size>
         <input_file_ref idref="fl-c4"/>
      </object_component>
      <object_component id="oc-7e">
         <name>.debug_line</name>
         <load_address>0xdc8</load_address>
         <run_address>0xdc8</run_address>
         <size>0x8e</size>
         <input_file_ref idref="fl-c4"/>
      </object_component>
      <object_component id="oc-7a">
         <name>.debug_line</name>
         <load_address>0xe56</load_address>
         <run_address>0xe56</run_address>
         <size>0x33</size>
         <input_file_ref idref="fl-c5"/>
      </object_component>
      <object_component id="oc-57">
         <name>.debug_line</name>
         <load_address>0xe89</load_address>
         <run_address>0xe89</run_address>
         <size>0x56</size>
         <input_file_ref idref="fl-c5"/>
      </object_component>
      <object_component id="oc-eb">
         <name>.debug_line</name>
         <load_address>0xedf</load_address>
         <run_address>0xedf</run_address>
         <size>0x3c</size>
         <input_file_ref idref="fl-c6"/>
      </object_component>
      <object_component id="oc-38">
         <name>.debug_line</name>
         <load_address>0xf1b</load_address>
         <run_address>0xf1b</run_address>
         <size>0x88</size>
         <input_file_ref idref="fl-c9"/>
      </object_component>
      <object_component id="oc-173">
         <name>.debug_line</name>
         <load_address>0xfa3</load_address>
         <run_address>0xfa3</run_address>
         <size>0xb7</size>
         <input_file_ref idref="fl-cb"/>
      </object_component>
      <object_component id="oc-f8">
         <name>.debug_line</name>
         <load_address>0x105a</load_address>
         <run_address>0x105a</run_address>
         <size>0x6c</size>
         <input_file_ref idref="fl-cb"/>
      </object_component>
      <object_component id="oc-177">
         <name>.debug_line</name>
         <load_address>0x10c6</load_address>
         <run_address>0x10c6</run_address>
         <size>0x2e</size>
         <input_file_ref idref="fl-cb"/>
      </object_component>
      <object_component id="oc-18b">
         <name>.debug_line</name>
         <load_address>0x10f4</load_address>
         <run_address>0x10f4</run_address>
         <size>0x92</size>
         <input_file_ref idref="fl-cb"/>
      </object_component>
      <object_component id="oc-17c">
         <name>.debug_line</name>
         <load_address>0x1186</load_address>
         <run_address>0x1186</run_address>
         <size>0x8f</size>
         <input_file_ref idref="fl-cb"/>
      </object_component>
      <object_component id="oc-181">
         <name>.debug_line</name>
         <load_address>0x1215</load_address>
         <run_address>0x1215</run_address>
         <size>0x8b</size>
         <input_file_ref idref="fl-cb"/>
      </object_component>
      <object_component id="oc-97">
         <name>.debug_line</name>
         <load_address>0x12a0</load_address>
         <run_address>0x12a0</run_address>
         <size>0x40</size>
         <input_file_ref idref="fl-cc"/>
      </object_component>
      <object_component id="oc-75">
         <name>.debug_frame</name>
         <load_address>0x0</load_address>
         <run_address>0x0</run_address>
         <size>0xcc</size>
         <input_file_ref idref="fl-2"/>
      </object_component>
      <object_component id="oc-6f">
         <name>.debug_frame</name>
         <load_address>0xcc</load_address>
         <run_address>0xcc</run_address>
         <size>0xbc</size>
         <input_file_ref idref="fl-3"/>
      </object_component>
      <object_component id="oc-e5">
         <name>.debug_frame</name>
         <load_address>0x188</load_address>
         <run_address>0x188</run_address>
         <size>0x70</size>
         <input_file_ref idref="fl-4"/>
      </object_component>
      <object_component id="oc-a1">
         <name>.debug_frame</name>
         <load_address>0x1f8</load_address>
         <run_address>0x1f8</run_address>
         <size>0x5c</size>
         <input_file_ref idref="fl-5"/>
      </object_component>
      <object_component id="oc-e1">
         <name>.debug_frame</name>
         <load_address>0x254</load_address>
         <run_address>0x254</run_address>
         <size>0x58</size>
         <input_file_ref idref="fl-6"/>
      </object_component>
      <object_component id="oc-69">
         <name>.debug_frame</name>
         <load_address>0x2ac</load_address>
         <run_address>0x2ac</run_address>
         <size>0x6c</size>
         <input_file_ref idref="fl-7"/>
      </object_component>
      <object_component id="oc-b2">
         <name>.debug_frame</name>
         <load_address>0x318</load_address>
         <run_address>0x318</run_address>
         <size>0x70</size>
         <input_file_ref idref="fl-8"/>
      </object_component>
      <object_component id="oc-41">
         <name>.debug_frame</name>
         <load_address>0x388</load_address>
         <run_address>0x388</run_address>
         <size>0x54</size>
         <input_file_ref idref="fl-c2"/>
      </object_component>
      <object_component id="oc-1e">
         <name>.debug_frame</name>
         <load_address>0x3dc</load_address>
         <run_address>0x3dc</run_address>
         <size>0x54</size>
         <input_file_ref idref="fl-c3"/>
      </object_component>
      <object_component id="oc-18">
         <name>.debug_frame</name>
         <load_address>0x430</load_address>
         <run_address>0x430</run_address>
         <size>0x60</size>
         <input_file_ref idref="fl-c4"/>
      </object_component>
      <object_component id="oc-56">
         <name>.debug_frame</name>
         <load_address>0x490</load_address>
         <run_address>0x490</run_address>
         <size>0x58</size>
         <input_file_ref idref="fl-c5"/>
      </object_component>
      <object_component id="oc-ec">
         <name>.debug_frame</name>
         <load_address>0x4e8</load_address>
         <run_address>0x4e8</run_address>
         <size>0x54</size>
         <input_file_ref idref="fl-c6"/>
      </object_component>
      <object_component id="oc-f7">
         <name>.debug_frame</name>
         <load_address>0x53c</load_address>
         <run_address>0x53c</run_address>
         <size>0x5c</size>
         <input_file_ref idref="fl-cb"/>
      </object_component>
      <object_component id="oc-9b">
         <name>.debug_frame</name>
         <load_address>0x598</load_address>
         <run_address>0x598</run_address>
         <size>0x54</size>
         <input_file_ref idref="fl-cc"/>
      </object_component>
      <object_component id="oc-134">
         <name>.debug_abbrev</name>
         <load_address>0x0</load_address>
         <run_address>0x0</run_address>
         <size>0x9b</size>
         <input_file_ref idref="fl-2"/>
      </object_component>
      <object_component id="oc-132">
         <name>.debug_abbrev</name>
         <load_address>0x9b</load_address>
         <run_address>0x9b</run_address>
         <size>0x29</size>
         <input_file_ref idref="fl-2"/>
      </object_component>
      <object_component id="oc-c4">
         <name>.debug_abbrev</name>
         <load_address>0xc4</load_address>
         <run_address>0xc4</run_address>
         <size>0xa9</size>
         <input_file_ref idref="fl-2"/>
      </object_component>
      <object_component id="oc-138">
         <name>.debug_abbrev</name>
         <load_address>0x16d</load_address>
         <run_address>0x16d</run_address>
         <size>0xbd</size>
         <input_file_ref idref="fl-2"/>
      </object_component>
      <object_component id="oc-13d">
         <name>.debug_abbrev</name>
         <load_address>0x22a</load_address>
         <run_address>0x22a</run_address>
         <size>0x97</size>
         <input_file_ref idref="fl-2"/>
      </object_component>
      <object_component id="oc-c9">
         <name>.debug_abbrev</name>
         <load_address>0x2c1</load_address>
         <run_address>0x2c1</run_address>
         <size>0x69</size>
         <input_file_ref idref="fl-2"/>
      </object_component>
      <object_component id="oc-31">
         <name>.debug_abbrev</name>
         <load_address>0x32a</load_address>
         <run_address>0x32a</run_address>
         <size>0x1f</size>
         <input_file_ref idref="fl-2"/>
      </object_component>
      <object_component id="oc-12f">
         <name>.debug_abbrev</name>
         <load_address>0x349</load_address>
         <run_address>0x349</run_address>
         <size>0x5c</size>
         <input_file_ref idref="fl-2"/>
      </object_component>
      <object_component id="oc-bb">
         <name>.debug_abbrev</name>
         <load_address>0x3a5</load_address>
         <run_address>0x3a5</run_address>
         <size>0x24</size>
         <input_file_ref idref="fl-2"/>
      </object_component>
      <object_component id="oc-12b">
         <name>.debug_abbrev</name>
         <load_address>0x3c9</load_address>
         <run_address>0x3c9</run_address>
         <size>0x27</size>
         <input_file_ref idref="fl-3"/>
      </object_component>
      <object_component id="oc-b8">
         <name>.debug_abbrev</name>
         <load_address>0x3f0</load_address>
         <run_address>0x3f0</run_address>
         <size>0x9b</size>
         <input_file_ref idref="fl-3"/>
      </object_component>
      <object_component id="oc-141">
         <name>.debug_abbrev</name>
         <load_address>0x48b</load_address>
         <run_address>0x48b</run_address>
         <size>0x6c</size>
         <input_file_ref idref="fl-4"/>
      </object_component>
      <object_component id="oc-e8">
         <name>.debug_abbrev</name>
         <load_address>0x4f7</load_address>
         <run_address>0x4f7</run_address>
         <size>0x60</size>
         <input_file_ref idref="fl-5"/>
      </object_component>
      <object_component id="oc-140">
         <name>.debug_abbrev</name>
         <load_address>0x557</load_address>
         <run_address>0x557</run_address>
         <size>0x6c</size>
         <input_file_ref idref="fl-6"/>
      </object_component>
      <object_component id="oc-c5">
         <name>.debug_abbrev</name>
         <load_address>0x5c3</load_address>
         <run_address>0x5c3</run_address>
         <size>0x7c</size>
         <input_file_ref idref="fl-7"/>
      </object_component>
      <object_component id="oc-76">
         <name>.debug_abbrev</name>
         <load_address>0x63f</load_address>
         <run_address>0x63f</run_address>
         <size>0x29</size>
         <input_file_ref idref="fl-7"/>
      </object_component>
      <object_component id="oc-b4">
         <name>.debug_abbrev</name>
         <load_address>0x668</load_address>
         <run_address>0x668</run_address>
         <size>0x89</size>
         <input_file_ref idref="fl-7"/>
      </object_component>
      <object_component id="oc-162">
         <name>.debug_abbrev</name>
         <load_address>0x6f1</load_address>
         <run_address>0x6f1</run_address>
         <size>0x29</size>
         <input_file_ref idref="fl-8"/>
      </object_component>
      <object_component id="oc-12a">
         <name>.debug_abbrev</name>
         <load_address>0x71a</load_address>
         <run_address>0x71a</run_address>
         <size>0x8b</size>
         <input_file_ref idref="fl-8"/>
      </object_component>
      <object_component id="oc-d8">
         <name>.debug_abbrev</name>
         <load_address>0x7a5</load_address>
         <run_address>0x7a5</run_address>
         <size>0x73</size>
         <input_file_ref idref="fl-c2"/>
      </object_component>
      <object_component id="oc-89">
         <name>.debug_abbrev</name>
         <load_address>0x818</load_address>
         <run_address>0x818</run_address>
         <size>0x6f</size>
         <input_file_ref idref="fl-c2"/>
      </object_component>
      <object_component id="oc-8c">
         <name>.debug_abbrev</name>
         <load_address>0x887</load_address>
         <run_address>0x887</run_address>
         <size>0x24</size>
         <input_file_ref idref="fl-c2"/>
      </object_component>
      <object_component id="oc-d5">
         <name>.debug_abbrev</name>
         <load_address>0x8ab</load_address>
         <run_address>0x8ab</run_address>
         <size>0x24</size>
         <input_file_ref idref="fl-c2"/>
      </object_component>
      <object_component id="oc-87">
         <name>.debug_abbrev</name>
         <load_address>0x8cf</load_address>
         <run_address>0x8cf</run_address>
         <size>0x37</size>
         <input_file_ref idref="fl-c3"/>
      </object_component>
      <object_component id="oc-39">
         <name>.debug_abbrev</name>
         <load_address>0x906</load_address>
         <run_address>0x906</run_address>
         <size>0x74</size>
         <input_file_ref idref="fl-c3"/>
      </object_component>
      <object_component id="oc-3c">
         <name>.debug_abbrev</name>
         <load_address>0x97a</load_address>
         <run_address>0x97a</run_address>
         <size>0x24</size>
         <input_file_ref idref="fl-c3"/>
      </object_component>
      <object_component id="oc-84">
         <name>.debug_abbrev</name>
         <load_address>0x99e</load_address>
         <run_address>0x99e</run_address>
         <size>0x24</size>
         <input_file_ref idref="fl-c3"/>
      </object_component>
      <object_component id="oc-d1">
         <name>.debug_abbrev</name>
         <load_address>0x9c2</load_address>
         <run_address>0x9c2</run_address>
         <size>0x37</size>
         <input_file_ref idref="fl-c4"/>
      </object_component>
      <object_component id="oc-29">
         <name>.debug_abbrev</name>
         <load_address>0x9f9</load_address>
         <run_address>0x9f9</run_address>
         <size>0x6f</size>
         <input_file_ref idref="fl-c4"/>
      </object_component>
      <object_component id="oc-2c">
         <name>.debug_abbrev</name>
         <load_address>0xa68</load_address>
         <run_address>0xa68</run_address>
         <size>0x24</size>
         <input_file_ref idref="fl-c4"/>
      </object_component>
      <object_component id="oc-ce">
         <name>.debug_abbrev</name>
         <load_address>0xa8c</load_address>
         <run_address>0xa8c</run_address>
         <size>0x35</size>
         <input_file_ref idref="fl-c4"/>
      </object_component>
      <object_component id="oc-7d">
         <name>.debug_abbrev</name>
         <load_address>0xac1</load_address>
         <run_address>0xac1</run_address>
         <size>0x24</size>
         <input_file_ref idref="fl-c4"/>
      </object_component>
      <object_component id="oc-79">
         <name>.debug_abbrev</name>
         <load_address>0xae5</load_address>
         <run_address>0xae5</run_address>
         <size>0x29</size>
         <input_file_ref idref="fl-c5"/>
      </object_component>
      <object_component id="oc-a5">
         <name>.debug_abbrev</name>
         <load_address>0xb0e</load_address>
         <run_address>0xb0e</run_address>
         <size>0x61</size>
         <input_file_ref idref="fl-c5"/>
      </object_component>
      <object_component id="oc-142">
         <name>.debug_abbrev</name>
         <load_address>0xb6f</load_address>
         <run_address>0xb6f</run_address>
         <size>0x45</size>
         <input_file_ref idref="fl-c6"/>
      </object_component>
      <object_component id="oc-81">
         <name>.debug_abbrev</name>
         <load_address>0xbb4</load_address>
         <run_address>0xbb4</run_address>
         <size>0x3e</size>
         <input_file_ref idref="fl-c9"/>
      </object_component>
      <object_component id="oc-172">
         <name>.debug_abbrev</name>
         <load_address>0xbf2</load_address>
         <run_address>0xbf2</run_address>
         <size>0xdb</size>
         <input_file_ref idref="fl-cb"/>
      </object_component>
      <object_component id="oc-14c">
         <name>.debug_abbrev</name>
         <load_address>0xccd</load_address>
         <run_address>0xccd</run_address>
         <size>0x7e</size>
         <input_file_ref idref="fl-cb"/>
      </object_component>
      <object_component id="oc-176">
         <name>.debug_abbrev</name>
         <load_address>0xd4b</load_address>
         <run_address>0xd4b</run_address>
         <size>0x24</size>
         <input_file_ref idref="fl-cb"/>
      </object_component>
      <object_component id="oc-18a">
         <name>.debug_abbrev</name>
         <load_address>0xd6f</load_address>
         <run_address>0xd6f</run_address>
         <size>0x24</size>
         <input_file_ref idref="fl-cb"/>
      </object_component>
      <object_component id="oc-17b">
         <name>.debug_abbrev</name>
         <load_address>0xd93</load_address>
         <run_address>0xd93</run_address>
         <size>0x24</size>
         <input_file_ref idref="fl-cb"/>
      </object_component>
      <object_component id="oc-180">
         <name>.debug_abbrev</name>
         <load_address>0xdb7</load_address>
         <run_address>0xdb7</run_address>
         <size>0x4b</size>
         <input_file_ref idref="fl-cb"/>
      </object_component>
      <object_component id="oc-db">
         <name>.debug_abbrev</name>
         <load_address>0xe02</load_address>
         <run_address>0xe02</run_address>
         <size>0x55</size>
         <input_file_ref idref="fl-cc"/>
      </object_component>
      <object_component id="oc-1c7">
         <name>.debug_abbrev</name>
         <load_address>0xe57</load_address>
         <run_address>0xe57</run_address>
         <size>0xf</size>
      </object_component>
      <object_component id="oc-13a">
         <name>.debug_str</name>
         <load_address>0x0</load_address>
         <run_address>0x0</run_address>
         <size>0x15f0</size>
         <input_file_ref idref="fl-2"/>
      </object_component>
      <object_component id="oc-13f">
         <name>.debug_str</name>
         <load_address>0x15f0</load_address>
         <run_address>0x15f0</run_address>
         <size>0x4ac</size>
         <input_file_ref idref="fl-2"/>
      </object_component>
      <object_component id="oc-cb">
         <name>.debug_str</name>
         <load_address>0x1a9c</load_address>
         <run_address>0x1a9c</run_address>
         <size>0x2d7</size>
         <input_file_ref idref="fl-2"/>
      </object_component>
      <object_component id="oc-33">
         <name>.debug_str</name>
         <load_address>0x1d73</load_address>
         <run_address>0x1d73</run_address>
         <size>0xfa</size>
         <input_file_ref idref="fl-2"/>
      </object_component>
      <object_component id="oc-131">
         <name>.debug_str</name>
         <load_address>0x1e6d</load_address>
         <run_address>0x1e6d</run_address>
         <size>0x366</size>
         <input_file_ref idref="fl-2"/>
      </object_component>
      <object_component id="oc-bd">
         <name>.debug_str</name>
         <load_address>0x21d3</load_address>
         <run_address>0x21d3</run_address>
         <size>0x16f</size>
         <input_file_ref idref="fl-2"/>
      </object_component>
      <object_component id="oc-8e">
         <name>.debug_str</name>
         <load_address>0x2342</load_address>
         <run_address>0x2342</run_address>
         <size>0xfa</size>
         <input_file_ref idref="fl-c2"/>
      </object_component>
      <object_component id="oc-d7">
         <name>.debug_str</name>
         <load_address>0x243c</load_address>
         <run_address>0x243c</run_address>
         <size>0x12d</size>
         <input_file_ref idref="fl-c2"/>
      </object_component>
      <object_component id="oc-3e">
         <name>.debug_str</name>
         <load_address>0x2569</load_address>
         <run_address>0x2569</run_address>
         <size>0x100</size>
         <input_file_ref idref="fl-c3"/>
      </object_component>
      <object_component id="oc-86">
         <name>.debug_str</name>
         <load_address>0x2669</load_address>
         <run_address>0x2669</run_address>
         <size>0x12d</size>
         <input_file_ref idref="fl-c3"/>
      </object_component>
      <object_component id="oc-2e">
         <name>.debug_str</name>
         <load_address>0x2796</load_address>
         <run_address>0x2796</run_address>
         <size>0x10d</size>
         <input_file_ref idref="fl-c4"/>
      </object_component>
      <object_component id="oc-d0">
         <name>.debug_str</name>
         <load_address>0x28a3</load_address>
         <run_address>0x28a3</run_address>
         <size>0x158</size>
         <input_file_ref idref="fl-c4"/>
      </object_component>
      <object_component id="oc-7f">
         <name>.debug_str</name>
         <load_address>0x29fb</load_address>
         <run_address>0x29fb</run_address>
         <size>0x145</size>
         <input_file_ref idref="fl-c4"/>
      </object_component>
      <object_component id="oc-178">
         <name>.debug_str</name>
         <load_address>0x2b40</load_address>
         <run_address>0x2b40</run_address>
         <size>0xe2</size>
         <input_file_ref idref="fl-cb"/>
      </object_component>
      <object_component id="oc-18c">
         <name>.debug_str</name>
         <load_address>0x2c22</load_address>
         <run_address>0x2c22</run_address>
         <size>0x144</size>
         <input_file_ref idref="fl-cb"/>
      </object_component>
      <object_component id="oc-17d">
         <name>.debug_str</name>
         <load_address>0x2d66</load_address>
         <run_address>0x2d66</run_address>
         <size>0x13d</size>
         <input_file_ref idref="fl-cb"/>
      </object_component>
      <object_component id="oc-182">
         <name>.debug_str</name>
         <load_address>0x2ea3</load_address>
         <run_address>0x2ea3</run_address>
         <size>0x184</size>
         <input_file_ref idref="fl-cb"/>
      </object_component>
      <object_component id="oc-72">
         <name>.debug_aranges</name>
         <load_address>0x0</load_address>
         <run_address>0x0</run_address>
         <size>0x48</size>
         <input_file_ref idref="fl-2"/>
      </object_component>
      <object_component id="oc-6d">
         <name>.debug_aranges</name>
         <load_address>0x48</load_address>
         <run_address>0x48</run_address>
         <size>0x48</size>
         <input_file_ref idref="fl-3"/>
      </object_component>
      <object_component id="oc-e4">
         <name>.debug_aranges</name>
         <load_address>0x90</load_address>
         <run_address>0x90</run_address>
         <size>0x28</size>
         <input_file_ref idref="fl-4"/>
      </object_component>
      <object_component id="oc-9e">
         <name>.debug_aranges</name>
         <load_address>0xb8</load_address>
         <run_address>0xb8</run_address>
         <size>0x20</size>
         <input_file_ref idref="fl-5"/>
      </object_component>
      <object_component id="oc-e0">
         <name>.debug_aranges</name>
         <load_address>0xd8</load_address>
         <run_address>0xd8</run_address>
         <size>0x20</size>
         <input_file_ref idref="fl-6"/>
      </object_component>
      <object_component id="oc-65">
         <name>.debug_aranges</name>
         <load_address>0xf8</load_address>
         <run_address>0xf8</run_address>
         <size>0x28</size>
         <input_file_ref idref="fl-7"/>
      </object_component>
      <object_component id="oc-b0">
         <name>.debug_aranges</name>
         <load_address>0x120</load_address>
         <run_address>0x120</run_address>
         <size>0x28</size>
         <input_file_ref idref="fl-8"/>
      </object_component>
      <object_component id="oc-44">
         <name>.debug_aranges</name>
         <load_address>0x148</load_address>
         <run_address>0x148</run_address>
         <size>0x20</size>
         <input_file_ref idref="fl-c2"/>
      </object_component>
      <object_component id="oc-1d">
         <name>.debug_aranges</name>
         <load_address>0x168</load_address>
         <run_address>0x168</run_address>
         <size>0x20</size>
         <input_file_ref idref="fl-c3"/>
      </object_component>
      <object_component id="oc-17">
         <name>.debug_aranges</name>
         <load_address>0x188</load_address>
         <run_address>0x188</run_address>
         <size>0x20</size>
         <input_file_ref idref="fl-c4"/>
      </object_component>
      <object_component id="oc-53">
         <name>.debug_aranges</name>
         <load_address>0x1a8</load_address>
         <run_address>0x1a8</run_address>
         <size>0x20</size>
         <input_file_ref idref="fl-c5"/>
      </object_component>
      <object_component id="oc-ea">
         <name>.debug_aranges</name>
         <load_address>0x1c8</load_address>
         <run_address>0x1c8</run_address>
         <size>0x20</size>
         <input_file_ref idref="fl-c6"/>
      </object_component>
      <object_component id="oc-36">
         <name>.debug_aranges</name>
         <load_address>0x1e8</load_address>
         <run_address>0x1e8</run_address>
         <size>0x20</size>
         <input_file_ref idref="fl-c9"/>
      </object_component>
      <object_component id="oc-f6">
         <name>.debug_aranges</name>
         <load_address>0x208</load_address>
         <run_address>0x208</run_address>
         <size>0x20</size>
         <input_file_ref idref="fl-cb"/>
      </object_component>
      <object_component id="oc-98">
         <name>.debug_aranges</name>
         <load_address>0x228</load_address>
         <run_address>0x228</run_address>
         <size>0x20</size>
         <input_file_ref idref="fl-cc"/>
      </object_component>
      <object_component id="oc-c3">
         <name>.debug_pubnames</name>
         <load_address>0x0</load_address>
         <run_address>0x0</run_address>
         <size>0x1b</size>
         <input_file_ref idref="fl-2"/>
      </object_component>
      <object_component id="oc-c0">
         <name>.debug_pubnames</name>
         <load_address>0x1b</load_address>
         <run_address>0x1b</run_address>
         <size>0x24</size>
         <input_file_ref idref="fl-2"/>
      </object_component>
      <object_component id="oc-73">
         <name>.debug_pubnames</name>
         <load_address>0x3f</load_address>
         <run_address>0x3f</run_address>
         <size>0x7c</size>
         <input_file_ref idref="fl-2"/>
      </object_component>
      <object_component id="oc-b7">
         <name>.debug_pubnames</name>
         <load_address>0xbb</load_address>
         <run_address>0xbb</run_address>
         <size>0x2a</size>
         <input_file_ref idref="fl-3"/>
      </object_component>
      <object_component id="oc-6e">
         <name>.debug_pubnames</name>
         <load_address>0xe5</load_address>
         <run_address>0xe5</run_address>
         <size>0x7f</size>
         <input_file_ref idref="fl-3"/>
      </object_component>
      <object_component id="oc-e7">
         <name>.debug_pubnames</name>
         <load_address>0x164</load_address>
         <run_address>0x164</run_address>
         <size>0x2c</size>
         <input_file_ref idref="fl-4"/>
      </object_component>
      <object_component id="oc-9f">
         <name>.debug_pubnames</name>
         <load_address>0x190</load_address>
         <run_address>0x190</run_address>
         <size>0x1b</size>
         <input_file_ref idref="fl-5"/>
      </object_component>
      <object_component id="oc-df">
         <name>.debug_pubnames</name>
         <load_address>0x1ab</load_address>
         <run_address>0x1ab</run_address>
         <size>0x1e</size>
         <input_file_ref idref="fl-6"/>
      </object_component>
      <object_component id="oc-25">
         <name>.debug_pubnames</name>
         <load_address>0x1c9</load_address>
         <run_address>0x1c9</run_address>
         <size>0x27</size>
         <input_file_ref idref="fl-7"/>
      </object_component>
      <object_component id="oc-67">
         <name>.debug_pubnames</name>
         <load_address>0x1f0</load_address>
         <run_address>0x1f0</run_address>
         <size>0x38</size>
         <input_file_ref idref="fl-7"/>
      </object_component>
      <object_component id="oc-129">
         <name>.debug_pubnames</name>
         <load_address>0x228</load_address>
         <run_address>0x228</run_address>
         <size>0x26</size>
         <input_file_ref idref="fl-8"/>
      </object_component>
      <object_component id="oc-b1">
         <name>.debug_pubnames</name>
         <load_address>0x24e</load_address>
         <run_address>0x24e</run_address>
         <size>0x3b</size>
         <input_file_ref idref="fl-8"/>
      </object_component>
      <object_component id="oc-43">
         <name>.debug_pubnames</name>
         <load_address>0x289</load_address>
         <run_address>0x289</run_address>
         <size>0x2e</size>
         <input_file_ref idref="fl-c2"/>
      </object_component>
      <object_component id="oc-1c">
         <name>.debug_pubnames</name>
         <load_address>0x2b7</load_address>
         <run_address>0x2b7</run_address>
         <size>0x2b</size>
         <input_file_ref idref="fl-c3"/>
      </object_component>
      <object_component id="oc-16">
         <name>.debug_pubnames</name>
         <load_address>0x2e2</load_address>
         <run_address>0x2e2</run_address>
         <size>0x2b</size>
         <input_file_ref idref="fl-c4"/>
      </object_component>
      <object_component id="oc-28">
         <name>.debug_pubnames</name>
         <load_address>0x30d</load_address>
         <run_address>0x30d</run_address>
         <size>0x1e</size>
         <input_file_ref idref="fl-c5"/>
      </object_component>
      <object_component id="oc-55">
         <name>.debug_pubnames</name>
         <load_address>0x32b</load_address>
         <run_address>0x32b</run_address>
         <size>0x26</size>
         <input_file_ref idref="fl-c5"/>
      </object_component>
      <object_component id="oc-ee">
         <name>.debug_pubnames</name>
         <load_address>0x351</load_address>
         <run_address>0x351</run_address>
         <size>0x1c</size>
         <input_file_ref idref="fl-c6"/>
      </object_component>
      <object_component id="oc-37">
         <name>.debug_pubnames</name>
         <load_address>0x36d</load_address>
         <run_address>0x36d</run_address>
         <size>0x1d</size>
         <input_file_ref idref="fl-c9"/>
      </object_component>
      <object_component id="oc-fa">
         <name>.debug_pubnames</name>
         <load_address>0x38a</load_address>
         <run_address>0x38a</run_address>
         <size>0x35</size>
         <input_file_ref idref="fl-cb"/>
      </object_component>
      <object_component id="oc-9a">
         <name>.debug_pubnames</name>
         <load_address>0x3bf</load_address>
         <run_address>0x3bf</run_address>
         <size>0x27</size>
         <input_file_ref idref="fl-cc"/>
      </object_component>
      <object_component id="oc-137">
         <name>.debug_pubtypes</name>
         <load_address>0x0</load_address>
         <run_address>0x0</run_address>
         <size>0x2ce</size>
         <input_file_ref idref="fl-2"/>
      </object_component>
      <object_component id="oc-13c">
         <name>.debug_pubtypes</name>
         <load_address>0x2ce</load_address>
         <run_address>0x2ce</run_address>
         <size>0xdd</size>
         <input_file_ref idref="fl-2"/>
      </object_component>
      <object_component id="oc-c8">
         <name>.debug_pubtypes</name>
         <load_address>0x3ab</load_address>
         <run_address>0x3ab</run_address>
         <size>0x25c</size>
         <input_file_ref idref="fl-2"/>
      </object_component>
      <object_component id="oc-30">
         <name>.debug_pubtypes</name>
         <load_address>0x607</load_address>
         <run_address>0x607</run_address>
         <size>0xed</size>
         <input_file_ref idref="fl-2"/>
      </object_component>
      <object_component id="oc-12e">
         <name>.debug_pubtypes</name>
         <load_address>0x6f4</load_address>
         <run_address>0x6f4</run_address>
         <size>0x325</size>
         <input_file_ref idref="fl-2"/>
      </object_component>
      <object_component id="oc-ba">
         <name>.debug_pubtypes</name>
         <load_address>0xa19</load_address>
         <run_address>0xa19</run_address>
         <size>0xaa</size>
         <input_file_ref idref="fl-2"/>
      </object_component>
      <object_component id="oc-8b">
         <name>.debug_pubtypes</name>
         <load_address>0xac3</load_address>
         <run_address>0xac3</run_address>
         <size>0x48</size>
         <input_file_ref idref="fl-c2"/>
      </object_component>
      <object_component id="oc-d4">
         <name>.debug_pubtypes</name>
         <load_address>0xb0b</load_address>
         <run_address>0xb0b</run_address>
         <size>0x1d</size>
         <input_file_ref idref="fl-c2"/>
      </object_component>
      <object_component id="oc-3b">
         <name>.debug_pubtypes</name>
         <load_address>0xb28</load_address>
         <run_address>0xb28</run_address>
         <size>0x48</size>
         <input_file_ref idref="fl-c3"/>
      </object_component>
      <object_component id="oc-83">
         <name>.debug_pubtypes</name>
         <load_address>0xb70</load_address>
         <run_address>0xb70</run_address>
         <size>0x1d</size>
         <input_file_ref idref="fl-c3"/>
      </object_component>
      <object_component id="oc-2b">
         <name>.debug_pubtypes</name>
         <load_address>0xb8d</load_address>
         <run_address>0xb8d</run_address>
         <size>0x5d</size>
         <input_file_ref idref="fl-c4"/>
      </object_component>
      <object_component id="oc-cd">
         <name>.debug_pubtypes</name>
         <load_address>0xbea</load_address>
         <run_address>0xbea</run_address>
         <size>0x48</size>
         <input_file_ref idref="fl-c4"/>
      </object_component>
      <object_component id="oc-7c">
         <name>.debug_pubtypes</name>
         <load_address>0xc32</load_address>
         <run_address>0xc32</run_address>
         <size>0x35</size>
         <input_file_ref idref="fl-c4"/>
      </object_component>
      <object_component id="oc-175">
         <name>.debug_pubtypes</name>
         <load_address>0xc67</load_address>
         <run_address>0xc67</run_address>
         <size>0x32</size>
         <input_file_ref idref="fl-cb"/>
      </object_component>
      <object_component id="oc-189">
         <name>.debug_pubtypes</name>
         <load_address>0xc99</load_address>
         <run_address>0xc99</run_address>
         <size>0x30</size>
         <input_file_ref idref="fl-cb"/>
      </object_component>
      <object_component id="oc-17a">
         <name>.debug_pubtypes</name>
         <load_address>0xcc9</load_address>
         <run_address>0xcc9</run_address>
         <size>0x2c</size>
         <input_file_ref idref="fl-cb"/>
      </object_component>
      <object_component id="oc-17f">
         <name>.debug_pubtypes</name>
         <load_address>0xcf5</load_address>
         <run_address>0xcf5</run_address>
         <size>0x50</size>
         <input_file_ref idref="fl-cb"/>
      </object_component>
   </object_component_list>
   <logical_group_list>
      <logical_group id="lg-3" display="no" color="cyan">
         <name>.intvecs</name>
         <load_address>0x0</load_address>
         <run_address>0x0</run_address>
         <size>0xe4</size>
         <contents>
            <object_component_ref idref="oc-23"/>
         </contents>
      </logical_group>
      <logical_group id="lg-4" display="no" color="cyan">
         <name>.text</name>
         <load_address>0xe4</load_address>
         <run_address>0xe4</run_address>
         <size>0xb9e</size>
         <contents>
            <object_component_ref idref="oc-ae"/>
            <object_component_ref idref="oc-e2"/>
            <object_component_ref idref="oc-70"/>
            <object_component_ref idref="oc-dc"/>
            <object_component_ref idref="oc-6a"/>
            <object_component_ref idref="oc-34"/>
            <object_component_ref idref="oc-14"/>
            <object_component_ref idref="oc-9c"/>
            <object_component_ref idref="oc-f5"/>
            <object_component_ref idref="oc-52"/>
            <object_component_ref idref="oc-40"/>
            <object_component_ref idref="oc-1a"/>
            <object_component_ref idref="oc-64"/>
            <object_component_ref idref="oc-96"/>
            <object_component_ref idref="oc-e9"/>
         </contents>
      </logical_group>
      <logical_group id="lg-5" display="no" color="cyan">
         <name>.const</name>
         <run_address>0x0</run_address>
         <size>0x0</size>
         <contents>
         </contents>
      </logical_group>
      <logical_group id="lg-6" display="no" color="cyan">
         <name>.cinit</name>
         <load_address>0xc88</load_address>
         <run_address>0xc88</run_address>
         <size>0x30</size>
         <contents>
            <object_component_ref idref="oc-1c1"/>
            <object_component_ref idref="oc-1c3"/>
            <object_component_ref idref="oc-1c4"/>
            <object_component_ref idref="oc-1c2"/>
         </contents>
      </logical_group>
      <logical_group id="lg-7" display="no" color="cyan">
         <name>.pinit</name>
         <run_address>0x0</run_address>
         <size>0x0</size>
         <contents>
         </contents>
      </logical_group>
      <logical_group id="lg-8" display="no" color="cyan">
         <name>.init_array</name>
         <run_address>0x0</run_address>
         <size>0x0</size>
         <contents>
         </contents>
      </logical_group>
      <logical_group id="lg-9" display="no" color="cyan">
         <name>.binit</name>
         <load_address>0x0</load_address>
         <run_address>0x0</run_address>
         <size>0x0</size>
         <contents>
            <object_component_ref idref="oc-196"/>
         </contents>
      </logical_group>
      <logical_group id="lg-a" display="no" color="cyan">
         <name>.flashMailbox</name>
         <run_address>0x0</run_address>
         <size>0x0</size>
         <contents>
         </contents>
      </logical_group>
      <logical_group id="lg-b" display="no" color="cyan">
         <name>.tlvTable</name>
         <run_address>0x0</run_address>
         <size>0x0</size>
         <contents>
         </contents>
      </logical_group>
      <logical_group id="lg-c" display="no" color="cyan">
         <name>.bslArea</name>
         <run_address>0x0</run_address>
         <size>0x0</size>
         <contents>
         </contents>
      </logical_group>
      <logical_group id="lg-d" display="no" color="cyan">
         <name>.vtable</name>
         <run_address>0x0</run_address>
         <size>0x0</size>
         <contents>
         </contents>
      </logical_group>
      <logical_group id="lg-e" display="no" color="cyan">
         <name>.data</name>
         <run_address>0x20000000</run_address>
         <size>0x10</size>
         <contents>
            <object_component_ref idref="oc-be"/>
            <object_component_ref idref="oc-b5"/>
            <object_component_ref idref="oc-127"/>
         </contents>
      </logical_group>
      <logical_group id="lg-f" display="no" color="cyan">
         <name>.bss</name>
         <run_address>0x20000010</run_address>
         <size>0x4</size>
         <contents>
            <object_component_ref idref="oc-c1"/>
         </contents>
      </logical_group>
      <logical_group id="lg-10" display="no" color="cyan">
         <name>.sysmem</name>
         <run_address>0x0</run_address>
         <size>0x0</size>
         <contents>
         </contents>
      </logical_group>
      <logical_group id="lg-11" display="no" color="cyan">
         <name>.stack</name>
         <run_address>0x2000fe00</run_address>
         <size>0x200</size>
         <contents>
            <object_component_ref idref="oc-26"/>
            <object_component_ref idref="oc-1c5"/>
         </contents>
      </logical_group>
      <logical_group id="lg-12" display="no" color="cyan">
         <name>.TI.ramfunc</name>
         <run_address>0x0</run_address>
         <size>0x0</size>
         <contents>
         </contents>
      </logical_group>
      <logical_group id="lg-194" display="no" color="cyan">
         <name>.TI.noinit</name>
         <run_address>0x0</run_address>
         <size>0x0</size>
         <contents>
         </contents>
      </logical_group>
      <logical_group id="lg-195" display="no" color="cyan">
         <name>.TI.persistent</name>
         <run_address>0x0</run_address>
         <size>0x0</size>
         <contents>
         </contents>
      </logical_group>
      <logical_group id="lg-1a9" display="never" color="cyan">
         <name>.debug_info</name>
         <load_address>0x0</load_address>
         <run_address>0x0</run_address>
         <size>0x8b61</size>
         <contents>
            <object_component_ref idref="oc-c2"/>
            <object_component_ref idref="oc-bf"/>
            <object_component_ref idref="oc-71"/>
            <object_component_ref idref="oc-136"/>
            <object_component_ref idref="oc-13b"/>
            <object_component_ref idref="oc-c7"/>
            <object_component_ref idref="oc-2f"/>
            <object_component_ref idref="oc-12d"/>
            <object_component_ref idref="oc-b9"/>
            <object_component_ref idref="oc-b6"/>
            <object_component_ref idref="oc-6c"/>
            <object_component_ref idref="oc-e6"/>
            <object_component_ref idref="oc-9d"/>
            <object_component_ref idref="oc-de"/>
            <object_component_ref idref="oc-78"/>
            <object_component_ref idref="oc-24"/>
            <object_component_ref idref="oc-66"/>
            <object_component_ref idref="oc-128"/>
            <object_component_ref idref="oc-af"/>
            <object_component_ref idref="oc-8f"/>
            <object_component_ref idref="oc-42"/>
            <object_component_ref idref="oc-8a"/>
            <object_component_ref idref="oc-d3"/>
            <object_component_ref idref="oc-3f"/>
            <object_component_ref idref="oc-1b"/>
            <object_component_ref idref="oc-3a"/>
            <object_component_ref idref="oc-82"/>
            <object_component_ref idref="oc-80"/>
            <object_component_ref idref="oc-15"/>
            <object_component_ref idref="oc-2a"/>
            <object_component_ref idref="oc-cc"/>
            <object_component_ref idref="oc-7b"/>
            <object_component_ref idref="oc-27"/>
            <object_component_ref idref="oc-54"/>
            <object_component_ref idref="oc-ed"/>
            <object_component_ref idref="oc-35"/>
            <object_component_ref idref="oc-14d"/>
            <object_component_ref idref="oc-f9"/>
            <object_component_ref idref="oc-174"/>
            <object_component_ref idref="oc-188"/>
            <object_component_ref idref="oc-179"/>
            <object_component_ref idref="oc-17e"/>
            <object_component_ref idref="oc-99"/>
            <object_component_ref idref="oc-1c6"/>
         </contents>
      </logical_group>
      <logical_group id="lg-1ab" display="never" color="cyan">
         <name>.debug_line</name>
         <load_address>0x0</load_address>
         <run_address>0x0</run_address>
         <size>0x12e0</size>
         <contents>
            <object_component_ref idref="oc-135"/>
            <object_component_ref idref="oc-133"/>
            <object_component_ref idref="oc-74"/>
            <object_component_ref idref="oc-139"/>
            <object_component_ref idref="oc-13e"/>
            <object_component_ref idref="oc-ca"/>
            <object_component_ref idref="oc-32"/>
            <object_component_ref idref="oc-130"/>
            <object_component_ref idref="oc-bc"/>
            <object_component_ref idref="oc-12c"/>
            <object_component_ref idref="oc-6b"/>
            <object_component_ref idref="oc-e3"/>
            <object_component_ref idref="oc-a0"/>
            <object_component_ref idref="oc-dd"/>
            <object_component_ref idref="oc-c6"/>
            <object_component_ref idref="oc-77"/>
            <object_component_ref idref="oc-68"/>
            <object_component_ref idref="oc-163"/>
            <object_component_ref idref="oc-b3"/>
            <object_component_ref idref="oc-d9"/>
            <object_component_ref idref="oc-45"/>
            <object_component_ref idref="oc-8d"/>
            <object_component_ref idref="oc-d6"/>
            <object_component_ref idref="oc-88"/>
            <object_component_ref idref="oc-1f"/>
            <object_component_ref idref="oc-3d"/>
            <object_component_ref idref="oc-85"/>
            <object_component_ref idref="oc-d2"/>
            <object_component_ref idref="oc-19"/>
            <object_component_ref idref="oc-2d"/>
            <object_component_ref idref="oc-cf"/>
            <object_component_ref idref="oc-7e"/>
            <object_component_ref idref="oc-7a"/>
            <object_component_ref idref="oc-57"/>
            <object_component_ref idref="oc-eb"/>
            <object_component_ref idref="oc-38"/>
            <object_component_ref idref="oc-173"/>
            <object_component_ref idref="oc-f8"/>
            <object_component_ref idref="oc-177"/>
            <object_component_ref idref="oc-18b"/>
            <object_component_ref idref="oc-17c"/>
            <object_component_ref idref="oc-181"/>
            <object_component_ref idref="oc-97"/>
         </contents>
      </logical_group>
      <logical_group id="lg-1ad" display="never" color="cyan">
         <name>.debug_frame</name>
         <load_address>0x0</load_address>
         <run_address>0x0</run_address>
         <size>0x5ec</size>
         <contents>
            <object_component_ref idref="oc-75"/>
            <object_component_ref idref="oc-6f"/>
            <object_component_ref idref="oc-e5"/>
            <object_component_ref idref="oc-a1"/>
            <object_component_ref idref="oc-e1"/>
            <object_component_ref idref="oc-69"/>
            <object_component_ref idref="oc-b2"/>
            <object_component_ref idref="oc-41"/>
            <object_component_ref idref="oc-1e"/>
            <object_component_ref idref="oc-18"/>
            <object_component_ref idref="oc-56"/>
            <object_component_ref idref="oc-ec"/>
            <object_component_ref idref="oc-f7"/>
            <object_component_ref idref="oc-9b"/>
         </contents>
      </logical_group>
      <logical_group id="lg-1af" display="never" color="cyan">
         <name>.debug_abbrev</name>
         <load_address>0x0</load_address>
         <run_address>0x0</run_address>
         <size>0xe66</size>
         <contents>
            <object_component_ref idref="oc-134"/>
            <object_component_ref idref="oc-132"/>
            <object_component_ref idref="oc-c4"/>
            <object_component_ref idref="oc-138"/>
            <object_component_ref idref="oc-13d"/>
            <object_component_ref idref="oc-c9"/>
            <object_component_ref idref="oc-31"/>
            <object_component_ref idref="oc-12f"/>
            <object_component_ref idref="oc-bb"/>
            <object_component_ref idref="oc-12b"/>
            <object_component_ref idref="oc-b8"/>
            <object_component_ref idref="oc-141"/>
            <object_component_ref idref="oc-e8"/>
            <object_component_ref idref="oc-140"/>
            <object_component_ref idref="oc-c5"/>
            <object_component_ref idref="oc-76"/>
            <object_component_ref idref="oc-b4"/>
            <object_component_ref idref="oc-162"/>
            <object_component_ref idref="oc-12a"/>
            <object_component_ref idref="oc-d8"/>
            <object_component_ref idref="oc-89"/>
            <object_component_ref idref="oc-8c"/>
            <object_component_ref idref="oc-d5"/>
            <object_component_ref idref="oc-87"/>
            <object_component_ref idref="oc-39"/>
            <object_component_ref idref="oc-3c"/>
            <object_component_ref idref="oc-84"/>
            <object_component_ref idref="oc-d1"/>
            <object_component_ref idref="oc-29"/>
            <object_component_ref idref="oc-2c"/>
            <object_component_ref idref="oc-ce"/>
            <object_component_ref idref="oc-7d"/>
            <object_component_ref idref="oc-79"/>
            <object_component_ref idref="oc-a5"/>
            <object_component_ref idref="oc-142"/>
            <object_component_ref idref="oc-81"/>
            <object_component_ref idref="oc-172"/>
            <object_component_ref idref="oc-14c"/>
            <object_component_ref idref="oc-176"/>
            <object_component_ref idref="oc-18a"/>
            <object_component_ref idref="oc-17b"/>
            <object_component_ref idref="oc-180"/>
            <object_component_ref idref="oc-db"/>
            <object_component_ref idref="oc-1c7"/>
         </contents>
      </logical_group>
      <logical_group id="lg-1b1" display="never" color="cyan">
         <name>.debug_str</name>
         <load_address>0x0</load_address>
         <run_address>0x0</run_address>
         <size>0x3027</size>
         <contents>
            <object_component_ref idref="oc-13a"/>
            <object_component_ref idref="oc-13f"/>
            <object_component_ref idref="oc-cb"/>
            <object_component_ref idref="oc-33"/>
            <object_component_ref idref="oc-131"/>
            <object_component_ref idref="oc-bd"/>
[...]
            <object_component_ref idref="oc-83"/>
            <object_component_ref idref="oc-2b"/>
            <object_component_ref idref="oc-cd"/>
            <object_component_ref idref="oc-7c"/>
            <object_component_ref idref="oc-175"/>
            <object_component_ref idref="oc-189"/>
            <object_component_ref idref="oc-17a"/>
            <object_component_ref idref="oc-17f"/>
         </contents>
      </logical_group>
      <load_segment id="lg-1c9" display="no" color="cyan">
         <name>SEGMENT_0</name>
         <load_address>0x0</load_address>
         <run_address>0x0</run_address>
         <size>0xcb8</size>
         <flags>0x5</flags>
         <contents>
            <logical_group_ref idref="lg-3"/>
            <logical_group_ref idref="lg-4"/>
            <logical_group_ref idref="lg-6"/>
         </contents>
      </load_segment>
      <load_segment id="lg-1ca" display="no" color="cyan">
         <name>SEGMENT_1</name>
         <run_address>0x20000000</run_address>
         <size>0x14</size>
         <flags>0x6</flags>
         <contents>
            <logical_group_ref idref="lg-e"/>
            <logical_group_ref idref="lg-f"/>
         </contents>
      </load_segment>
      <load_segment id="lg-1cb" display="no" color="cyan">
         <name>SEGMENT_2</name>
         <run_address>0x2000fe00</run_address>
         <size>0x200</size>
         <flags>0x6</flags>
         <contents>
            <logical_group_ref idref="lg-11"/>
         </contents>
      </load_segment>
   </logical_group_list>
   <placement_map>
      <memory_area display="yes" color="green">
         <name>MAIN</name>
         <page_id>0x0</page_id>
         <origin>0x0</origin>
         <length>0x40000</length>
         <used_space>0xcb2</used_space>
         <unused_space>0x3f34e</unused_space>
         <attributes>RX</attributes>
         <usage_details>
            <allocated_space>
               <start_address>0x0</start_address>
               <size>0x0</size>
               <logical_group_ref idref="lg-9"/>
            </allocated_space>
            <allocated_space>
               <start_address>0x0</start_address>
               <size>0xe4</size>
               <logical_group_ref idref="lg-3"/>
            </allocated_space>
            <allocated_space>
               <start_address>0xe4</start_address>
               <size>0xb9e</size>
               <logical_group_ref idref="lg-4"/>
            </allocated_space>
            <available_space>
               <start_address>0xc82</start_address>
               <size>0x6</size>
            </available_space>
            <allocated_space>
               <start_address>0xc88</start_address>
               <size>0x30</size>
               <logical_group_ref idref="lg-6"/>
            </allocated_space>
            <available_space>
               <start_address>0xcb8</start_address>
               <size>0x3f348</size>
            </available_space>
         </usage_details>
      </memory_area>
      <memory_area display="yes" color="green">
         <name>INFO</name>
         <page_id>0x0</page_id>
         <origin>0x200000</origin>
         <length>0x4000</length>
         <used_space>0x0</used_space>
         <unused_space>0x4000</unused_space>
         <attributes>RX</attributes>
         <usage_details>
         </usage_details>
      </memory_area>
      <memory_area display="yes" color="green">
         <name>SRAM_CODE</name>
         <page_id>0x0</page_id>
         <origin>0x1000000</origin>
         <length>0x10000</length>
         <used_space>0x214</used_space>
         <unused_space>0xfdec</unused_space>
         <attributes>RWX</attributes>
         <usage_details>
            <allocated_space>
               <start_address>0x1000000</start_address>
               <size>0x10</size>
               <logical_group_ref idref="lg-e"/>
            </allocated_space>
            <allocated_space>
               <start_address>0x1000010</start_address>
               <size>0x4</size>
               <logical_group_ref idref="lg-f"/>
            </allocated_space>
            <available_space>
               <start_address>0x1000014</start_address>
               <size>0xfdec</size>
            </available_space>
            <allocated_space>
               <start_address>0x100fe00</start_address>
               <size>0x200</size>
               <logical_group_ref idref="lg-11"/>
            </allocated_space>
         </usage_details>
      </memory_area>
      <memory_area display="yes" color="green">
         <name>SRAM_DATA</name>
         <page_id>0x0</page_id>
         <origin>0x20000000</origin>
         <length>0x10000</length>
         <used_space>0x214</used_space>
         <unused_space>0xfdec</unused_space>
         <attributes>RW</attributes>
         <usage_details>
            <allocated_space>
               <start_address>0x20000000</start_address>
               <size>0x10</size>
               <logical_group_ref idref="lg-e"/>
            </allocated_space>
            <allocated_space>
               <start_address>0x20000010</start_address>
               <size>0x4</size>
               <logical_group_ref idref="lg-f"/>
            </allocated_space>
            <available_space>
               <start_address>0x20000014</start_address>
               <size>0xfdec</size>
            </available_space>
            <allocated_space>
               <start_address>0x2000fe00</start_address>
               <size>0x200</size>
               <logical_group_ref idref="lg-11"/>
            </allocated_space>
         </usage_details>
      </memory_area>
   </placement_map>
   <cptbl_list>
      <cptbl>
         <name>__TI_cinit_table</name>
         <cprec>
            <name>.data</name>
            <load_address>0xc94</load_address>
            <load_size>0xb</load_size>
            <run_address>0x20000000</run_address>
            <run_size>0x10</run_size>
            <compression>lzss</compression>
         </cprec>
         <cprec>
            <name>.bss</name>
            <load_address>0xca0</load_address>
            <load_size>0x8</load_size>
            <run_address>0x20000010</run_address>
            <run_size>0x4</run_size>
            <compression>zero_init</compression>
         </cprec>
      </cptbl>
   </cptbl_list>
   <handler_table>
      <handler_table_name>__TI_handler_table</handler_table_name>
      <handler>
         <index>0x0</index>
         <name>__TI_decompress_lzss</name>
      </handler>
      <handler>
         <index>0x1</index>
         <name>__TI_decompress_none</name>
      </handler>
      <handler>
         <index>0x2</index>
         <name>__TI_zero_init</name>
      </handler>
   </handler_table>
   <symbol_table>
      <symbol id="sm-1">
         <name>WDTCTL_SYM</name>
         <value>0x4000480c</value>
      </symbol>
      <symbol id="sm-2">
         <name>__TI_CINIT_Base</name>
         <value>0xca8</value>
      </symbol>
      <symbol id="sm-3">
         <name>__TI_CINIT_Limit</name>
         <value>0xcb8</value>
      </symbol>
      <symbol id="sm-4">
         <name>__TI_Handler_Table_Base</name>
         <value>0xc88</value>
      </symbol>
      <symbol id="sm-5">
         <name>__TI_Handler_Table_Limit</name>
         <value>0xc94</value>
      </symbol>
      <symbol id="sm-6">
         <name>binit</name>
         <value>0xffffffff</value>
      </symbol>
      <symbol id="sm-7">
         <name>__binit__</name>
         <value>0xffffffff</value>
      </symbol>
      <symbol id="sm-8">
         <name>__STACK_SIZE</name>
         <value>0x200</value>
      </symbol>
      <symbol id="sm-9">
         <name>__STACK_END</name>
         <value>0x20010000</value>
      </symbol>
      <symbol id="sm-a">
         <name>__c_args__</name>
         <value>0xffffffff</value>
      </symbol>
      <symbol id="sm-b">
         <name>__TI_pprof_out_hndl</name>
         <value>0xffffffff</value>
      </symbol>
      <symbol id="sm-c">
         <name>__TI_prof_data_start</name>
         <value>0xffffffff</value>
      </symbol>
      <symbol id="sm-d">
         <name>__TI_prof_data_size</name>
         <value>0xffffffff</value>
      </symbol>
      <symbol id="sm-71">
         <name>anIn</name>
         <value>0x20000010</value>
      </symbol>
      <symbol id="sm-72">
         <name>dataReady_FLG</name>
         <value>0x20000008</value>
         <object_component_ref idref="oc-be"/>
      </symbol>
      <symbol id="sm-73">
         <name>ADC_INIT</name>
         <value>0x6a9</value>
         <object_component_ref idref="oc-70"/>
      </symbol>
      <symbol id="sm-74">
         <name>getIntFlag_ADC</name>
         <value>0x6f3</value>
         <object_component_ref idref="oc-70"/>
      </symbol>
      <symbol id="sm-75">
         <name>sendVolt_ADC</name>
         <value>0x813</value>
         <object_component_ref idref="oc-70"/>
      </symbol>
      <symbol id="sm-76">
         <name>clrIntFlag_ADC</name>
         <value>0x6f9</value>
         <object_component_ref idref="oc-70"/>
      </symbol>
      <symbol id="sm-77">
         <name>ADC14_IRQHandler</name>
         <value>0x869</value>
         <object_component_ref idref="oc-70"/>
      </symbol>
      <symbol id="sm-78">
         <name>calcVolt_ADC</name>
         <value>0x70b</value>
         <object_component_ref idref="oc-70"/>
      </symbol>
      <symbol id="sm-9f">
         <name>sendByte_UART</name>
         <value>0xa0d</value>
         <object_component_ref idref="oc-6a"/>
      </symbol>
      <symbol id="sm-a0">
         <name>UART_INIT</name>
         <value>0x9bd</value>
         <object_component_ref idref="oc-6a"/>
      </symbol>
      <symbol id="sm-a1">
         <name>EUSCIA0_IRQHandler</name>
         <value>0xa29</value>
         <object_component_ref idref="oc-6a"/>
      </symbol>
      <symbol id="sm-a2">
         <name>clrIntFlag_UART</name>
         <value>0x9af</value>
         <object_component_ref idref="oc-6a"/>
      </symbol>
      <symbol id="sm-a3">
         <name>getRXByte</name>
         <value>0x9b7</value>
         <object_component_ref idref="oc-6a"/>
      </symbol>
      <symbol id="sm-a4">
         <name>getIntFlag_UART</name>
         <value>0x9a9</value>
         <object_component_ref idref="oc-6a"/>
      </symbol>
      <symbol id="sm-d7">
         <name>delay_us</name>
         <value>0x527</value>
         <object_component_ref idref="oc-e2"/>
      </symbol>
      <symbol id="sm-d8">
         <name>delay_ms</name>
         <value>0x419</value>
         <object_component_ref idref="oc-e2"/>
      </symbol>
      <symbol id="sm-e5">
         <name>main</name>
         <value>0xb81</value>
         <object_component_ref idref="oc-9c"/>
      </symbol>
      <symbol id="sm-101">
         <name>set_DCO</name>
         <value>0x8a5</value>
         <object_component_ref idref="oc-dc"/>
      </symbol>
      <symbol id="sm-116">
         <name>Reset_Handler</name>
         <value>0xc6d</value>
         <object_component_ref idref="oc-64"/>
      </symbol>
      <symbol id="sm-117">
         <name>Default_Handler</name>
         <value>0xc79</value>
         <object_component_ref idref="oc-64"/>
      </symbol>
      <symbol id="sm-118">
         <name>interruptVectors</name>
         <value>0x0</value>
         <object_component_ref idref="oc-23"/>
      </symbol>
      <symbol id="sm-160">
         <name>SystemInit</name>
         <value>0x35d</value>
         <object_component_ref idref="oc-ae"/>
      </symbol>
      <symbol id="sm-161">
         <name>SystemCoreClockUpdate</name>
         <value>0xe5</value>
         <object_component_ref idref="oc-ae"/>
      </symbol>
      <symbol id="sm-162">
         <name>SystemCoreClock</name>
         <value>0x2000000c</value>
         <object_component_ref idref="oc-127"/>
      </symbol>
      <symbol id="sm-17b">
         <name>__TI_zero_init_nomemset</name>
         <value>0xc4d</value>
         <object_component_ref idref="oc-40"/>
      </symbol>
      <symbol id="sm-192">
         <name>__TI_decompress_none</name>
         <value>0xc5f</value>
         <object_component_ref idref="oc-1a"/>
      </symbol>
      <symbol id="sm-1b5">
         <name>__TI_decompress_lzss</name>
         <value>0xb19</value>
         <object_component_ref idref="oc-14"/>
      </symbol>
      <symbol id="sm-1c8">
         <name>__stack</name>
         <value>0x2000fe00</value>
         <object_component_ref idref="oc-26"/>
      </symbol>
      <symbol id="sm-1c9">
         <name>_c_int00_noargs</name>
         <value>0xc15</value>
         <object_component_ref idref="oc-52"/>
      </symbol>
      <symbol id="sm-1d4">
         <name>C$$EXIT</name>
         <value>0xc7f</value>
         <object_component_ref idref="oc-e9"/>
      </symbol>
      <symbol id="sm-1d5">
         <name>abort</name>
         <value>0xc7f</value>
         <object_component_ref idref="oc-e9"/>
      </symbol>
      <symbol id="sm-1f2">
         <name>memcpy</name>
         <value>0xa7d</value>
         <object_component_ref idref="oc-34"/>
      </symbol>
      <symbol id="sm-1f3">
         <name>__aeabi_memcpy</name>
         <value>0xa7d</value>
         <object_component_ref idref="oc-34"/>
      </symbol>
      <symbol id="sm-1f4">
         <name>__aeabi_memcpy8</name>
         <value>0xa7d</value>
         <object_component_ref idref="oc-34"/>
      </symbol>
      <symbol id="sm-1f5">
         <name>__aeabi_memcpy4</name>
         <value>0xa7d</value>
         <object_component_ref idref="oc-34"/>
      </symbol>
      <symbol id="sm-21e">
         <name>__TI_auto_init_nobinit_nopinit</name>
         <value>0xbd1</value>
         <object_component_ref idref="oc-f5"/>
      </symbol>
      <symbol id="sm-228">
         <name>_system_pre_init</name>
         <value>0xc7b</value>
         <object_component_ref idref="oc-96"/>
      </symbol>
      <symbol id="sm-22a">
         <name>__TI_static_base__</name>
         <value>0x0</value>
      </symbol>
      <symbol id="sm-22d">
         <name>__mpu_init</name>
         <value>0x0</value>
      </symbol>
      <symbol id="sm-22e">
         <name>_system_post_cinit</name>
         <value>0x0</value>
      </symbol>
      <symbol id="sm-22f">
         <name>NMI_Handler</name>
         <value>0xc79</value>
      </symbol>
      <symbol id="sm-230">
         <name>HardFault_Handler</name>
         <value>0xc79</value>
      </symbol>
      <symbol id="sm-231">
         <name>MemManage_Handler</name>
         <value>0xc79</value>
      </symbol>
      <symbol id="sm-232">
         <name>BusFault_Handler</name>
         <value>0xc79</value>
      </symbol>
      <symbol id="sm-233">
         <name>UsageFault_Handler</name>
         <value>0xc79</value>
      </symbol>
      <symbol id="sm-234">
         <name>SVC_Handler</name>
         <value>0xc79</value>
      </symbol>
      <symbol id="sm-235">
         <name>DebugMon_Handler</name>
         <value>0xc79</value>
      </symbol>
      <symbol id="sm-236">
         <name>PendSV_Handler</name>
         <value>0xc79</value>
      </symbol>
      <symbol id="sm-237">
         <name>SysTick_Handler</name>
         <value>0xc79</value>
      </symbol>
      <symbol id="sm-238">
         <name>PSS_IRQHandler</name>
         <value>0xc79</value>
      </symbol>
      <symbol id="sm-239">
         <name>CS_IRQHandler</name>
         <value>0xc79</value>
      </symbol>
      <symbol id="sm-23a">
         <name>PCM_IRQHandler</name>
         <value>0xc79</value>
      </symbol>
      <symbol id="sm-23b">
         <name>WDT_A_IRQHandler</name>
         <value>0xc79</value>
      </symbol>
      <symbol id="sm-23c">
         <name>FPU_IRQHandler</name>
         <value>0xc79</value>
      </symbol>
      <symbol id="sm-23d">
         <name>FLCTL_IRQHandler</name>
         <value>0xc79</value>
      </symbol>
      <symbol id="sm-23e">
         <name>COMP_E0_IRQHandler</name>
         <value>0xc79</value>
      </symbol>
      <symbol id="sm-23f">
         <name>COMP_E1_IRQHandler</name>
         <value>0xc79</value>
      </symbol>
      <symbol id="sm-240">
         <name>TA0_0_IRQHandler</name>
         <value>0xc79</value>
      </symbol>
      <symbol id="sm-241">
         <name>TA0_N_IRQHandler</name>
         <value>0xc79</value>
      </symbol>
      <symbol id="sm-242">
         <name>TA1_0_IRQHandler</name>
         <value>0xc79</value>
      </symbol>
      <symbol id="sm-243">
         <name>TA1_N_IRQHandler</name>
         <value>0xc79</value>
      </symbol>
      <symbol id="sm-244">
         <name>TA2_0_IRQHandler</name>
         <value>0xc79</value>
      </symbol>
      <symbol id="sm-245">
         <name>TA2_N_IRQHandler</name>
         <value>0xc79</value>
      </symbol>
      <symbol id="sm-246">
         <name>TA3_0_IRQHandler</name>
         <value>0xc79</value>
      </symbol>
      <symbol id="sm-247">
         <name>TA3_N_IRQHandler</name>
         <value>0xc79</value>
      </symbol>
      <symbol id="sm-248">
         <name>EUSCIA0_IRQHandler</name>
         <value>0xa29</value>
      </symbol>
      <symbol id="sm-249">
         <name>EUSCIA1_IRQHandler</name>
         <value>0xc79</value>
      </symbol>
      <symbol id="sm-24a">
         <name>EUSCIA2_IRQHandler</name>
         <value>0xc79</value>
      </symbol>
      <symbol id="sm-24b">
         <name>EUSCIA3_IRQHandler</name>
         <value>0xc79</value>
      </symbol>
      <symbol id="sm-24c">
         <name>EUSCIB0_IRQHandler</name>
         <value>0xc79</value>
      </symbol>
      <symbol id="sm-24d">
         <name>EUSCIB1_IRQHandler</name>
         <value>0xc79</value>
      </symbol>
      <symbol id="sm-24e">
         <name>EUSCIB2_IRQHandler</name>
         <value>0xc79</value>
      </symbol>
      <symbol id="sm-24f">
         <name>EUSCIB3_IRQHandler</name>
         <value>0xc79</value>
      </symbol>
      <symbol id="sm-250">
         <name>ADC14_IRQHandler</name>
         <value>0x869</value>
      </symbol>
      <symbol id="sm-251">
         <name>T32_INT1_IRQHandler</name>
         <value>0xc79</value>
      </symbol>
      <symbol id="sm-252">
         <name>T32_INT2_IRQHandler</name>
         <value>0xc79</value>
      </symbol>
      <symbol id="sm-253">
         <name>T32_INTC_IRQHandler</name>
         <value>0xc79</value>
      </symbol>
      <symbol id="sm-254">
         <name>AES256_IRQHandler</name>
         <value>0xc79</value>
      </symbol>
      <symbol id="sm-255">
         <name>RTC_C_IRQHandler</name>
         <value>0xc79</value>
      </symbol>
      <symbol id="sm-256">
         <name>DMA_ERR_IRQHandler</name>
         <value>0xc79</value>
      </symbol>
      <symbol id="sm-257">
         <name>DMA_INT3_IRQHandler</name>
         <value>0xc79</value>
      </symbol>
      <symbol id="sm-258">
         <name>DMA_INT2_IRQHandler</name>
         <value>0xc79</value>
      </symbol>
      <symbol id="sm-259">
         <name>DMA_INT1_IRQHandler</name>
         <value>0xc79</value>
      </symbol>
      <symbol id="sm-25a">
         <name>DMA_INT0_IRQHandler</name>
         <value>0xc79</value>
      </symbol>
      <symbol id="sm-25b">
         <name>PORT1_IRQHandler</name>
         <value>0xc79</value>
      </symbol>
      <symbol id="sm-25c">
         <name>PORT2_IRQHandler</name>
         <value>0xc79</value>
      </symbol>
      <symbol id="sm-25d">
         <name>PORT3_IRQHandler</name>
         <value>0xc79</value>
      </symbol>
      <symbol id="sm-25e">
         <name>PORT4_IRQHandler</name>
         <value>0xc79</value>
      </symbol>
      <symbol id="sm-25f">
         <name>PORT5_IRQHandler</name>
         <value>0xc79</value>
      </symbol>
      <symbol id="sm-260">
         <name>PORT6_IRQHandler</name>
         <value>0xc79</value>
      </symbol>
   </symbol_table>
   <title>Link successful</title>
</link_info>
