******************************************************************************
                  TI ARM Linker PC v18.1.1                     
******************************************************************************
>> Linked Fri Apr 27 09:31:19 2018

OUTPUT FILE NAME:   <A6.out>
ENTRY POINT SYMBOL: "_c_int00_noargs"  address: 00000a31


MEMORY CONFIGURATION

         name            origin    length      used     unused   attr    fill
----------------------  --------  ---------  --------  --------  ----  --------
  MAIN                  00000000   00040000  00000aa4  0003f55c  R  X
  INFO                  00200000   00004000  00000000  00004000  R  X
  SRAM_CODE             01000000   00010000  00000204  0000fdfc  RW X
  SRAM_DATA             20000000   00010000  00000204  0000fdfc  RW  


SEGMENT ALLOCATION MAP

run origin  load origin   length   init length attrs members
----------  ----------- ---------- ----------- ----- -------
00000000    00000000    00000aa8   00000aa8    r-x
  00000000    00000000    000000e4   000000e4    r-- .intvecs
  000000e4    000000e4    000009a8   000009a8    r-x .text
  00000a90    00000a90    00000018   00000018    r-- .cinit
20000000    20000000    00000004   00000000    rw-
  20000000    20000000    00000004   00000000    rw- .data
2000fe00    2000fe00    00000200   00000000    rw-
  2000fe00    2000fe00    00000200   00000000    rw- .stack


SECTION ALLOCATION MAP

 output                                  attributes/
section   page    origin      length       input sections
--------  ----  ----------  ----------   ----------------
.intvecs   0    00000000    000000e4     
                  00000000    000000e4     startup_msp432p401r_ccs.obj (.intvecs:retain)

.text      0    000000e4    000009a8     
                  000000e4    00000334     system_msp432p401r.obj (.text)
                  00000418    000002aa     delays.obj (.text)
                  000006c2    00000002     --HOLE-- [fill = 0]
                  000006c4    00000120     main.obj (.text)
                  000007e4    00000104     set_DCO.obj (.text)
                  000008e8    0000009c     rtsv7M4_T_le_v4SPD16_eabi.lib : memcpy_t2.asm.obj (.text)
                  00000984    00000068                                   : copy_decompress_lzss.c.obj (.text:decompress:lzss:__TI_decompress_lzss)
                  000009ec    00000044                                   : autoinit.c.obj (.text:__TI_auto_init_nobinit_nopinit:__TI_auto_init_nobinit_nopinit)
                  00000a30    00000038                                   : boot_cortex_m.c.obj (.text:_c_int00_noargs:_c_int00_noargs)
                  00000a68    0000000e                                   : copy_decompress_none.c.obj (.text:decompress:none:__TI_decompress_none)
                  00000a76    0000000e     startup_msp432p401r_ccs.obj (.text)
                  00000a84    00000004     rtsv7M4_T_le_v4SPD16_eabi.lib : pre_init.c.obj (.text:_system_pre_init)
                  00000a88    00000004                                   : exit.c.obj (.text:abort:abort)

.cinit     0    00000a90    00000018     
                  00000a90    00000008     (.cinit..data.load) [load image, compression = lzss]
                  00000a98    00000008     (__TI_handler_table)
                  00000aa0    00000008     (__TI_cinit_table)

.init_array 
*          0    00000000    00000000     UNINITIALIZED

.binit     0    00000000    00000000     

.data      0    20000000    00000004     UNINITIALIZED
                  20000000    00000004     system_msp432p401r.obj (.data)

.stack     0    2000fe00    00000200     UNINITIALIZED
                  2000fe00    00000004     rtsv7M4_T_le_v4SPD16_eabi.lib : boot_cortex_m.c.obj (.stack)
                  2000fe04    000001fc     --HOLE--

MODULE SUMMARY

       Module                        code   ro data   rw data
       ------                        ----   -------   -------
    .\
       system_msp432p401r.obj        820    0         8      
       delays.obj                    682    0         0      
       main.obj                      288    0         0      
       set_DCO.obj                   260    0         0      
       startup_msp432p401r_ccs.obj   14     228       0      
    +--+-----------------------------+------+---------+---------+
       Total:                        2064   228       8      
                                                             
    C:\ti\ccsv8\tools\compiler\ti-cgt-arm_18.1.1.LTS\lib\rtsv7M4_T_le_v4SPD16_eabi.lib
       memcpy_t2.asm.obj             156    0         0      
       copy_decompress_lzss.c.obj    104    0         0      
       autoinit.c.obj                68     0         0      
       boot_cortex_m.c.obj           56     0         0      
       copy_decompress_none.c.obj    14     0         0      
       exit.c.obj                    4      0         0      
       pre_init.c.obj                4      0         0      
    +--+-----------------------------+------+---------+---------+
       Total:                        406    0         0      
                                                             
       Stack:                        0      0         1024   
       Linker Generated:             0      24        0      
    +--+-----------------------------+------+---------+---------+
       Grand Total:                  2470   252       1032   


LINKER GENERATED COPY TABLES

__TI_cinit_table @ 00000aa0 records: 1, size/record: 8, table size: 8
	.data: load addr=00000a90, load size=00000008 bytes, run addr=20000000, run size=00000004 bytes, compression=lzss


LINKER GENERATED HANDLER TABLE

__TI_handler_table @ 00000a98 records: 2, size/record: 4, table size: 8
	index: 0, handler: __TI_decompress_lzss
	index: 1, handler: __TI_decompress_none


GLOBAL SYMBOLS: SORTED ALPHABETICALLY BY Name 

address   name                          
-------   ----                          
00000a83  ADC14_IRQHandler              
00000a83  AES256_IRQHandler             
00000a83  BusFault_Handler              
00000a89  C$$EXIT                       
00000a83  COMP_E0_IRQHandler            
00000a83  COMP_E1_IRQHandler            
00000a83  CS_IRQHandler                 
00000a83  DMA_ERR_IRQHandler            
00000a83  DMA_INT0_IRQHandler           
00000a83  DMA_INT1_IRQHandler           
00000a83  DMA_INT2_IRQHandler           
00000a83  DMA_INT3_IRQHandler           
00000a83  DebugMon_Handler              
00000a83  Default_Handler               
00000a83  EUSCIA0_IRQHandler            
00000a83  EUSCIA1_IRQHandler            
00000a83  EUSCIA2_IRQHandler            
00000a83  EUSCIA3_IRQHandler            
00000a83  EUSCIB0_IRQHandler            
00000a83  EUSCIB1_IRQHandler            
00000a83  EUSCIB2_IRQHandler            
00000a83  EUSCIB3_IRQHandler            
00000a83  FLCTL_IRQHandler              
00000a83  FPU_IRQHandler                
00000a83  HardFault_Handler             
00000a83  MemManage_Handler             
00000a83  NMI_Handler                   
00000a83  PCM_IRQHandler                
00000a83  PORT1_IRQHandler              
00000a83  PORT2_IRQHandler              
00000a83  PORT3_IRQHandler              
00000a83  PORT4_IRQHandler              
00000a83  PORT5_IRQHandler              
00000a83  PORT6_IRQHandler              
00000a83  PSS_IRQHandler                
00000a83  PendSV_Handler                
00000a83  RTC_C_IRQHandler              
00000a77  Reset_Handler                 
00000a83  SVC_Handler                   
00000a83  SysTick_Handler               
20000000  SystemCoreClock               
000000e5  SystemCoreClockUpdate         
0000035d  SystemInit                    
00000a83  T32_INT1_IRQHandler           
00000a83  T32_INT2_IRQHandler           
00000a83  T32_INTC_IRQHandler           
00000a83  TA0_0_IRQHandler              
00000a83  TA0_N_IRQHandler              
00000a83  TA1_0_IRQHandler              
00000a83  TA1_N_IRQHandler              
00000a83  TA2_0_IRQHandler              
00000a83  TA2_N_IRQHandler              
00000a83  TA3_0_IRQHandler              
00000a83  TA3_N_IRQHandler              
00000a83  UsageFault_Handler            
4000480c  WDTCTL_SYM                    
00000a83  WDT_A_IRQHandler              
20010000  __STACK_END                   
00000200  __STACK_SIZE                  
00000aa0  __TI_CINIT_Base               
00000aa8  __TI_CINIT_Limit              
00000a98  __TI_Handler_Table_Base       
00000aa0  __TI_Handler_Table_Limit      
000009ed  __TI_auto_init_nobinit_nopinit
00000985  __TI_decompress_lzss          
00000a69  __TI_decompress_none          
ffffffff  __TI_pprof_out_hndl           
ffffffff  __TI_prof_data_size           
ffffffff  __TI_prof_data_start          
00000000  __TI_static_base__            
000008e9  __aeabi_memcpy                
000008e9  __aeabi_memcpy4               
000008e9  __aeabi_memcpy8               
ffffffff  __binit__                     
ffffffff  __c_args__                    
UNDEFED   __mpu_init                    
2000fe00  __stack                       
00000a31  _c_int00_noargs               
UNDEFED   _system_post_cinit            
00000a85  _system_pre_init              
00000a89  abort                         
ffffffff  binit                         
00000419  delay_ms                      
00000527  delay_us                      
00000000  interruptVectors              
000006c5  main                          
000008e9  memcpy                        
000007e5  set_DCO                       


GLOBAL SYMBOLS: SORTED BY Symbol Address 

address   name                          
-------   ----                          
00000000  __TI_static_base__            
00000000  interruptVectors              
000000e5  SystemCoreClockUpdate         
00000200  __STACK_SIZE                  
0000035d  SystemInit                    
00000419  delay_ms                      
00000527  delay_us                      
000006c5  main                          
000007e5  set_DCO                       
000008e9  __aeabi_memcpy                
000008e9  __aeabi_memcpy4               
000008e9  __aeabi_memcpy8               
000008e9  memcpy                        
00000985  __TI_decompress_lzss          
000009ed  __TI_auto_init_nobinit_nopinit
00000a31  _c_int00_noargs               
00000a69  __TI_decompress_none          
00000a77  Reset_Handler                 
00000a83  ADC14_IRQHandler              
00000a83  AES256_IRQHandler             
00000a83  BusFault_Handler              
00000a83  COMP_E0_IRQHandler            
00000a83  COMP_E1_IRQHandler            
00000a83  CS_IRQHandler                 
00000a83  DMA_ERR_IRQHandler            
00000a83  DMA_INT0_IRQHandler           
00000a83  DMA_INT1_IRQHandler           
00000a83  DMA_INT2_IRQHandler           
00000a83  DMA_INT3_IRQHandler           
00000a83  DebugMon_Handler              
00000a83  Default_Handler               
00000a83  EUSCIA0_IRQHandler            
00000a83  EUSCIA1_IRQHandler            
00000a83  EUSCIA2_IRQHandler            
00000a83  EUSCIA3_IRQHandler            
00000a83  EUSCIB0_IRQHandler            
00000a83  EUSCIB1_IRQHandler            
00000a83  EUSCIB2_IRQHandler            
00000a83  EUSCIB3_IRQHandler            
00000a83  FLCTL_IRQHandler              
00000a83  FPU_IRQHandler                
00000a83  HardFault_Handler             
00000a83  MemManage_Handler             
00000a83  NMI_Handler                   
00000a83  PCM_IRQHandler                
00000a83  PORT1_IRQHandler              
00000a83  PORT2_IRQHandler              
00000a83  PORT3_IRQHandler              
00000a83  PORT4_IRQHandler              
00000a83  PORT5_IRQHandler              
00000a83  PORT6_IRQHandler              
00000a83  PSS_IRQHandler                
00000a83  PendSV_Handler                
00000a83  RTC_C_IRQHandler              
00000a83  SVC_Handler                   
00000a83  SysTick_Handler               
00000a83  T32_INT1_IRQHandler           
00000a83  T32_INT2_IRQHandler           
00000a83  T32_INTC_IRQHandler           
00000a83  TA0_0_IRQHandler              
00000a83  TA0_N_IRQHandler              
00000a83  TA1_0_IRQHandler              
00000a83  TA1_N_IRQHandler              
00000a83  TA2_0_IRQHandler              
00000a83  TA2_N_IRQHandler              
00000a83  TA3_0_IRQHandler              
00000a83  TA3_N_IRQHandler              
00000a83  UsageFault_Handler            
00000a83  WDT_A_IRQHandler              
00000a85  _system_pre_init              
00000a89  C$$EXIT                       
00000a89  abort                         
00000a98  __TI_Handler_Table_Base       
00000aa0  __TI_CINIT_Base               
00000aa0  __TI_Handler_Table_Limit      
00000aa8  __TI_CINIT_Limit              
20000000  SystemCoreClock               
2000fe00  __stack                       
20010000  __STACK_END                   
4000480c  WDTCTL_SYM                    
ffffffff  __TI_pprof_out_hndl           
ffffffff  __TI_prof_data_size           
ffffffff  __TI_prof_data_start          
ffffffff  __binit__                     
ffffffff  __c_args__                    
ffffffff  binit                         
UNDEFED   __mpu_init                    
UNDEFED   _system_post_cinit            

[88 symbols]
