******************************************************************************
                  TI ARM Linker PC v18.1.1                     
******************************************************************************
>> Linked Tue Apr 10 00:54:16 2018

OUTPUT FILE NAME:   <A3.out>
ENTRY POINT SYMBOL: "_c_int00_noargs"  address: 00000b55


MEMORY CONFIGURATION

         name            origin    length      used     unused   attr    fill
----------------------  --------  ---------  --------  --------  ----  --------
  MAIN                  00000000   00040000  00000bc8  0003f438  R  X
  INFO                  00200000   00004000  00000000  00004000  R  X
  SRAM_CODE             01000000   00010000  00000204  0000fdfc  RW X
  SRAM_DATA             20000000   00010000  00000204  0000fdfc  RW  


SEGMENT ALLOCATION MAP

run origin  load origin   length   init length attrs members
----------  ----------- ---------- ----------- ----- -------
00000000    00000000    00000bc8   00000bc8    r-x
  00000000    00000000    000000e4   000000e4    r-- .intvecs
  000000e4    000000e4    00000acc   00000acc    r-x .text
  00000bb0    00000bb0    00000018   00000018    r-- .cinit
20000000    20000000    00000004   00000000    rw-
  20000000    20000000    00000004   00000000    rw- .data
2000fe00    2000fe00    00000200   00000000    rw-
  2000fe00    2000fe00    00000200   00000000    rw- .stack


SECTION ALLOCATION MAP

 output                                  attributes/
section   page    origin      length       input sections
--------  ----  ----------  ----------   ----------------
.intvecs   0    00000000    000000e4     
                  00000000    000000e4     startup_msp432p401r_ccs.obj (.intvecs:retain)

.text      0    000000e4    00000acc     
                  000000e4    00000334     system_msp432p401r.obj (.text)
                  00000418    00000290     delays.obj (.text)
                  000006a8    00000190     LCD.obj (.text)
                  00000838    00000104     set_DCO.obj (.text)
                  0000093c    000000d0     main.obj (.text)
                  00000a0c    0000009c     rtsv7M4_T_le_v4SPD16_eabi.lib : memcpy_t2.asm.obj (.text)
                  00000aa8    00000068                                   : copy_decompress_lzss.c.obj (.text:decompress:lzss:__TI_decompress_lzss)
                  00000b10    00000044                                   : autoinit.c.obj (.text:__TI_auto_init_nobinit_nopinit:__TI_auto_init_nobinit_nopinit)
                  00000b54    00000038                                   : boot_cortex_m.c.obj (.text:_c_int00_noargs:_c_int00_noargs)
                  00000b8c    0000000e                                   : copy_decompress_none.c.obj (.text:decompress:none:__TI_decompress_none)
                  00000b9a    0000000e     startup_msp432p401r_ccs.obj (.text)
                  00000ba8    00000004     rtsv7M4_T_le_v4SPD16_eabi.lib : pre_init.c.obj (.text:_system_pre_init)
                  00000bac    00000004                                   : exit.c.obj (.text:abort:abort)

.cinit     0    00000bb0    00000018     
                  00000bb0    00000008     (.cinit..data.load) [load image, compression = lzss]
                  00000bb8    00000008     (__TI_handler_table)
                  00000bc0    00000008     (__TI_cinit_table)

.init_array 
*          0    00000000    00000000     UNINITIALIZED

.binit     0    00000000    00000000     

.data      0    20000000    00000004     UNINITIALIZED
                  20000000    00000004     system_msp432p401r.obj (.data)

.stack     0    2000fe00    00000200     UNINITIALIZED
                  2000fe00    00000004     rtsv7M4_T_le_v4SPD16_eabi.lib : boot_cortex_m.c.obj (.stack)
                  2000fe04    000001fc     --HOLE--

MODULE SUMMARY

       Module                        code   ro data   rw data
       ------                        ----   -------   -------
    .\
       system_msp432p401r.obj        820    0         8      
       delays.obj                    656    0         0      
       LCD.obj                       400    0         0      
       set_DCO.obj                   260    0         0      
       startup_msp432p401r_ccs.obj   14     228       0      
       main.obj                      208    0         0      
    +--+-----------------------------+------+---------+---------+
       Total:                        2358   228       8      
                                                             
    C:\ti\ccsv8\tools\compiler\ti-cgt-arm_18.1.1.LTS\lib\rtsv7M4_T_le_v4SPD16_eabi.lib
       memcpy_t2.asm.obj             156    0         0      
       copy_decompress_lzss.c.obj    104    0         0      
       autoinit.c.obj                68     0         0      
       boot_cortex_m.c.obj           56     0         0      
       copy_decompress_none.c.obj    14     0         0      
       exit.c.obj                    4      0         0      
       pre_init.c.obj                4      0         0      
    +--+-----------------------------+------+---------+---------+
       Total:                        406    0         0      
                                                             
       Stack:                        0      0         1024   
       Linker Generated:             0      24        0      
    +--+-----------------------------+------+---------+---------+
       Grand Total:                  2764   252       1032   


LINKER GENERATED COPY TABLES

__TI_cinit_table @ 00000bc0 records: 1, size/record: 8, table size: 8
	.data: load addr=00000bb0, load size=00000008 bytes, run addr=20000000, run size=00000004 bytes, compression=lzss


LINKER GENERATED HANDLER TABLE

__TI_handler_table @ 00000bb8 records: 2, size/record: 4, table size: 8
	index: 0, handler: __TI_decompress_lzss
	index: 1, handler: __TI_decompress_none


GLOBAL SYMBOLS: SORTED ALPHABETICALLY BY Name 

address   name                          
-------   ----                          
00000ba7  ADC14_IRQHandler              
00000ba7  AES256_IRQHandler             
00000ba7  BusFault_Handler              
00000bad  C$$EXIT                       
00000ba7  COMP_E0_IRQHandler            
00000ba7  COMP_E1_IRQHandler            
00000ba7  CS_IRQHandler                 
00000ba7  DMA_ERR_IRQHandler            
00000ba7  DMA_INT0_IRQHandler           
00000ba7  DMA_INT1_IRQHandler           
00000ba7  DMA_INT2_IRQHandler           
00000ba7  DMA_INT3_IRQHandler           
00000ba7  DebugMon_Handler              
00000ba7  Default_Handler               
00000ba7  EUSCIA0_IRQHandler            
00000ba7  EUSCIA1_IRQHandler            
00000ba7  EUSCIA2_IRQHandler            
00000ba7  EUSCIA3_IRQHandler            
00000ba7  EUSCIB0_IRQHandler            
00000ba7  EUSCIB1_IRQHandler            
00000ba7  EUSCIB2_IRQHandler            
00000ba7  EUSCIB3_IRQHandler            
00000ba7  FLCTL_IRQHandler              
00000ba7  FPU_IRQHandler                
00000ba7  HardFault_Handler             
000007b9  LCD_CMD                       
00000791  LCD_CTRL                      
0000072b  LCD_INIT                      
00000ba7  MemManage_Handler             
00000ba7  NMI_Handler                   
00000ba7  PCM_IRQHandler                
00000ba7  PORT1_IRQHandler              
00000ba7  PORT2_IRQHandler              
00000ba7  PORT3_IRQHandler              
00000ba7  PORT4_IRQHandler              
00000ba7  PORT5_IRQHandler              
00000ba7  PORT6_IRQHandler              
00000ba7  PSS_IRQHandler                
00000ba7  PendSV_Handler                
00000ba7  RTC_C_IRQHandler              
00000b9b  Reset_Handler                 
00000ba7  SVC_Handler                   
00000ba7  SysTick_Handler               
20000000  SystemCoreClock               
000000e5  SystemCoreClockUpdate         
0000035d  SystemInit                    
00000ba7  T32_INT1_IRQHandler           
00000ba7  T32_INT2_IRQHandler           
00000ba7  T32_INTC_IRQHandler           
00000ba7  TA0_0_IRQHandler              
00000ba7  TA0_N_IRQHandler              
00000ba7  TA1_0_IRQHandler              
00000ba7  TA1_N_IRQHandler              
00000ba7  TA2_0_IRQHandler              
00000ba7  TA2_N_IRQHandler              
00000ba7  TA3_0_IRQHandler              
00000ba7  TA3_N_IRQHandler              
00000ba7  UsageFault_Handler            
4000480c  WDTCTL_SYM                    
00000ba7  WDT_A_IRQHandler              
20010000  __STACK_END                   
00000200  __STACK_SIZE                  
00000bc0  __TI_CINIT_Base               
00000bc8  __TI_CINIT_Limit              
00000bb8  __TI_Handler_Table_Base       
00000bc0  __TI_Handler_Table_Limit      
00000b11  __TI_auto_init_nobinit_nopinit
00000aa9  __TI_decompress_lzss          
00000b8d  __TI_decompress_none          
ffffffff  __TI_pprof_out_hndl           
ffffffff  __TI_prof_data_size           
ffffffff  __TI_prof_data_start          
00000000  __TI_static_base__            
00000a0d  __aeabi_memcpy                
00000a0d  __aeabi_memcpy4               
00000a0d  __aeabi_memcpy8               
ffffffff  __binit__                     
ffffffff  __c_args__                    
UNDEFED   __mpu_init                    
2000fe00  __stack                       
00000b55  _c_int00_noargs               
UNDEFED   _system_post_cinit            
00000ba9  _system_pre_init              
00000bad  abort                         
ffffffff  binit                         
00000713  clear_LCD                     
00000419  delay_ms                      
00000527  delay_us                      
000006fb  home_LCD                      
00000000  interruptVectors              
0000093d  main                          
00000a0d  memcpy                        
00000839  set_DCO                       
000006a9  write_char_LCD                


GLOBAL SYMBOLS: SORTED BY Symbol Address 

address   name                          
-------   ----                          
00000000  __TI_static_base__            
00000000  interruptVectors              
000000e5  SystemCoreClockUpdate         
00000200  __STACK_SIZE                  
0000035d  SystemInit                    
00000419  delay_ms                      
00000527  delay_us                      
000006a9  write_char_LCD                
000006fb  home_LCD                      
00000713  clear_LCD                     
0000072b  LCD_INIT                      
00000791  LCD_CTRL                      
000007b9  LCD_CMD                       
00000839  set_DCO                       
0000093d  main                          
00000a0d  __aeabi_memcpy                
00000a0d  __aeabi_memcpy4               
00000a0d  __aeabi_memcpy8               
00000a0d  memcpy                        
00000aa9  __TI_decompress_lzss          
00000b11  __TI_auto_init_nobinit_nopinit
00000b55  _c_int00_noargs               
00000b8d  __TI_decompress_none          
00000b9b  Reset_Handler                 
00000ba7  ADC14_IRQHandler              
00000ba7  AES256_IRQHandler             
00000ba7  BusFault_Handler              
00000ba7  COMP_E0_IRQHandler            
00000ba7  COMP_E1_IRQHandler            
00000ba7  CS_IRQHandler                 
00000ba7  DMA_ERR_IRQHandler            
00000ba7  DMA_INT0_IRQHandler           
00000ba7  DMA_INT1_IRQHandler           
00000ba7  DMA_INT2_IRQHandler           
00000ba7  DMA_INT3_IRQHandler           
00000ba7  DebugMon_Handler              
00000ba7  Default_Handler               
00000ba7  EUSCIA0_IRQHandler            
00000ba7  EUSCIA1_IRQHandler            
00000ba7  EUSCIA2_IRQHandler            
00000ba7  EUSCIA3_IRQHandler            
00000ba7  EUSCIB0_IRQHandler            
00000ba7  EUSCIB1_IRQHandler            
00000ba7  EUSCIB2_IRQHandler            
00000ba7  EUSCIB3_IRQHandler            
00000ba7  FLCTL_IRQHandler              
00000ba7  FPU_IRQHandler                
00000ba7  HardFault_Handler             
00000ba7  MemManage_Handler             
00000ba7  NMI_Handler                   
00000ba7  PCM_IRQHandler                
00000ba7  PORT1_IRQHandler              
00000ba7  PORT2_IRQHandler              
00000ba7  PORT3_IRQHandler              
00000ba7  PORT4_IRQHandler              
00000ba7  PORT5_IRQHandler              
00000ba7  PORT6_IRQHandler              
00000ba7  PSS_IRQHandler                
00000ba7  PendSV_Handler                
00000ba7  RTC_C_IRQHandler              
00000ba7  SVC_Handler                   
00000ba7  SysTick_Handler               
00000ba7  T32_INT1_IRQHandler           
00000ba7  T32_INT2_IRQHandler           
00000ba7  T32_INTC_IRQHandler           
00000ba7  TA0_0_IRQHandler              
00000ba7  TA0_N_IRQHandler              
00000ba7  TA1_0_IRQHandler              
00000ba7  TA1_N_IRQHandler              
00000ba7  TA2_0_IRQHandler              
00000ba7  TA2_N_IRQHandler              
00000ba7  TA3_0_IRQHandler              
00000ba7  TA3_N_IRQHandler              
00000ba7  UsageFault_Handler            
00000ba7  WDT_A_IRQHandler              
00000ba9  _system_pre_init              
00000bad  C$$EXIT                       
00000bad  abort                         
00000bb8  __TI_Handler_Table_Base       
00000bc0  __TI_CINIT_Base               
00000bc0  __TI_Handler_Table_Limit      
00000bc8  __TI_CINIT_Limit              
20000000  SystemCoreClock               
2000fe00  __stack                       
20010000  __STACK_END                   
4000480c  WDTCTL_SYM                    
ffffffff  __TI_pprof_out_hndl           
ffffffff  __TI_prof_data_size           
ffffffff  __TI_prof_data_start          
ffffffff  __binit__                     
ffffffff  __c_args__                    
ffffffff  binit                         
UNDEFED   __mpu_init                    
UNDEFED   _system_post_cinit            

[94 symbols]
