******************************************************************************
                  TI ARM Linker PC v18.1.1                     
******************************************************************************
>> Linked Mon Apr 16 15:07:16 2018

OUTPUT FILE NAME:   <P1.out>
ENTRY POINT SYMBOL: "_c_int00_noargs"  address: 00001105


MEMORY CONFIGURATION

         name            origin    length      used     unused   attr    fill
----------------------  --------  ---------  --------  --------  ----  --------
  MAIN                  00000000   00040000  000011ba  0003ee46  R  X
  INFO                  00200000   00004000  00000000  00004000  R  X
  SRAM_CODE             01000000   00010000  00000204  0000fdfc  RW X
  SRAM_DATA             20000000   00010000  00000204  0000fdfc  RW  


SEGMENT ALLOCATION MAP

run origin  load origin   length   init length attrs members
----------  ----------- ---------- ----------- ----- -------
00000000    00000000    000011c0   000011c0    r-x
  00000000    00000000    000000e4   000000e4    r-- .intvecs
  000000e4    000000e4    00001090   00001090    r-x .text
  00001174    00001174    0000002e   0000002e    r-- .const
  000011a8    000011a8    00000018   00000018    r-- .cinit
20000000    20000000    00000004   00000000    rw-
  20000000    20000000    00000004   00000000    rw- .data
2000fe00    2000fe00    00000200   00000000    rw-
  2000fe00    2000fe00    00000200   00000000    rw- .stack


SECTION ALLOCATION MAP

 output                                  attributes/
section   page    origin      length       input sections
--------  ----  ----------  ----------   ----------------
.intvecs   0    00000000    000000e4     
                  00000000    000000e4     startup_msp432p401r_ccs.obj (.intvecs:retain)

.text      0    000000e4    00001090     
                  000000e4    000003d0     main.obj (.text)
                  000004b4    00000334     system_msp432p401r.obj (.text)
                  000007e8    00000304     LCD.obj (.text)
                  00000aec    00000290     delays.obj (.text)
                  00000d7c    0000013c     keypad.obj (.text)
                  00000eb8    00000104     set_DCO.obj (.text)
                  00000fbc    0000009c     rtsv7M4_T_le_v4SPD16_eabi.lib : memcpy_t2.asm.obj (.text)
                  00001058    00000068                                   : copy_decompress_lzss.c.obj (.text:decompress:lzss:__TI_decompress_lzss)
                  000010c0    00000044                                   : autoinit.c.obj (.text:__TI_auto_init_nobinit_nopinit:__TI_auto_init_nobinit_nopinit)
                  00001104    00000038                                   : boot_cortex_m.c.obj (.text:_c_int00_noargs:_c_int00_noargs)
                  0000113c    00000014                                   : strlen.c.obj (.text:strlen)
                  00001150    0000000e                                   : copy_decompress_none.c.obj (.text:decompress:none:__TI_decompress_none)
                  0000115e    0000000e     startup_msp432p401r_ccs.obj (.text)
                  0000116c    00000004     rtsv7M4_T_le_v4SPD16_eabi.lib : pre_init.c.obj (.text:_system_pre_init)
                  00001170    00000004                                   : exit.c.obj (.text:abort:abort)

.const     0    00001174    0000002e     
                  00001174    00000011     LCD.obj (.const:.string:$P$T0$1)
                  00001185    00000011     main.obj (.const:.string:$P$T1$2)
                  00001196    0000000c     main.obj (.const:.string:$P$T0$1)

.cinit     0    000011a8    00000018     
                  000011a8    00000008     (.cinit..data.load) [load image, compression = lzss]
                  000011b0    00000008     (__TI_handler_table)
                  000011b8    00000008     (__TI_cinit_table)

.init_array 
*          0    00000000    00000000     UNINITIALIZED

.binit     0    00000000    00000000     

.data      0    20000000    00000004     UNINITIALIZED
                  20000000    00000004     system_msp432p401r.obj (.data)

.stack     0    2000fe00    00000200     UNINITIALIZED
                  2000fe00    00000004     rtsv7M4_T_le_v4SPD16_eabi.lib : boot_cortex_m.c.obj (.stack)
                  2000fe04    000001fc     --HOLE--

MODULE SUMMARY

       Module                        code   ro data   rw data
       ------                        ----   -------   -------
    .\
       main.obj                      976    29        0      
       system_msp432p401r.obj        820    0         8      
       LCD.obj                       772    17        0      
       delays.obj                    656    0         0      
       keypad.obj                    316    0         0      
       set_DCO.obj                   260    0         0      
       startup_msp432p401r_ccs.obj   14     228       0      
    +--+-----------------------------+------+---------+---------+
       Total:                        3814   274       8      
                                                             
    C:\ti\ccsv8\tools\compiler\ti-cgt-arm_18.1.1.LTS\lib\rtsv7M4_T_le_v4SPD16_eabi.lib
       memcpy_t2.asm.obj             156    0         0      
       copy_decompress_lzss.c.obj    104    0         0      
       autoinit.c.obj                68     0         0      
       boot_cortex_m.c.obj           56     0         0      
       strlen.c.obj                  20     0         0      
       copy_decompress_none.c.obj    14     0         0      
       exit.c.obj                    4      0         0      
       pre_init.c.obj                4      0         0      
    +--+-----------------------------+------+---------+---------+
       Total:                        426    0         0      
                                                             
       Stack:                        0      0         1024   
       Linker Generated:             0      24        0      
    +--+-----------------------------+------+---------+---------+
       Grand Total:                  4240   298       1032   


LINKER GENERATED COPY TABLES

__TI_cinit_table @ 000011b8 records: 1, size/record: 8, table size: 8
	.data: load addr=000011a8, load size=00000008 bytes, run addr=20000000, run size=00000004 bytes, compression=lzss


LINKER GENERATED HANDLER TABLE

__TI_handler_table @ 000011b0 records: 2, size/record: 4, table size: 8
	index: 0, handler: __TI_decompress_lzss
	index: 1, handler: __TI_decompress_none


GLOBAL SYMBOLS: SORTED ALPHABETICALLY BY Name 

address   name                          
-------   ----                          
0000116b  ADC14_IRQHandler              
0000116b  AES256_IRQHandler             
0000116b  BusFault_Handler              
00001171  C$$EXIT                       
0000116b  COMP_E0_IRQHandler            
0000116b  COMP_E1_IRQHandler            
0000116b  CS_IRQHandler                 
0000116b  DMA_ERR_IRQHandler            
0000116b  DMA_INT0_IRQHandler           
0000116b  DMA_INT1_IRQHandler           
0000116b  DMA_INT2_IRQHandler           
0000116b  DMA_INT3_IRQHandler           
0000116b  DebugMon_Handler              
0000116b  Default_Handler               
0000116b  EUSCIA0_IRQHandler            
0000116b  EUSCIA1_IRQHandler            
0000116b  EUSCIA2_IRQHandler            
0000116b  EUSCIA3_IRQHandler            
0000116b  EUSCIB0_IRQHandler            
0000116b  EUSCIB1_IRQHandler            
0000116b  EUSCIB2_IRQHandler            
0000116b  EUSCIB3_IRQHandler            
0000116b  FLCTL_IRQHandler              
0000116b  FPU_IRQHandler                
0000116b  HardFault_Handler             
00000d7d  KEYPAD_INIT                   
00000e25  KEY_LOCATE                    
00000a43  LCD_CMD                       
00000a1b  LCD_CTRL                      
00000931  LCD_INIT                      
00000445  LCD_Locked                    
000001a5  LCD_Unlocked                  
0000116b  MemManage_Handler             
0000116b  NMI_Handler                   
0000116b  PCM_IRQHandler                
0000116b  PORT1_IRQHandler              
0000116b  PORT2_IRQHandler              
0000116b  PORT3_IRQHandler              
0000116b  PORT4_IRQHandler              
0000116b  PORT5_IRQHandler              
0000116b  PORT6_IRQHandler              
0000116b  PSS_IRQHandler                
0000116b  PendSV_Handler                
0000116b  RTC_C_IRQHandler              
0000115f  Reset_Handler                 
0000116b  SVC_Handler                   
0000116b  SysTick_Handler               
20000000  SystemCoreClock               
000004b5  SystemCoreClockUpdate         
0000072d  SystemInit                    
0000116b  T32_INT1_IRQHandler           
0000116b  T32_INT2_IRQHandler           
0000116b  T32_INTC_IRQHandler           
0000116b  TA0_0_IRQHandler              
0000116b  TA0_N_IRQHandler              
0000116b  TA1_0_IRQHandler              
0000116b  TA1_N_IRQHandler              
0000116b  TA2_0_IRQHandler              
0000116b  TA2_N_IRQHandler              
0000116b  TA3_0_IRQHandler              
0000116b  TA3_N_IRQHandler              
0000116b  UsageFault_Handler            
4000480c  WDTCTL_SYM                    
0000116b  WDT_A_IRQHandler              
20010000  __STACK_END                   
00000200  __STACK_SIZE                  
000011b8  __TI_CINIT_Base               
000011c0  __TI_CINIT_Limit              
000011b0  __TI_Handler_Table_Base       
000011b8  __TI_Handler_Table_Limit      
000010c1  __TI_auto_init_nobinit_nopinit
00001059  __TI_decompress_lzss          
00001151  __TI_decompress_none          
ffffffff  __TI_pprof_out_hndl           
ffffffff  __TI_prof_data_size           
ffffffff  __TI_prof_data_start          
00000000  __TI_static_base__            
00000fbd  __aeabi_memcpy                
00000fbd  __aeabi_memcpy4               
00000fbd  __aeabi_memcpy8               
ffffffff  __binit__                     
ffffffff  __c_args__                    
UNDEFED   __mpu_init                    
2000fe00  __stack                       
00001105  _c_int00_noargs               
UNDEFED   _system_post_cinit            
0000116d  _system_pre_init              
00001171  abort                         
ffffffff  binit                         
0000041f  chk_Key                       
00000da7  chk_Keypad                    
00000165  chk_Mode                      
00000225  chk_Password                  
000008d1  clear_LCD                     
00000aed  delay_ms                      
00000bfb  delay_us                      
000008b9  home_LCD                      
00000000  interruptVectors              
000008e9  line_clear_LCD                
000000e5  main                          
00000fbd  memcpy                        
00000eb9  set_DCO                       
0000113d  strlen                        
000007e9  write_char_LCD                
0000083b  write_string_LCD              


GLOBAL SYMBOLS: SORTED BY Symbol Address 

address   name                          
-------   ----                          
00000000  __TI_static_base__            
00000000  interruptVectors              
000000e5  main                          
00000165  chk_Mode                      
000001a5  LCD_Unlocked                  
00000200  __STACK_SIZE                  
00000225  chk_Password                  
0000041f  chk_Key                       
00000445  LCD_Locked                    
000004b5  SystemCoreClockUpdate         
0000072d  SystemInit                    
000007e9  write_char_LCD                
0000083b  write_string_LCD              
000008b9  home_LCD                      
000008d1  clear_LCD                     
000008e9  line_clear_LCD                
00000931  LCD_INIT                      
00000a1b  LCD_CTRL                      
00000a43  LCD_CMD                       
00000aed  delay_ms                      
00000bfb  delay_us                      
00000d7d  KEYPAD_INIT                   
00000da7  chk_Keypad                    
00000e25  KEY_LOCATE                    
00000eb9  set_DCO                       
00000fbd  __aeabi_memcpy                
00000fbd  __aeabi_memcpy4               
00000fbd  __aeabi_memcpy8               
00000fbd  memcpy                        
00001059  __TI_decompress_lzss          
000010c1  __TI_auto_init_nobinit_nopinit
00001105  _c_int00_noargs               
0000113d  strlen                        
00001151  __TI_decompress_none          
0000115f  Reset_Handler                 
0000116b  ADC14_IRQHandler              
0000116b  AES256_IRQHandler             
0000116b  BusFault_Handler              
0000116b  COMP_E0_IRQHandler            
0000116b  COMP_E1_IRQHandler            
0000116b  CS_IRQHandler                 
0000116b  DMA_ERR_IRQHandler            
0000116b  DMA_INT0_IRQHandler           
0000116b  DMA_INT1_IRQHandler           
0000116b  DMA_INT2_IRQHandler           
0000116b  DMA_INT3_IRQHandler           
0000116b  DebugMon_Handler              
0000116b  Default_Handler               
0000116b  EUSCIA0_IRQHandler            
0000116b  EUSCIA1_IRQHandler            
0000116b  EUSCIA2_IRQHandler            
0000116b  EUSCIA3_IRQHandler            
0000116b  EUSCIB0_IRQHandler            
0000116b  EUSCIB1_IRQHandler            
0000116b  EUSCIB2_IRQHandler            
0000116b  EUSCIB3_IRQHandler            
0000116b  FLCTL_IRQHandler              
0000116b  FPU_IRQHandler                
0000116b  HardFault_Handler             
0000116b  MemManage_Handler             
0000116b  NMI_Handler                   
0000116b  PCM_IRQHandler                
0000116b  PORT1_IRQHandler              
0000116b  PORT2_IRQHandler              
0000116b  PORT3_IRQHandler              
0000116b  PORT4_IRQHandler              
0000116b  PORT5_IRQHandler              
0000116b  PORT6_IRQHandler              
0000116b  PSS_IRQHandler                
0000116b  PendSV_Handler                
0000116b  RTC_C_IRQHandler              
0000116b  SVC_Handler                   
0000116b  SysTick_Handler               
0000116b  T32_INT1_IRQHandler           
0000116b  T32_INT2_IRQHandler           
0000116b  T32_INTC_IRQHandler           
0000116b  TA0_0_IRQHandler              
0000116b  TA0_N_IRQHandler              
0000116b  TA1_0_IRQHandler              
0000116b  TA1_N_IRQHandler              
0000116b  TA2_0_IRQHandler              
0000116b  TA2_N_IRQHandler              
0000116b  TA3_0_IRQHandler              
0000116b  TA3_N_IRQHandler              
0000116b  UsageFault_Handler            
0000116b  WDT_A_IRQHandler              
0000116d  _system_pre_init              
00001171  C$$EXIT                       
00001171  abort                         
000011b0  __TI_Handler_Table_Base       
000011b8  __TI_CINIT_Base               
000011b8  __TI_Handler_Table_Limit      
000011c0  __TI_CINIT_Limit              
20000000  SystemCoreClock               
2000fe00  __stack                       
20010000  __STACK_END                   
4000480c  WDTCTL_SYM                    
ffffffff  __TI_pprof_out_hndl           
ffffffff  __TI_prof_data_size           
ffffffff  __TI_prof_data_start          
ffffffff  __binit__                     
ffffffff  __c_args__                    
ffffffff  binit                         
UNDEFED   __mpu_init                    
UNDEFED   _system_post_cinit            

[105 symbols]
