******************************************************************************
                  TI ARM Linker PC v18.1.1                     
******************************************************************************
>> Linked Sat Apr 14 17:27:25 2018

OUTPUT FILE NAME:   <P1.out>
ENTRY POINT SYMBOL: "_c_int00_noargs"  address: 00000f4d


MEMORY CONFIGURATION

         name            origin    length      used     unused   attr    fill
----------------------  --------  ---------  --------  --------  ----  --------
  MAIN                  00000000   00040000  00000ff1  0003f00f  R  X
  INFO                  00200000   00004000  00000000  00004000  R  X
  SRAM_CODE             01000000   00010000  00000204  0000fdfc  RW X
  SRAM_DATA             20000000   00010000  00000204  0000fdfc  RW  


SEGMENT ALLOCATION MAP

run origin  load origin   length   init length attrs members
----------  ----------- ---------- ----------- ----- -------
00000000    00000000    00000ff8   00000ff8    r-x
  00000000    00000000    000000e4   000000e4    r-- .intvecs
  000000e4    000000e4    00000ed8   00000ed8    r-x .text
  00000fbc    00000fbc    0000001d   0000001d    r-- .const
  00000fe0    00000fe0    00000018   00000018    r-- .cinit
20000000    20000000    00000004   00000000    rw-
  20000000    20000000    00000004   00000000    rw- .data
2000fe00    2000fe00    00000200   00000000    rw-
  2000fe00    2000fe00    00000200   00000000    rw- .stack


SECTION ALLOCATION MAP

 output                                  attributes/
section   page    origin      length       input sections
--------  ----  ----------  ----------   ----------------
.intvecs   0    00000000    000000e4     
                  00000000    000000e4     startup_msp432p401r_ccs.obj (.intvecs:retain)

.text      0    000000e4    00000ed8     
                  000000e4    00000334     system_msp432p401r.obj (.text)
                  00000418    000002c4     LCD.obj (.text)
                  000006dc    00000290     delays.obj (.text)
                  0000096c    00000258     main.obj (.text)
                  00000bc4    0000013c     keypad.obj (.text)
                  00000d00    00000104     set_DCO.obj (.text)
                  00000e04    0000009c     rtsv7M4_T_le_v4SPD16_eabi.lib : memcpy_t2.asm.obj (.text)
                  00000ea0    00000068                                   : copy_decompress_lzss.c.obj (.text:decompress:lzss:__TI_decompress_lzss)
                  00000f08    00000044                                   : autoinit.c.obj (.text:__TI_auto_init_nobinit_nopinit:__TI_auto_init_nobinit_nopinit)
                  00000f4c    00000038                                   : boot_cortex_m.c.obj (.text:_c_int00_noargs:_c_int00_noargs)
                  00000f84    00000014                                   : strlen.c.obj (.text:strlen)
                  00000f98    0000000e                                   : copy_decompress_none.c.obj (.text:decompress:none:__TI_decompress_none)
                  00000fa6    0000000e     startup_msp432p401r_ccs.obj (.text)
                  00000fb4    00000004     rtsv7M4_T_le_v4SPD16_eabi.lib : pre_init.c.obj (.text:_system_pre_init)
                  00000fb8    00000004                                   : exit.c.obj (.text:abort:abort)

.const     0    00000fbc    0000001d     
                  00000fbc    00000011     main.obj (.const:.string:$P$T1$2)
                  00000fcd    0000000c     main.obj (.const:.string:$P$T0$1)

.cinit     0    00000fe0    00000018     
                  00000fe0    00000008     (.cinit..data.load) [load image, compression = lzss]
                  00000fe8    00000008     (__TI_handler_table)
                  00000ff0    00000008     (__TI_cinit_table)

.init_array 
*          0    00000000    00000000     UNINITIALIZED

.binit     0    00000000    00000000     

.data      0    20000000    00000004     UNINITIALIZED
                  20000000    00000004     system_msp432p401r.obj (.data)

.stack     0    2000fe00    00000200     UNINITIALIZED
                  2000fe00    00000004     rtsv7M4_T_le_v4SPD16_eabi.lib : boot_cortex_m.c.obj (.stack)
                  2000fe04    000001fc     --HOLE--

MODULE SUMMARY

       Module                        code   ro data   rw data
       ------                        ----   -------   -------
    .\
       system_msp432p401r.obj        820    0         8      
       LCD.obj                       708    0         0      
       delays.obj                    656    0         0      
       main.obj                      600    29        0      
       keypad.obj                    316    0         0      
       set_DCO.obj                   260    0         0      
       startup_msp432p401r_ccs.obj   14     228       0      
    +--+-----------------------------+------+---------+---------+
       Total:                        3374   257       8      
                                                             
    C:\ti\ccsv8\tools\compiler\ti-cgt-arm_18.1.1.LTS\lib\rtsv7M4_T_le_v4SPD16_eabi.lib
       memcpy_t2.asm.obj             156    0         0      
       copy_decompress_lzss.c.obj    104    0         0      
       autoinit.c.obj                68     0         0      
       boot_cortex_m.c.obj           56     0         0      
       strlen.c.obj                  20     0         0      
       copy_decompress_none.c.obj    14     0         0      
       exit.c.obj                    4      0         0      
       pre_init.c.obj                4      0         0      
    +--+-----------------------------+------+---------+---------+
       Total:                        426    0         0      
                                                             
       Stack:                        0      0         1024   
       Linker Generated:             0      24        0      
    +--+-----------------------------+------+---------+---------+
       Grand Total:                  3800   281       1032   


LINKER GENERATED COPY TABLES

__TI_cinit_table @ 00000ff0 records: 1, size/record: 8, table size: 8
	.data: load addr=00000fe0, load size=00000008 bytes, run addr=20000000, run size=00000004 bytes, compression=lzss


LINKER GENERATED HANDLER TABLE

__TI_handler_table @ 00000fe8 records: 2, size/record: 4, table size: 8
	index: 0, handler: __TI_decompress_lzss
	index: 1, handler: __TI_decompress_none


GLOBAL SYMBOLS: SORTED ALPHABETICALLY BY Name 

address   name                          
-------   ----                          
00000fb3  ADC14_IRQHandler              
00000fb3  AES256_IRQHandler             
00000fb3  BusFault_Handler              
00000fb9  C$$EXIT                       
00000fb3  COMP_E0_IRQHandler            
00000fb3  COMP_E1_IRQHandler            
00000fb3  CS_IRQHandler                 
00000fb3  DMA_ERR_IRQHandler            
00000fb3  DMA_INT0_IRQHandler           
00000fb3  DMA_INT1_IRQHandler           
00000fb3  DMA_INT2_IRQHandler           
00000fb3  DMA_INT3_IRQHandler           
00000fb3  DebugMon_Handler              
00000fb3  Default_Handler               
00000fb3  EUSCIA0_IRQHandler            
00000fb3  EUSCIA1_IRQHandler            
00000fb3  EUSCIA2_IRQHandler            
00000fb3  EUSCIA3_IRQHandler            
00000fb3  EUSCIB0_IRQHandler            
00000fb3  EUSCIB1_IRQHandler            
00000fb3  EUSCIB2_IRQHandler            
00000fb3  EUSCIB3_IRQHandler            
00000fb3  FLCTL_IRQHandler              
00000fb3  FPU_IRQHandler                
00000fb3  HardFault_Handler             
00000bc5  KEYPAD_INIT                   
00000c6d  KEY_LOCATE                    
00000635  LCD_CMD                       
0000060d  LCD_CTRL                      
00000523  LCD_INIT                      
00000b75  LCD_Locked                    
00000fb3  MemManage_Handler             
00000fb3  NMI_Handler                   
00000fb3  PCM_IRQHandler                
00000fb3  PORT1_IRQHandler              
00000fb3  PORT2_IRQHandler              
00000fb3  PORT3_IRQHandler              
00000fb3  PORT4_IRQHandler              
00000fb3  PORT5_IRQHandler              
00000fb3  PORT6_IRQHandler              
00000fb3  PSS_IRQHandler                
00000fb3  PendSV_Handler                
00000fb3  RTC_C_IRQHandler              
00000fa7  Reset_Handler                 
00000fb3  SVC_Handler                   
00000fb3  SysTick_Handler               
20000000  SystemCoreClock               
000000e5  SystemCoreClockUpdate         
0000035d  SystemInit                    
00000fb3  T32_INT1_IRQHandler           
00000fb3  T32_INT2_IRQHandler           
00000fb3  T32_INTC_IRQHandler           
00000fb3  TA0_0_IRQHandler              
00000fb3  TA0_N_IRQHandler              
00000fb3  TA1_0_IRQHandler              
00000fb3  TA1_N_IRQHandler              
00000fb3  TA2_0_IRQHandler              
00000fb3  TA2_N_IRQHandler              
00000fb3  TA3_0_IRQHandler              
00000fb3  TA3_N_IRQHandler              
00000fb3  UsageFault_Handler            
4000480c  WDTCTL_SYM                    
00000fb3  WDT_A_IRQHandler              
20010000  __STACK_END                   
00000200  __STACK_SIZE                  
00000ff0  __TI_CINIT_Base               
00000ff8  __TI_CINIT_Limit              
00000fe8  __TI_Handler_Table_Base       
00000ff0  __TI_Handler_Table_Limit      
00000f09  __TI_auto_init_nobinit_nopinit
00000ea1  __TI_decompress_lzss          
00000f99  __TI_decompress_none          
ffffffff  __TI_pprof_out_hndl           
ffffffff  __TI_prof_data_size           
ffffffff  __TI_prof_data_start          
00000000  __TI_static_base__            
00000e05  __aeabi_memcpy                
00000e05  __aeabi_memcpy4               
00000e05  __aeabi_memcpy8               
ffffffff  __binit__                     
ffffffff  __c_args__                    
UNDEFED   __mpu_init                    
2000fe00  __stack                       
00000f4d  _c_int00_noargs               
UNDEFED   _system_post_cinit            
00000fb5  _system_pre_init              
00000fb9  abort                         
ffffffff  binit                         
00000b4f  chk_Key                       
00000bef  chk_Keypad                    
00000a2d  chk_Password                  
0000050b  clear_LCD                     
000006dd  delay_ms                      
000007eb  delay_us                      
000004f3  home_LCD                      
00000000  interruptVectors              
0000096d  main                          
00000e05  memcpy                        
00000d01  set_DCO                       
00000f85  strlen                        
00000419  write_char_LCD                
0000046b  write_string_LCD              


GLOBAL SYMBOLS: SORTED BY Symbol Address 

address   name                          
-------   ----                          
00000000  __TI_static_base__            
00000000  interruptVectors              
000000e5  SystemCoreClockUpdate         
00000200  __STACK_SIZE                  
0000035d  SystemInit                    
00000419  write_char_LCD                
0000046b  write_string_LCD              
000004f3  home_LCD                      
0000050b  clear_LCD                     
00000523  LCD_INIT                      
0000060d  LCD_CTRL                      
00000635  LCD_CMD                       
000006dd  delay_ms                      
000007eb  delay_us                      
0000096d  main                          
00000a2d  chk_Password                  
00000b4f  chk_Key                       
00000b75  LCD_Locked                    
00000bc5  KEYPAD_INIT                   
00000bef  chk_Keypad                    
00000c6d  KEY_LOCATE                    
00000d01  set_DCO                       
00000e05  __aeabi_memcpy                
00000e05  __aeabi_memcpy4               
00000e05  __aeabi_memcpy8               
00000e05  memcpy                        
00000ea1  __TI_decompress_lzss          
00000f09  __TI_auto_init_nobinit_nopinit
00000f4d  _c_int00_noargs               
00000f85  strlen                        
00000f99  __TI_decompress_none          
00000fa7  Reset_Handler                 
00000fb3  ADC14_IRQHandler              
00000fb3  AES256_IRQHandler             
00000fb3  BusFault_Handler              
00000fb3  COMP_E0_IRQHandler            
00000fb3  COMP_E1_IRQHandler            
00000fb3  CS_IRQHandler                 
00000fb3  DMA_ERR_IRQHandler            
00000fb3  DMA_INT0_IRQHandler           
00000fb3  DMA_INT1_IRQHandler           
00000fb3  DMA_INT2_IRQHandler           
00000fb3  DMA_INT3_IRQHandler           
00000fb3  DebugMon_Handler              
00000fb3  Default_Handler               
00000fb3  EUSCIA0_IRQHandler            
00000fb3  EUSCIA1_IRQHandler            
00000fb3  EUSCIA2_IRQHandler            
00000fb3  EUSCIA3_IRQHandler            
00000fb3  EUSCIB0_IRQHandler            
00000fb3  EUSCIB1_IRQHandler            
00000fb3  EUSCIB2_IRQHandler            
00000fb3  EUSCIB3_IRQHandler            
00000fb3  FLCTL_IRQHandler              
00000fb3  FPU_IRQHandler                
00000fb3  HardFault_Handler             
00000fb3  MemManage_Handler             
00000fb3  NMI_Handler                   
00000fb3  PCM_IRQHandler                
00000fb3  PORT1_IRQHandler              
00000fb3  PORT2_IRQHandler              
00000fb3  PORT3_IRQHandler              
00000fb3  PORT4_IRQHandler              
00000fb3  PORT5_IRQHandler              
00000fb3  PORT6_IRQHandler              
00000fb3  PSS_IRQHandler                
00000fb3  PendSV_Handler                
00000fb3  RTC_C_IRQHandler              
00000fb3  SVC_Handler                   
00000fb3  SysTick_Handler               
00000fb3  T32_INT1_IRQHandler           
00000fb3  T32_INT2_IRQHandler           
00000fb3  T32_INTC_IRQHandler           
00000fb3  TA0_0_IRQHandler              
00000fb3  TA0_N_IRQHandler              
00000fb3  TA1_0_IRQHandler              
00000fb3  TA1_N_IRQHandler              
00000fb3  TA2_0_IRQHandler              
00000fb3  TA2_N_IRQHandler              
00000fb3  TA3_0_IRQHandler              
00000fb3  TA3_N_IRQHandler              
00000fb3  UsageFault_Handler            
00000fb3  WDT_A_IRQHandler              
00000fb5  _system_pre_init              
00000fb9  C$$EXIT                       
00000fb9  abort                         
00000fe8  __TI_Handler_Table_Base       
00000ff0  __TI_CINIT_Base               
00000ff0  __TI_Handler_Table_Limit      
00000ff8  __TI_CINIT_Limit              
20000000  SystemCoreClock               
2000fe00  __stack                       
20010000  __STACK_END                   
4000480c  WDTCTL_SYM                    
ffffffff  __TI_pprof_out_hndl           
ffffffff  __TI_prof_data_size           
ffffffff  __TI_prof_data_start          
ffffffff  __binit__                     
ffffffff  __c_args__                    
ffffffff  binit                         
UNDEFED   __mpu_init                    
UNDEFED   _system_post_cinit            

[102 symbols]
