******************************************************************************
                  TI ARM Linker PC v18.1.1                     
******************************************************************************
>> Linked Fri Apr 20 09:12:54 2018

OUTPUT FILE NAME:   <P1.out>
ENTRY POINT SYMBOL: "_c_int00_noargs"  address: 00001131


MEMORY CONFIGURATION

         name            origin    length      used     unused   attr    fill
----------------------  --------  ---------  --------  --------  ----  --------
  MAIN                  00000000   00040000  000011e6  0003ee1a  R  X
  INFO                  00200000   00004000  00000000  00004000  R  X
  SRAM_CODE             01000000   00010000  00000204  0000fdfc  RW X
  SRAM_DATA             20000000   00010000  00000204  0000fdfc  RW  


SEGMENT ALLOCATION MAP

run origin  load origin   length   init length attrs members
----------  ----------- ---------- ----------- ----- -------
00000000    00000000    000011e8   000011e8    r-x
  00000000    00000000    000000e4   000000e4    r-- .intvecs
  000000e4    000000e4    000010bc   000010bc    r-x .text
  000011a0    000011a0    0000002e   0000002e    r-- .const
  000011d0    000011d0    00000018   00000018    r-- .cinit
20000000    20000000    00000004   00000000    rw-
  20000000    20000000    00000004   00000000    rw- .data
2000fe00    2000fe00    00000200   00000000    rw-
  2000fe00    2000fe00    00000200   00000000    rw- .stack


SECTION ALLOCATION MAP

 output                                  attributes/
section   page    origin      length       input sections
--------  ----  ----------  ----------   ----------------
.intvecs   0    00000000    000000e4     
                  00000000    000000e4     startup_msp432p401r_ccs.obj (.intvecs:retain)

.text      0    000000e4    000010bc     
                  000000e4    000003fc     main.obj (.text)
                  000004e0    00000334     system_msp432p401r.obj (.text)
                  00000814    00000304     LCD.obj (.text)
                  00000b18    00000290     delays.obj (.text)
                  00000da8    0000013c     keypad.obj (.text)
                  00000ee4    00000104     set_DCO.obj (.text)
                  00000fe8    0000009c     rtsv7M4_T_le_v4SPD16_eabi.lib : memcpy_t2.asm.obj (.text)
                  00001084    00000068                                   : copy_decompress_lzss.c.obj (.text:decompress:lzss:__TI_decompress_lzss)
                  000010ec    00000044                                   : autoinit.c.obj (.text:__TI_auto_init_nobinit_nopinit:__TI_auto_init_nobinit_nopinit)
                  00001130    00000038                                   : boot_cortex_m.c.obj (.text:_c_int00_noargs:_c_int00_noargs)
                  00001168    00000014                                   : strlen.c.obj (.text:strlen)
                  0000117c    0000000e                                   : copy_decompress_none.c.obj (.text:decompress:none:__TI_decompress_none)
                  0000118a    0000000e     startup_msp432p401r_ccs.obj (.text)
                  00001198    00000004     rtsv7M4_T_le_v4SPD16_eabi.lib : pre_init.c.obj (.text:_system_pre_init)
                  0000119c    00000004                                   : exit.c.obj (.text:abort:abort)

.const     0    000011a0    0000002e     
                  000011a0    00000011     LCD.obj (.const:.string:$P$T0$1)
                  000011b1    00000011     main.obj (.const:.string:$P$T1$2)
                  000011c2    0000000c     main.obj (.const:.string:$P$T0$1)

.cinit     0    000011d0    00000018     
                  000011d0    00000008     (.cinit..data.load) [load image, compression = lzss]
                  000011d8    00000008     (__TI_handler_table)
                  000011e0    00000008     (__TI_cinit_table)

.init_array 
*          0    00000000    00000000     UNINITIALIZED

.binit     0    00000000    00000000     

.data      0    20000000    00000004     UNINITIALIZED
                  20000000    00000004     system_msp432p401r.obj (.data)

.stack     0    2000fe00    00000200     UNINITIALIZED
                  2000fe00    00000004     rtsv7M4_T_le_v4SPD16_eabi.lib : boot_cortex_m.c.obj (.stack)
                  2000fe04    000001fc     --HOLE--

MODULE SUMMARY

       Module                        code   ro data   rw data
       ------                        ----   -------   -------
    .\
       main.obj                      1020   29        0      
       system_msp432p401r.obj        820    0         8      
       LCD.obj                       772    17        0      
       delays.obj                    656    0         0      
       keypad.obj                    316    0         0      
       set_DCO.obj                   260    0         0      
       startup_msp432p401r_ccs.obj   14     228       0      
    +--+-----------------------------+------+---------+---------+
       Total:                        3858   274       8      
                                                             
    C:\ti\ccsv8\tools\compiler\ti-cgt-arm_18.1.1.LTS\lib\rtsv7M4_T_le_v4SPD16_eabi.lib
       memcpy_t2.asm.obj             156    0         0      
       copy_decompress_lzss.c.obj    104    0         0      
       autoinit.c.obj                68     0         0      
       boot_cortex_m.c.obj           56     0         0      
       strlen.c.obj                  20     0         0      
       copy_decompress_none.c.obj    14     0         0      
       exit.c.obj                    4      0         0      
       pre_init.c.obj                4      0         0      
    +--+-----------------------------+------+---------+---------+
       Total:                        426    0         0      
                                                             
       Stack:                        0      0         1024   
       Linker Generated:             0      24        0      
    +--+-----------------------------+------+---------+---------+
       Grand Total:                  4284   298       1032   


LINKER GENERATED COPY TABLES

__TI_cinit_table @ 000011e0 records: 1, size/record: 8, table size: 8
	.data: load addr=000011d0, load size=00000008 bytes, run addr=20000000, run size=00000004 bytes, compression=lzss


LINKER GENERATED HANDLER TABLE

__TI_handler_table @ 000011d8 records: 2, size/record: 4, table size: 8
	index: 0, handler: __TI_decompress_lzss
	index: 1, handler: __TI_decompress_none


GLOBAL SYMBOLS: SORTED ALPHABETICALLY BY Name 

address   name                          
-------   ----                          
00001197  ADC14_IRQHandler              
00001197  AES256_IRQHandler             
00001197  BusFault_Handler              
0000119d  C$$EXIT                       
00001197  COMP_E0_IRQHandler            
00001197  COMP_E1_IRQHandler            
00001197  CS_IRQHandler                 
00001197  DMA_ERR_IRQHandler            
00001197  DMA_INT0_IRQHandler           
00001197  DMA_INT1_IRQHandler           
00001197  DMA_INT2_IRQHandler           
00001197  DMA_INT3_IRQHandler           
00001197  DebugMon_Handler              
00001197  Default_Handler               
00001197  EUSCIA0_IRQHandler            
00001197  EUSCIA1_IRQHandler            
00001197  EUSCIA2_IRQHandler            
00001197  EUSCIA3_IRQHandler            
00001197  EUSCIB0_IRQHandler            
00001197  EUSCIB1_IRQHandler            
00001197  EUSCIB2_IRQHandler            
00001197  EUSCIB3_IRQHandler            
00001197  FLCTL_IRQHandler              
00001197  FPU_IRQHandler                
00001197  HardFault_Handler             
00000da9  KEYPAD_INIT                   
00000e51  KEY_LOCATE                    
00000a6f  LCD_CMD                       
00000a47  LCD_CTRL                      
0000095d  LCD_INIT                      
0000047f  LCD_Locked                    
000001c1  LCD_Unlocked                  
00001197  MemManage_Handler             
00001197  NMI_Handler                   
00001197  PCM_IRQHandler                
00001197  PORT1_IRQHandler              
00001197  PORT2_IRQHandler              
00001197  PORT3_IRQHandler              
00001197  PORT4_IRQHandler              
00001197  PORT5_IRQHandler              
00001197  PORT6_IRQHandler              
00001197  PSS_IRQHandler                
00001197  PendSV_Handler                
00001197  RTC_C_IRQHandler              
0000118b  Reset_Handler                 
00001197  SVC_Handler                   
00001197  SysTick_Handler               
20000000  SystemCoreClock               
000004e1  SystemCoreClockUpdate         
00000759  SystemInit                    
00001197  T32_INT1_IRQHandler           
00001197  T32_INT2_IRQHandler           
00001197  T32_INTC_IRQHandler           
00001197  TA0_0_IRQHandler              
00001197  TA0_N_IRQHandler              
00001197  TA1_0_IRQHandler              
00001197  TA1_N_IRQHandler              
00001197  TA2_0_IRQHandler              
00001197  TA2_N_IRQHandler              
00001197  TA3_0_IRQHandler              
00001197  TA3_N_IRQHandler              
00001197  UsageFault_Handler            
4000480c  WDTCTL_SYM                    
00001197  WDT_A_IRQHandler              
20010000  __STACK_END                   
00000200  __STACK_SIZE                  
000011e0  __TI_CINIT_Base               
000011e8  __TI_CINIT_Limit              
000011d8  __TI_Handler_Table_Base       
000011e0  __TI_Handler_Table_Limit      
000010ed  __TI_auto_init_nobinit_nopinit
00001085  __TI_decompress_lzss          
0000117d  __TI_decompress_none          
ffffffff  __TI_pprof_out_hndl           
ffffffff  __TI_prof_data_size           
ffffffff  __TI_prof_data_start          
00000000  __TI_static_base__            
00000fe9  __aeabi_memcpy                
00000fe9  __aeabi_memcpy4               
00000fe9  __aeabi_memcpy8               
ffffffff  __binit__                     
ffffffff  __c_args__                    
UNDEFED   __mpu_init                    
2000fe00  __stack                       
00001131  _c_int00_noargs               
UNDEFED   _system_post_cinit            
00001199  _system_pre_init              
0000119d  abort                         
ffffffff  binit                         
0000044b  chk_Key                       
00000dd3  chk_Keypad                    
00000165  chk_Mode                      
00000241  chk_Password                  
000008fd  clear_LCD                     
00000b19  delay_ms                      
00000c27  delay_us                      
000008e5  home_LCD                      
00000000  interruptVectors              
00000915  line_clear_LCD                
000000e5  main                          
00000fe9  memcpy                        
00000ee5  set_DCO                       
00001169  strlen                        
00000815  write_char_LCD                
00000867  write_string_LCD              


GLOBAL SYMBOLS: SORTED BY Symbol Address 

address   name                          
-------   ----                          
00000000  __TI_static_base__            
00000000  interruptVectors              
000000e5  main                          
00000165  chk_Mode                      
000001c1  LCD_Unlocked                  
00000200  __STACK_SIZE                  
00000241  chk_Password                  
0000044b  chk_Key                       
0000047f  LCD_Locked                    
000004e1  SystemCoreClockUpdate         
00000759  SystemInit                    
00000815  write_char_LCD                
00000867  write_string_LCD              
000008e5  home_LCD                      
000008fd  clear_LCD                     
00000915  line_clear_LCD                
0000095d  LCD_INIT                      
00000a47  LCD_CTRL                      
00000a6f  LCD_CMD                       
00000b19  delay_ms                      
00000c27  delay_us                      
00000da9  KEYPAD_INIT                   
00000dd3  chk_Keypad                    
00000e51  KEY_LOCATE                    
00000ee5  set_DCO                       
00000fe9  __aeabi_memcpy                
00000fe9  __aeabi_memcpy4               
00000fe9  __aeabi_memcpy8               
00000fe9  memcpy                        
00001085  __TI_decompress_lzss          
000010ed  __TI_auto_init_nobinit_nopinit
00001131  _c_int00_noargs               
00001169  strlen                        
0000117d  __TI_decompress_none          
0000118b  Reset_Handler                 
00001197  ADC14_IRQHandler              
00001197  AES256_IRQHandler             
00001197  BusFault_Handler              
00001197  COMP_E0_IRQHandler            
00001197  COMP_E1_IRQHandler            
00001197  CS_IRQHandler                 
00001197  DMA_ERR_IRQHandler            
00001197  DMA_INT0_IRQHandler           
00001197  DMA_INT1_IRQHandler           
00001197  DMA_INT2_IRQHandler           
00001197  DMA_INT3_IRQHandler           
00001197  DebugMon_Handler              
00001197  Default_Handler               
00001197  EUSCIA0_IRQHandler            
00001197  EUSCIA1_IRQHandler            
00001197  EUSCIA2_IRQHandler            
00001197  EUSCIA3_IRQHandler            
00001197  EUSCIB0_IRQHandler            
00001197  EUSCIB1_IRQHandler            
00001197  EUSCIB2_IRQHandler            
00001197  EUSCIB3_IRQHandler            
00001197  FLCTL_IRQHandler              
00001197  FPU_IRQHandler                
00001197  HardFault_Handler             
00001197  MemManage_Handler             
00001197  NMI_Handler                   
00001197  PCM_IRQHandler                
00001197  PORT1_IRQHandler              
00001197  PORT2_IRQHandler              
00001197  PORT3_IRQHandler              
00001197  PORT4_IRQHandler              
00001197  PORT5_IRQHandler              
00001197  PORT6_IRQHandler              
00001197  PSS_IRQHandler                
00001197  PendSV_Handler                
00001197  RTC_C_IRQHandler              
00001197  SVC_Handler                   
00001197  SysTick_Handler               
00001197  T32_INT1_IRQHandler           
00001197  T32_INT2_IRQHandler           
00001197  T32_INTC_IRQHandler           
00001197  TA0_0_IRQHandler              
00001197  TA0_N_IRQHandler              
00001197  TA1_0_IRQHandler              
00001197  TA1_N_IRQHandler              
00001197  TA2_0_IRQHandler              
00001197  TA2_N_IRQHandler              
00001197  TA3_0_IRQHandler              
00001197  TA3_N_IRQHandler              
00001197  UsageFault_Handler            
00001197  WDT_A_IRQHandler              
00001199  _system_pre_init              
0000119d  C$$EXIT                       
0000119d  abort                         
000011d8  __TI_Handler_Table_Base       
000011e0  __TI_CINIT_Base               
000011e0  __TI_Handler_Table_Limit      
000011e8  __TI_CINIT_Limit              
20000000  SystemCoreClock               
2000fe00  __stack                       
20010000  __STACK_END                   
4000480c  WDTCTL_SYM                    
ffffffff  __TI_pprof_out_hndl           
ffffffff  __TI_prof_data_size           
ffffffff  __TI_prof_data_start          
ffffffff  __binit__                     
ffffffff  __c_args__                    
ffffffff  binit                         
UNDEFED   __mpu_init                    
UNDEFED   _system_post_cinit            

[105 symbols]
