******************************************************************************
                  TI ARM Linker PC v18.1.1                     
******************************************************************************
>> Linked Fri May  4 12:51:14 2018

OUTPUT FILE NAME:   <P2.out>
ENTRY POINT SYMBOL: "_c_int00_noargs"  address: 00002acd


MEMORY CONFIGURATION

         name            origin    length      used     unused   attr    fill
----------------------  --------  ---------  --------  --------  ----  --------
  MAIN                  00000000   00040000  00002da9  0003d257  R  X
  INFO                  00200000   00004000  00000000  00004000  R  X
  SRAM_CODE             01000000   00010000  00000240  0000fdc0  RW X
  SRAM_DATA             20000000   00010000  00000240  0000fdc0  RW  


SEGMENT ALLOCATION MAP

run origin  load origin   length   init length attrs members
----------  ----------- ---------- ----------- ----- -------
00000000    00000000    00002db0   00002db0    r-x
  00000000    00000000    000000e4   000000e4    r-- .intvecs
  000000e4    000000e4    00002b00   00002b00    r-x .text
  00002be8    00002be8    0000018d   0000018d    r-- .const
  00002d78    00002d78    00000038   00000038    r-- .cinit
20000000    20000000    00000040   00000000    rw-
  20000000    20000000    00000020   00000000    rw- .bss
  20000020    20000020    00000020   00000000    rw- .data
2000fe00    2000fe00    00000200   00000000    rw-
  2000fe00    2000fe00    00000200   00000000    rw- .stack


SECTION ALLOCATION MAP

 output                                  attributes/
section   page    origin      length       input sections
--------  ----  ----------  ----------   ----------------
.intvecs   0    00000000    000000e4     
                  00000000    000000e4     startup_msp432p401r_ccs.obj (.intvecs:retain)

.text      0    000000e4    00002b00     
                  000000e4    00000738     rtsv7M4_T_le_v4SPD16_eabi.lib : k_rem_pio2.c.obj (.text:__kernel_rem_pio2)
                  0000081c    000005c4                                   : s_sin.c.obj (.text:sin)
                  00000de0    00000360     main.obj (.text)
                  00001140    00000334     system_msp432p401r.obj (.text)
                  00001474    0000030c     DAC.obj (.text)
                  00001780    00000304     LCD.obj (.text)
                  00001a84    00000290     delays.obj (.text)
                  00001d14    000001b6     rtsv7M4_T_le_v4SPD16_eabi.lib : fd_add_t2.asm.obj (.text)
                  00001eca    00000002     --HOLE-- [fill = 0]
                  00001ecc    00000174                                   : k_sin.c.obj (.text:__kernel_sin)
                  00002040    00000170     keypad.obj (.text)
                  000021b0    0000016c     rtsv7M4_T_le_v4SPD16_eabi.lib : k_cos.c.obj (.text:__kernel_cos)
                  0000231c    00000110                                   : s_scalbn.c.obj (.text:scalbn)
                  0000242c    00000104     set_DCO.obj (.text)
                  00002530    000000fc     rtsv7M4_T_le_v4SPD16_eabi.lib : fd_mul_t2.asm.obj (.text)
                  0000262c    000000f8                                   : s_floor.c.obj (.text:floor)
                  00002724    0000009c     SPI.obj (.text)
                  000027c0    0000009c     rtsv7M4_T_le_v4SPD16_eabi.lib : memcpy_t2.asm.obj (.text)
                  0000285c    00000086                                   : fd_cmp_t2.asm.obj (.text:__aeabi_cdcmple)
                  000028e2    00000086                                   : fd_cmp_t2.asm.obj (.text:__aeabi_cdrcmple)
                  00002968    0000006e                                   : fd_tos_t2.asm.obj (.text)
                  000029d6    00000068                                   : copy_decompress_lzss.c.obj (.text:decompress:lzss:__TI_decompress_lzss)
                  00002a3e    00000048                                   : fd_toi_t2.asm.obj (.text)
                  00002a86    00000002     --HOLE-- [fill = 0]
                  00002a88    00000044                                   : autoinit.c.obj (.text:__TI_auto_init_nobinit_nopinit:__TI_auto_init_nobinit_nopinit)
                  00002acc    00000038                                   : boot_cortex_m.c.obj (.text:_c_int00_noargs:_c_int00_noargs)
                  00002b04    00000038                                   : fs_tod_t2.asm.obj (.text)
                  00002b3c    0000002e                                   : i_tofd_t2.asm.obj (.text)
                  00002b6a    00000014                                   : s_copysign.c.obj (.text:copysign)
                  00002b7e    00000014                                   : strcpy.c.obj (.text:strcpy)
                  00002b92    00000014                                   : strlen.c.obj (.text:strlen)
                  00002ba6    00000012                                   : copy_zero_init.c.obj (.text:decompress:ZI:__TI_zero_init_nomemset:__TI_zero_init_nomemset)
                  00002bb8    0000000e                                   : copy_decompress_none.c.obj (.text:decompress:none:__TI_decompress_none)
                  00002bc6    0000000e     startup_msp432p401r_ccs.obj (.text)
                  00002bd4    00000008     rtsv7M4_T_le_v4SPD16_eabi.lib : errno.c.obj (.text:__aeabi_errno_addr)
                  00002bdc    00000004                                   : pre_init.c.obj (.text:_system_pre_init)
                  00002be0    00000004                                   : exit.c.obj (.text:abort:abort)

.const     0    00002be8    0000018d     
                  00002be8    00000158     rtsv7M4_T_le_v4SPD16_eabi.lib : k_rem_pio2.c.obj (.const:$O1$$)
                  00002d40    0000001c     main.obj (.const:.string:$P$T0$1)
                  00002d5c    00000011     LCD.obj (.const:.string:$P$T0$1)
                  00002d6d    00000003     main.obj (.const:.string:$P$T1$2)
                  00002d70    00000003     main.obj (.const:.string:$P$T2$3)
                  00002d73    00000002     main.obj (.const:.string:$P$T3$4)

.cinit     0    00002d78    00000038     
                  00002d78    00000012     (.cinit..data.load) [load image, compression = lzss]
                  00002d8a    00000002     --HOLE-- [fill = 0]
                  00002d8c    0000000c     (__TI_handler_table)
                  00002d98    00000008     (.cinit..bss.load) [load image, compression = zero_init]
                  00002da0    00000010     (__TI_cinit_table)

.init_array 
*          0    00000000    00000000     UNINITIALIZED

.binit     0    00000000    00000000     

.bss       0    20000000    00000020     UNINITIALIZED
                  20000000    00000018     DAC.obj (.bss)
                  20000018    00000004     DAC.obj (.bss:sawVal_DN)
                  2000001c    00000004     DAC.obj (.bss:sinVal_DN)

.data      0    20000020    00000020     UNINITIALIZED
                  20000020    00000010     DAC.obj (.data)
                  20000030    00000008     keypad.obj (.data)
                  20000038    00000004     rtsv7M4_T_le_v4SPD16_eabi.lib : errno.c.obj (.data)
                  2000003c    00000004     system_msp432p401r.obj (.data)

.stack     0    2000fe00    00000200     UNINITIALIZED
                  2000fe00    00000004     rtsv7M4_T_le_v4SPD16_eabi.lib : boot_cortex_m.c.obj (.stack)
                  2000fe04    000001fc     --HOLE--

MODULE SUMMARY

       Module                        code    ro data   rw data
       ------                        ----    -------   -------
    .\
       main.obj                      864     36        0      
       DAC.obj                       780     0         96     
       system_msp432p401r.obj        820     0         8      
       LCD.obj                       772     17        0      
       delays.obj                    656     0         0      
       keypad.obj                    368     0         16     
       set_DCO.obj                   260     0         0      
       startup_msp432p401r_ccs.obj   14      228       0      
       SPI.obj                       156     0         0      
    +--+-----------------------------+-------+---------+---------+
       Total:                        4690    281       120    
                                                              
    C:\ti\ccsv8\tools\compiler\ti-cgt-arm_18.1.1.LTS\lib\rtsv7M4_T_le_v4SPD16_eabi.lib
       k_rem_pio2.c.obj              1848    344       0      
       s_sin.c.obj                   1476    0         0      
       fd_add_t2.asm.obj             438     0         0      
       k_sin.c.obj                   372     0         0      
       k_cos.c.obj                   364     0         0      
       s_scalbn.c.obj                272     0         0      
       fd_cmp_t2.asm.obj             268     0         0      
       fd_mul_t2.asm.obj             252     0         0      
       s_floor.c.obj                 248     0         0      
       memcpy_t2.asm.obj             156     0         0      
       fd_tos_t2.asm.obj             110     0         0      
       copy_decompress_lzss.c.obj    104     0         0      
       fd_toi_t2.asm.obj             72      0         0      
       autoinit.c.obj                68      0         0      
       boot_cortex_m.c.obj           56      0         0      
       fs_tod_t2.asm.obj             56      0         0      
       i_tofd_t2.asm.obj             46      0         0      
       s_copysign.c.obj              20      0         0      
       strcpy.c.obj                  20      0         0      
       strlen.c.obj                  20      0         0      
       copy_zero_init.c.obj          18      0         0      
       errno.c.obj                   8       0         8      
       copy_decompress_none.c.obj    14      0         0      
       exit.c.obj                    4       0         0      
       pre_init.c.obj                4       0         0      
    +--+-----------------------------+-------+---------+---------+
       Total:                        6314    344       8      
                                                              
       Stack:                        0       0         1024   
       Linker Generated:             0       54        0      
    +--+-----------------------------+-------+---------+---------+
       Grand Total:                  11004   679       1152   


LINKER GENERATED COPY TABLES

__TI_cinit_table @ 00002da0 records: 2, size/record: 8, table size: 16
	.data: load addr=00002d78, load size=00000012 bytes, run addr=20000020, run size=00000020 bytes, compression=lzss
	.bss: load addr=00002d98, load size=00000008 bytes, run addr=20000000, run size=00000020 bytes, compression=zero_init


LINKER GENERATED HANDLER TABLE

__TI_handler_table @ 00002d8c records: 3, size/record: 4, table size: 12
	index: 0, handler: __TI_decompress_lzss
	index: 1, handler: __TI_decompress_none
	index: 2, handler: __TI_zero_init


GLOBAL SYMBOLS: SORTED ALPHABETICALLY BY Name 

address   name                          
-------   ----                          
00002bd3  ADC14_IRQHandler              
00002bd3  AES256_IRQHandler             
00002bd3  BusFault_Handler              
00002be1  C$$EXIT                       
00002bd3  COMP_E0_IRQHandler            
00002bd3  COMP_E1_IRQHandler            
00002bd3  CS_IRQHandler                 
00002bd3  DMA_ERR_IRQHandler            
00002bd3  DMA_INT0_IRQHandler           
00002bd3  DMA_INT1_IRQHandler           
00002bd3  DMA_INT2_IRQHandler           
00002bd3  DMA_INT3_IRQHandler           
00002bd3  DebugMon_Handler              
00002bd3  Default_Handler               
00002bd3  EUSCIA0_IRQHandler            
00002bd3  EUSCIA1_IRQHandler            
00002bd3  EUSCIA2_IRQHandler            
00002bd3  EUSCIA3_IRQHandler            
00002bd3  EUSCIB0_IRQHandler            
00002bd3  EUSCIB1_IRQHandler            
00002bd3  EUSCIB2_IRQHandler            
00002bd3  EUSCIB3_IRQHandler            
00001475  FG_INIT                       
00002bd3  FLCTL_IRQHandler              
00002bd3  FPU_IRQHandler                
00002bd3  HardFault_Handler             
0000205f  KEYPAD_INIT                   
00002107  KEY_LOCATE                    
000019db  LCD_CMD                       
000019b3  LCD_CTRL                      
000018c9  LCD_INIT                      
00002bd3  MemManage_Handler             
00002bd3  NMI_Handler                   
00002bd3  PCM_IRQHandler                
00002bd3  PORT1_IRQHandler              
00002bd3  PORT2_IRQHandler              
00002bd3  PORT3_IRQHandler              
00002bd3  PORT4_IRQHandler              
00002bd3  PORT5_IRQHandler              
00002bd3  PORT6_IRQHandler              
00002bd3  PSS_IRQHandler                
00002bd3  PendSV_Handler                
00002bd3  RTC_C_IRQHandler              
00002bc7  Reset_Handler                 
00002725  SPI_INIT                      
00002bd3  SVC_Handler                   
00002bd3  SysTick_Handler               
2000003c  SystemCoreClock               
00001141  SystemCoreClockUpdate         
000013b9  SystemInit                    
00002bd3  T32_INT1_IRQHandler           
00002bd3  T32_INT2_IRQHandler           
00002bd3  T32_INTC_IRQHandler           
0000166b  TA0_0_IRQHandler              
0000166b  TA0_0_IRQHandler              
00002bd3  TA0_N_IRQHandler              
00002bd3  TA1_0_IRQHandler              
00002bd3  TA1_N_IRQHandler              
00002bd3  TA2_0_IRQHandler              
00002bd3  TA2_N_IRQHandler              
00002bd3  TA3_0_IRQHandler              
00002bd3  TA3_N_IRQHandler              
00002bd3  UsageFault_Handler            
4000480c  WDTCTL_SYM                    
00002bd3  WDT_A_IRQHandler              
20010000  __STACK_END                   
00000200  __STACK_SIZE                  
00002da0  __TI_CINIT_Base               
00002db0  __TI_CINIT_Limit              
00002d8c  __TI_Handler_Table_Base       
00002d98  __TI_Handler_Table_Limit      
00002a89  __TI_auto_init_nobinit_nopinit
000029d7  __TI_decompress_lzss          
00002bb9  __TI_decompress_none          
ffffffff  __TI_pprof_out_hndl           
ffffffff  __TI_prof_data_size           
ffffffff  __TI_prof_data_start          
00000000  __TI_static_base__            
00002ba7  __TI_zero_init_nomemset       
0000285d  __aeabi_cdcmpeq               
0000285d  __aeabi_cdcmple               
000028e3  __aeabi_cdrcmple              
00002969  __aeabi_d2f                   
00002a3f  __aeabi_d2iz                  
00001d1f  __aeabi_dadd                  
00002531  __aeabi_dmul                  
00001d15  __aeabi_dsub                  
00002bd5  __aeabi_errno_addr            
00002b05  __aeabi_f2d                   
00002b3d  __aeabi_i2d                   
000027c1  __aeabi_memcpy                
000027c1  __aeabi_memcpy4               
000027c1  __aeabi_memcpy8               
ffffffff  __binit__                     
ffffffff  __c_args__                    
000021b1  __kernel_cos                  
000000e5  __kernel_rem_pio2             
00001ecd  __kernel_sin                  
UNDEFED   __mpu_init                    
2000fe00  __stack                       
00002acd  _c_int00_noargs               
UNDEFED   _system_post_cinit            
00002bdd  _system_pre_init              
00002be1  abort                         
ffffffff  binit                         
00001573  chk_FGFlag                    
00002089  chk_Keypad                    
00002057  clear_Flag                    
00001869  clear_LCD                     
00001579  clr_FGFlag                    
00002b6b  copysign                      
00002b6b  copysignl                     
00001a85  delay_ms                      
00001b93  delay_us                      
20000038  errno                         
0000262d  floor                         
0000262d  floorl                        
00002051  get_Flag                      
00002041  get_Key                       
00001851  home_LCD                      
00000000  interruptVectors              
00002183  keypad_ISR                    
0000231d  ldexp                         
0000231d  ldexpl                        
00001881  line_clear_LCD                
00000de1  main                          
00001551  makeDC                        
00001581  makeWave                      
000027c1  memcpy                        
0000231d  scalbn                        
0000231d  scalbnl                       
00002785  sendByte_SPI                  
0000242d  set_DCO                       
0000081d  sin                           
0000081d  sinl                          
00002b7f  strcpy                        
00002b93  strlen                        
00001623  write_DAC                     
00001781  write_char_LCD                
000017d3  write_string_LCD              


GLOBAL SYMBOLS: SORTED BY Symbol Address 

address   name                          
-------   ----                          
00000000  __TI_static_base__            
00000000  interruptVectors              
000000e5  __kernel_rem_pio2             
00000200  __STACK_SIZE                  
0000081d  sin                           
0000081d  sinl                          
00000de1  main                          
00001141  SystemCoreClockUpdate         
000013b9  SystemInit                    
00001475  FG_INIT                       
00001551  makeDC                        
00001573  chk_FGFlag                    
00001579  clr_FGFlag                    
00001581  makeWave                      
00001623  write_DAC                     
0000166b  TA0_0_IRQHandler              
0000166b  TA0_0_IRQHandler              
00001781  write_char_LCD                
000017d3  write_string_LCD              
00001851  home_LCD                      
00001869  clear_LCD                     
00001881  line_clear_LCD                
000018c9  LCD_INIT                      
000019b3  LCD_CTRL                      
000019db  LCD_CMD                       
00001a85  delay_ms                      
00001b93  delay_us                      
00001d15  __aeabi_dsub                  
00001d1f  __aeabi_dadd                  
00001ecd  __kernel_sin                  
00002041  get_Key                       
00002051  get_Flag                      
00002057  clear_Flag                    
0000205f  KEYPAD_INIT                   
00002089  chk_Keypad                    
00002107  KEY_LOCATE                    
00002183  keypad_ISR                    
000021b1  __kernel_cos                  
0000231d  ldexp                         
0000231d  ldexpl                        
0000231d  scalbn                        
0000231d  scalbnl                       
0000242d  set_DCO                       
00002531  __aeabi_dmul                  
0000262d  floor                         
0000262d  floorl                        
00002725  SPI_INIT                      
00002785  sendByte_SPI                  
000027c1  __aeabi_memcpy                
000027c1  __aeabi_memcpy4               
000027c1  __aeabi_memcpy8               
000027c1  memcpy                        
0000285d  __aeabi_cdcmpeq               
0000285d  __aeabi_cdcmple               
000028e3  __aeabi_cdrcmple              
00002969  __aeabi_d2f                   
000029d7  __TI_decompress_lzss          
00002a3f  __aeabi_d2iz                  
00002a89  __TI_auto_init_nobinit_nopinit
00002acd  _c_int00_noargs               
00002b05  __aeabi_f2d                   
00002b3d  __aeabi_i2d                   
00002b6b  copysign                      
00002b6b  copysignl                     
00002b7f  strcpy                        
00002b93  strlen                        
00002ba7  __TI_zero_init_nomemset       
00002bb9  __TI_decompress_none          
00002bc7  Reset_Handler                 
00002bd3  ADC14_IRQHandler              
00002bd3  AES256_IRQHandler             
00002bd3  BusFault_Handler              
00002bd3  COMP_E0_IRQHandler            
00002bd3  COMP_E1_IRQHandler            
00002bd3  CS_IRQHandler                 
00002bd3  DMA_ERR_IRQHandler            
00002bd3  DMA_INT0_IRQHandler           
00002bd3  DMA_INT1_IRQHandler           
00002bd3  DMA_INT2_IRQHandler           
00002bd3  DMA_INT3_IRQHandler           
00002bd3  DebugMon_Handler              
00002bd3  Default_Handler               
00002bd3  EUSCIA0_IRQHandler            
00002bd3  EUSCIA1_IRQHandler            
00002bd3  EUSCIA2_IRQHandler            
00002bd3  EUSCIA3_IRQHandler            
00002bd3  EUSCIB0_IRQHandler            
00002bd3  EUSCIB1_IRQHandler            
00002bd3  EUSCIB2_IRQHandler            
00002bd3  EUSCIB3_IRQHandler            
00002bd3  FLCTL_IRQHandler              
00002bd3  FPU_IRQHandler                
00002bd3  HardFault_Handler             
00002bd3  MemManage_Handler             
00002bd3  NMI_Handler                   
00002bd3  PCM_IRQHandler                
00002bd3  PORT1_IRQHandler              
00002bd3  PORT2_IRQHandler              
00002bd3  PORT3_IRQHandler              
00002bd3  PORT4_IRQHandler              
00002bd3  PORT5_IRQHandler              
00002bd3  PORT6_IRQHandler              
00002bd3  PSS_IRQHandler                
00002bd3  PendSV_Handler                
00002bd3  RTC_C_IRQHandler              
00002bd3  SVC_Handler                   
00002bd3  SysTick_Handler               
00002bd3  T32_INT1_IRQHandler           
00002bd3  T32_INT2_IRQHandler           
00002bd3  T32_INTC_IRQHandler           
00002bd3  TA0_N_IRQHandler              
00002bd3  TA1_0_IRQHandler              
00002bd3  TA1_N_IRQHandler              
00002bd3  TA2_0_IRQHandler              
00002bd3  TA2_N_IRQHandler              
00002bd3  TA3_0_IRQHandler              
00002bd3  TA3_N_IRQHandler              
00002bd3  UsageFault_Handler            
00002bd3  WDT_A_IRQHandler              
00002bd5  __aeabi_errno_addr            
00002bdd  _system_pre_init              
00002be1  C$$EXIT                       
00002be1  abort                         
00002d8c  __TI_Handler_Table_Base       
00002d98  __TI_Handler_Table_Limit      
00002da0  __TI_CINIT_Base               
00002db0  __TI_CINIT_Limit              
20000038  errno                         
2000003c  SystemCoreClock               
2000fe00  __stack                       
20010000  __STACK_END                   
4000480c  WDTCTL_SYM                    
ffffffff  __TI_pprof_out_hndl           
ffffffff  __TI_prof_data_size           
ffffffff  __TI_prof_data_start          
ffffffff  __binit__                     
ffffffff  __c_args__                    
ffffffff  binit                         
UNDEFED   __mpu_init                    
UNDEFED   _system_post_cinit            

[140 symbols]
