******************************************************************************
                  TI ARM Linker PC v18.1.1                     
******************************************************************************
>> Linked Sat Apr 14 12:27:06 2018

OUTPUT FILE NAME:   <A4.out>
ENTRY POINT SYMBOL: "_c_int00_noargs"  address: 00000cdd


MEMORY CONFIGURATION

         name            origin    length      used     unused   attr    fill
----------------------  --------  ---------  --------  --------  ----  --------
  MAIN                  00000000   00040000  00000d50  0003f2b0  R  X
  INFO                  00200000   00004000  00000000  00004000  R  X
  SRAM_CODE             01000000   00010000  00000204  0000fdfc  RW X
  SRAM_DATA             20000000   00010000  00000204  0000fdfc  RW  


SEGMENT ALLOCATION MAP

run origin  load origin   length   init length attrs members
----------  ----------- ---------- ----------- ----- -------
00000000    00000000    00000d50   00000d50    r-x
  00000000    00000000    000000e4   000000e4    r-- .intvecs
  000000e4    000000e4    00000c54   00000c54    r-x .text
  00000d38    00000d38    00000018   00000018    r-- .cinit
20000000    20000000    00000004   00000000    rw-
  20000000    20000000    00000004   00000000    rw- .data
2000fe00    2000fe00    00000200   00000000    rw-
  2000fe00    2000fe00    00000200   00000000    rw- .stack


SECTION ALLOCATION MAP

 output                                  attributes/
section   page    origin      length       input sections
--------  ----  ----------  ----------   ----------------
.intvecs   0    00000000    000000e4     
                  00000000    000000e4     startup_msp432p401r_ccs.obj (.intvecs:retain)

.text      0    000000e4    00000c54     
                  000000e4    00000334     system_msp432p401r.obj (.text)
                  00000418    00000290     delays.obj (.text)
                  000006a8    0000023c     LCD.obj (.text)
                  000008e4    0000013c     keypad.obj (.text)
                  00000a20    00000104     set_DCO.obj (.text)
                  00000b24    0000009c     rtsv7M4_T_le_v4SPD16_eabi.lib : memcpy_t2.asm.obj (.text)
                  00000bc0    00000070     main.obj (.text)
                  00000c30    00000068     rtsv7M4_T_le_v4SPD16_eabi.lib : copy_decompress_lzss.c.obj (.text:decompress:lzss:__TI_decompress_lzss)
                  00000c98    00000044                                   : autoinit.c.obj (.text:__TI_auto_init_nobinit_nopinit:__TI_auto_init_nobinit_nopinit)
                  00000cdc    00000038                                   : boot_cortex_m.c.obj (.text:_c_int00_noargs:_c_int00_noargs)
                  00000d14    0000000e                                   : copy_decompress_none.c.obj (.text:decompress:none:__TI_decompress_none)
                  00000d22    0000000e     startup_msp432p401r_ccs.obj (.text)
                  00000d30    00000004     rtsv7M4_T_le_v4SPD16_eabi.lib : pre_init.c.obj (.text:_system_pre_init)
                  00000d34    00000004                                   : exit.c.obj (.text:abort:abort)

.cinit     0    00000d38    00000018     
                  00000d38    00000008     (.cinit..data.load) [load image, compression = lzss]
                  00000d40    00000008     (__TI_handler_table)
                  00000d48    00000008     (__TI_cinit_table)

.init_array 
*          0    00000000    00000000     UNINITIALIZED

.binit     0    00000000    00000000     

.data      0    20000000    00000004     UNINITIALIZED
                  20000000    00000004     system_msp432p401r.obj (.data)

.stack     0    2000fe00    00000200     UNINITIALIZED
                  2000fe00    00000004     rtsv7M4_T_le_v4SPD16_eabi.lib : boot_cortex_m.c.obj (.stack)
                  2000fe04    000001fc     --HOLE--

MODULE SUMMARY

       Module                        code   ro data   rw data
       ------                        ----   -------   -------
    .\
       system_msp432p401r.obj        820    0         8      
       delays.obj                    656    0         0      
       LCD.obj                       572    0         0      
       keypad.obj                    316    0         0      
       set_DCO.obj                   260    0         0      
       startup_msp432p401r_ccs.obj   14     228       0      
       main.obj                      112    0         0      
    +--+-----------------------------+------+---------+---------+
       Total:                        2750   228       8      
                                                             
    C:\ti\ccsv8\tools\compiler\ti-cgt-arm_18.1.1.LTS\lib\rtsv7M4_T_le_v4SPD16_eabi.lib
       memcpy_t2.asm.obj             156    0         0      
       copy_decompress_lzss.c.obj    104    0         0      
       autoinit.c.obj                68     0         0      
       boot_cortex_m.c.obj           56     0         0      
       copy_decompress_none.c.obj    14     0         0      
       exit.c.obj                    4      0         0      
       pre_init.c.obj                4      0         0      
    +--+-----------------------------+------+---------+---------+
       Total:                        406    0         0      
                                                             
       Stack:                        0      0         1024   
       Linker Generated:             0      24        0      
    +--+-----------------------------+------+---------+---------+
       Grand Total:                  3156   252       1032   


LINKER GENERATED COPY TABLES

__TI_cinit_table @ 00000d48 records: 1, size/record: 8, table size: 8
	.data: load addr=00000d38, load size=00000008 bytes, run addr=20000000, run size=00000004 bytes, compression=lzss


LINKER GENERATED HANDLER TABLE

__TI_handler_table @ 00000d40 records: 2, size/record: 4, table size: 8
	index: 0, handler: __TI_decompress_lzss
	index: 1, handler: __TI_decompress_none


GLOBAL SYMBOLS: SORTED ALPHABETICALLY BY Name 

address   name                          
-------   ----                          
00000d2f  ADC14_IRQHandler              
00000d2f  AES256_IRQHandler             
00000d2f  BusFault_Handler              
00000d35  C$$EXIT                       
00000d2f  COMP_E0_IRQHandler            
00000d2f  COMP_E1_IRQHandler            
00000d2f  CS_IRQHandler                 
00000d2f  DMA_ERR_IRQHandler            
00000d2f  DMA_INT0_IRQHandler           
00000d2f  DMA_INT1_IRQHandler           
00000d2f  DMA_INT2_IRQHandler           
00000d2f  DMA_INT3_IRQHandler           
00000d2f  DebugMon_Handler              
00000d2f  Default_Handler               
00000d2f  EUSCIA0_IRQHandler            
00000d2f  EUSCIA1_IRQHandler            
00000d2f  EUSCIA2_IRQHandler            
00000d2f  EUSCIA3_IRQHandler            
00000d2f  EUSCIB0_IRQHandler            
00000d2f  EUSCIB1_IRQHandler            
00000d2f  EUSCIB2_IRQHandler            
00000d2f  EUSCIB3_IRQHandler            
00000d2f  FLCTL_IRQHandler              
00000d2f  FPU_IRQHandler                
00000d2f  HardFault_Handler             
000008e5  KEYPAD_INIT                   
0000098d  KEY_LOCATE                    
0000083d  LCD_CMD                       
00000815  LCD_CTRL                      
0000072b  LCD_INIT                      
00000d2f  MemManage_Handler             
00000d2f  NMI_Handler                   
00000d2f  PCM_IRQHandler                
00000d2f  PORT1_IRQHandler              
00000d2f  PORT2_IRQHandler              
00000d2f  PORT3_IRQHandler              
00000d2f  PORT4_IRQHandler              
00000d2f  PORT5_IRQHandler              
00000d2f  PORT6_IRQHandler              
00000d2f  PSS_IRQHandler                
00000d2f  PendSV_Handler                
00000d2f  RTC_C_IRQHandler              
00000d23  Reset_Handler                 
00000d2f  SVC_Handler                   
00000d2f  SysTick_Handler               
20000000  SystemCoreClock               
000000e5  SystemCoreClockUpdate         
0000035d  SystemInit                    
00000d2f  T32_INT1_IRQHandler           
00000d2f  T32_INT2_IRQHandler           
00000d2f  T32_INTC_IRQHandler           
00000d2f  TA0_0_IRQHandler              
00000d2f  TA0_N_IRQHandler              
00000d2f  TA1_0_IRQHandler              
00000d2f  TA1_N_IRQHandler              
00000d2f  TA2_0_IRQHandler              
00000d2f  TA2_N_IRQHandler              
00000d2f  TA3_0_IRQHandler              
00000d2f  TA3_N_IRQHandler              
00000d2f  UsageFault_Handler            
4000480c  WDTCTL_SYM                    
00000d2f  WDT_A_IRQHandler              
20010000  __STACK_END                   
00000200  __STACK_SIZE                  
00000d48  __TI_CINIT_Base               
00000d50  __TI_CINIT_Limit              
00000d40  __TI_Handler_Table_Base       
00000d48  __TI_Handler_Table_Limit      
00000c99  __TI_auto_init_nobinit_nopinit
00000c31  __TI_decompress_lzss          
00000d15  __TI_decompress_none          
ffffffff  __TI_pprof_out_hndl           
ffffffff  __TI_prof_data_size           
ffffffff  __TI_prof_data_start          
00000000  __TI_static_base__            
00000b25  __aeabi_memcpy                
00000b25  __aeabi_memcpy4               
00000b25  __aeabi_memcpy8               
ffffffff  __binit__                     
ffffffff  __c_args__                    
UNDEFED   __mpu_init                    
2000fe00  __stack                       
00000cdd  _c_int00_noargs               
UNDEFED   _system_post_cinit            
00000d31  _system_pre_init              
00000d35  abort                         
ffffffff  binit                         
0000090f  chk_Keypad                    
00000713  clear_LCD                     
00000419  delay_ms                      
00000527  delay_us                      
000006fb  home_LCD                      
00000000  interruptVectors              
00000bc1  main                          
00000b25  memcpy                        
00000a21  set_DCO                       
000006a9  write_char_LCD                


GLOBAL SYMBOLS: SORTED BY Symbol Address 

address   name                          
-------   ----                          
00000000  __TI_static_base__            
00000000  interruptVectors              
000000e5  SystemCoreClockUpdate         
00000200  __STACK_SIZE                  
0000035d  SystemInit                    
00000419  delay_ms                      
00000527  delay_us                      
000006a9  write_char_LCD                
000006fb  home_LCD                      
00000713  clear_LCD                     
0000072b  LCD_INIT                      
00000815  LCD_CTRL                      
0000083d  LCD_CMD                       
000008e5  KEYPAD_INIT                   
0000090f  chk_Keypad                    
0000098d  KEY_LOCATE                    
00000a21  set_DCO                       
00000b25  __aeabi_memcpy                
00000b25  __aeabi_memcpy4               
00000b25  __aeabi_memcpy8               
00000b25  memcpy                        
00000bc1  main                          
00000c31  __TI_decompress_lzss          
00000c99  __TI_auto_init_nobinit_nopinit
00000cdd  _c_int00_noargs               
00000d15  __TI_decompress_none          
00000d23  Reset_Handler                 
00000d2f  ADC14_IRQHandler              
00000d2f  AES256_IRQHandler             
00000d2f  BusFault_Handler              
00000d2f  COMP_E0_IRQHandler            
00000d2f  COMP_E1_IRQHandler            
00000d2f  CS_IRQHandler                 
00000d2f  DMA_ERR_IRQHandler            
00000d2f  DMA_INT0_IRQHandler           
00000d2f  DMA_INT1_IRQHandler           
00000d2f  DMA_INT2_IRQHandler           
00000d2f  DMA_INT3_IRQHandler           
00000d2f  DebugMon_Handler              
00000d2f  Default_Handler               
00000d2f  EUSCIA0_IRQHandler            
00000d2f  EUSCIA1_IRQHandler            
00000d2f  EUSCIA2_IRQHandler            
00000d2f  EUSCIA3_IRQHandler            
00000d2f  EUSCIB0_IRQHandler            
00000d2f  EUSCIB1_IRQHandler            
00000d2f  EUSCIB2_IRQHandler            
00000d2f  EUSCIB3_IRQHandler            
00000d2f  FLCTL_IRQHandler              
00000d2f  FPU_IRQHandler                
00000d2f  HardFault_Handler             
00000d2f  MemManage_Handler             
00000d2f  NMI_Handler                   
00000d2f  PCM_IRQHandler                
00000d2f  PORT1_IRQHandler              
00000d2f  PORT2_IRQHandler              
00000d2f  PORT3_IRQHandler              
00000d2f  PORT4_IRQHandler              
00000d2f  PORT5_IRQHandler              
00000d2f  PORT6_IRQHandler              
00000d2f  PSS_IRQHandler                
00000d2f  PendSV_Handler                
00000d2f  RTC_C_IRQHandler              
00000d2f  SVC_Handler                   
00000d2f  SysTick_Handler               
00000d2f  T32_INT1_IRQHandler           
00000d2f  T32_INT2_IRQHandler           
00000d2f  T32_INTC_IRQHandler           
00000d2f  TA0_0_IRQHandler              
00000d2f  TA0_N_IRQHandler              
00000d2f  TA1_0_IRQHandler              
00000d2f  TA1_N_IRQHandler              
00000d2f  TA2_0_IRQHandler              
00000d2f  TA2_N_IRQHandler              
00000d2f  TA3_0_IRQHandler              
00000d2f  TA3_N_IRQHandler              
00000d2f  UsageFault_Handler            
00000d2f  WDT_A_IRQHandler              
00000d31  _system_pre_init              
00000d35  C$$EXIT                       
00000d35  abort                         
00000d40  __TI_Handler_Table_Base       
00000d48  __TI_CINIT_Base               
00000d48  __TI_Handler_Table_Limit      
00000d50  __TI_CINIT_Limit              
20000000  SystemCoreClock               
2000fe00  __stack                       
20010000  __STACK_END                   
4000480c  WDTCTL_SYM                    
ffffffff  __TI_pprof_out_hndl           
ffffffff  __TI_prof_data_size           
ffffffff  __TI_prof_data_start          
ffffffff  __binit__                     
ffffffff  __c_args__                    
ffffffff  binit                         
UNDEFED   __mpu_init                    
UNDEFED   _system_post_cinit            

[97 symbols]
