******************************************************************************
                  TI ARM Linker PC v18.1.1                     
******************************************************************************
>> Linked Mon May  7 13:34:52 2018

OUTPUT FILE NAME:   <A8.out>
ENTRY POINT SYMBOL: "_c_int00_noargs"  address: 00000c51


MEMORY CONFIGURATION

         name            origin    length      used     unused   attr    fill
----------------------  --------  ---------  --------  --------  ----  --------
  MAIN                  00000000   00040000  00001096  0003ef6a  R  X
  INFO                  00200000   00004000  00000000  00004000  R  X
  SRAM_CODE             01000000   00010000  0000137e  0000ec82  RW X
  SRAM_DATA             20000000   00010000  0000137e  0000ec82  RW  


SEGMENT ALLOCATION MAP

run origin  load origin   length   init length attrs members
----------  ----------- ---------- ----------- ----- -------
00000000    00000000    00001098   00001098    r-x
  00000000    00000000    000000e4   000000e4    r-- .intvecs
  000000e4    000000e4    00000bda   00000bda    r-x .text
  00000cc0    00000cc0    000003d8   000003d8    r-- .cinit
20000000    20000000    0000117e   00000000    rw-
  20000000    20000000    0000117c   00000000    rw- .data
  2000117c    2000117c    00000002   00000000    rw- .bss
2000fe00    2000fe00    00000200   00000000    rw-
  2000fe00    2000fe00    00000200   00000000    rw- .stack


SECTION ALLOCATION MAP

 output                                  attributes/
section   page    origin      length       input sections
--------  ----  ----------  ----------   ----------------
.intvecs   0    00000000    000000e4     
                  00000000    000000e4     startup_msp432p401r_ccs.obj (.intvecs:retain)

.text      0    000000e4    00000bda     
                  000000e4    00000334     system_msp432p401r.obj (.text)
                  00000418    000002bc     DAC.obj (.text)
                  000006d4    000001dc     main.obj (.text)
                  000008b0    00000104     set_DCO.obj (.text)
                  000009b4    000000b8     UART.obj (.text)
                  00000a6c    0000009c     SPI.obj (.text)
                  00000b08    0000009c     rtsv7M4_T_le_v4SPD16_eabi.lib : memcpy_t2.asm.obj (.text)
                  00000ba4    00000068                                   : copy_decompress_lzss.c.obj (.text:decompress:lzss:__TI_decompress_lzss)
                  00000c0c    00000044                                   : autoinit.c.obj (.text:__TI_auto_init_nobinit_nopinit:__TI_auto_init_nobinit_nopinit)
                  00000c50    00000038                                   : boot_cortex_m.c.obj (.text:_c_int00_noargs:_c_int00_noargs)
                  00000c88    00000012                                   : copy_zero_init.c.obj (.text:decompress:ZI:__TI_zero_init_nomemset:__TI_zero_init_nomemset)
                  00000c9a    0000000e                                   : copy_decompress_none.c.obj (.text:decompress:none:__TI_decompress_none)
                  00000ca8    0000000e     startup_msp432p401r_ccs.obj (.text)
                  00000cb6    00000004     rtsv7M4_T_le_v4SPD16_eabi.lib : pre_init.c.obj (.text:_system_pre_init)
                  00000cba    00000004                                   : exit.c.obj (.text:abort:abort)

.cinit     0    00000cc0    000003d8     
                  00000cc0    000003ae     (.cinit..data.load) [load image, compression = lzss]
                  0000106e    00000002     --HOLE-- [fill = 0]
                  00001070    0000000c     (__TI_handler_table)
                  0000107c    00000004     --HOLE-- [fill = 0]
                  00001080    00000008     (.cinit..bss.load) [load image, compression = zero_init]
                  00001088    00000010     (__TI_cinit_table)

.init_array 
*          0    00000000    00000000     UNINITIALIZED

.binit     0    00000000    00000000     

.data      0    20000000    0000117c     UNINITIALIZED
                  20000000    00000190     DAC.obj (.data:sawVal_DN)
                  20000190    00000190     DAC.obj (.data:sinVal_DN)
                  20000320    00000190     DAC.obj (.data:sqrVal10_DN)
                  200004b0    00000190     DAC.obj (.data:sqrVal20_DN)
                  20000640    00000190     DAC.obj (.data:sqrVal30_DN)
                  200007d0    00000190     DAC.obj (.data:sqrVal40_DN)
                  20000960    00000190     DAC.obj (.data:sqrVal50_DN)
                  20000af0    00000190     DAC.obj (.data:sqrVal60_DN)
                  20000c80    00000190     DAC.obj (.data:sqrVal70_DN)
                  20000e10    00000190     DAC.obj (.data:sqrVal80_DN)
                  20000fa0    00000190     DAC.obj (.data:sqrVal90_DN)
                  20001130    00000028     DAC.obj (.data)
                  20001158    00000010     main.obj (.data:RX_Vals$1)
                  20001168    00000008     UART.obj (.data)
                  20001170    00000008     main.obj (.data)
                  20001178    00000004     system_msp432p401r.obj (.data)

.bss       0    2000117c    00000002     UNINITIALIZED
                  2000117c    00000002     DAC.obj (.bss)

.stack     0    2000fe00    00000200     UNINITIALIZED
                  2000fe00    00000004     rtsv7M4_T_le_v4SPD16_eabi.lib : boot_cortex_m.c.obj (.stack)
                  2000fe04    000001fc     --HOLE--

MODULE SUMMARY

       Module                        code   ro data   rw data
       ------                        ----   -------   -------
    .\
       DAC.obj                       700    0         8884   
       system_msp432p401r.obj        820    0         8      
       main.obj                      476    0         48     
       set_DCO.obj                   260    0         0      
       startup_msp432p401r_ccs.obj   14     228       0      
       UART.obj                      184    0         16     
       SPI.obj                       156    0         0      
    +--+-----------------------------+------+---------+---------+
       Total:                        2610   228       8956   
                                                             
    C:\ti\ccsv8\tools\compiler\ti-cgt-arm_18.1.1.LTS\lib\rtsv7M4_T_le_v4SPD16_eabi.lib
       memcpy_t2.asm.obj             156    0         0      
       copy_decompress_lzss.c.obj    104    0         0      
       autoinit.c.obj                68     0         0      
       boot_cortex_m.c.obj           56     0         0      
       copy_zero_init.c.obj          18     0         0      
       copy_decompress_none.c.obj    14     0         0      
       exit.c.obj                    4      0         0      
       pre_init.c.obj                4      0         0      
    +--+-----------------------------+------+---------+---------+
       Total:                        424    0         0      
                                                             
       Stack:                        0      0         1024   
       Linker Generated:             0      978       0      
    +--+-----------------------------+------+---------+---------+
       Grand Total:                  3034   1206      9980   


LINKER GENERATED COPY TABLES

__TI_cinit_table @ 00001088 records: 2, size/record: 8, table size: 16
	.data: load addr=00000cc0, load size=000003ae bytes, run addr=20000000, run size=0000117c bytes, compression=lzss
	.bss: load addr=00001080, load size=00000008 bytes, run addr=2000117c, run size=00000002 bytes, compression=zero_init


LINKER GENERATED HANDLER TABLE

__TI_handler_table @ 00001070 records: 3, size/record: 4, table size: 12
	index: 0, handler: __TI_decompress_lzss
	index: 1, handler: __TI_decompress_none
	index: 2, handler: __TI_zero_init


GLOBAL SYMBOLS: SORTED ALPHABETICALLY BY Name 

address   name                          
-------   ----                          
00000cb5  ADC14_IRQHandler              
00000cb5  AES256_IRQHandler             
00000cb5  BusFault_Handler              
00000cbb  C$$EXIT                       
00000cb5  COMP_E0_IRQHandler            
00000cb5  COMP_E1_IRQHandler            
00000cb5  CS_IRQHandler                 
00000cb5  DMA_ERR_IRQHandler            
00000cb5  DMA_INT0_IRQHandler           
00000cb5  DMA_INT1_IRQHandler           
00000cb5  DMA_INT2_IRQHandler           
00000cb5  DMA_INT3_IRQHandler           
00000cb5  DebugMon_Handler              
00000cb5  Default_Handler               
00000a19  EUSCIA0_IRQHandler            
00000a19  EUSCIA0_IRQHandler            
00000cb5  EUSCIA1_IRQHandler            
00000cb5  EUSCIA2_IRQHandler            
00000cb5  EUSCIA3_IRQHandler            
00000cb5  EUSCIB0_IRQHandler            
00000cb5  EUSCIB1_IRQHandler            
00000cb5  EUSCIB2_IRQHandler            
00000cb5  EUSCIB3_IRQHandler            
00000419  FG_INIT                       
00000cb5  FLCTL_IRQHandler              
00000cb5  FPU_IRQHandler                
00000cb5  HardFault_Handler             
00000cb5  MemManage_Handler             
00000cb5  NMI_Handler                   
00000cb5  PCM_IRQHandler                
00000cb5  PORT1_IRQHandler              
00000cb5  PORT2_IRQHandler              
00000cb5  PORT3_IRQHandler              
00000cb5  PORT4_IRQHandler              
00000cb5  PORT5_IRQHandler              
00000cb5  PORT6_IRQHandler              
00000cb5  PSS_IRQHandler                
00000cb5  PendSV_Handler                
00000cb5  RTC_C_IRQHandler              
0000071b  RX_Decode                     
00000ca9  Reset_Handler                 
00000a6d  SPI_INIT                      
00000cb5  SVC_Handler                   
00000cb5  SysTick_Handler               
20001178  SystemCoreClock               
000000e5  SystemCoreClockUpdate         
0000035d  SystemInit                    
00000cb5  T32_INT1_IRQHandler           
00000cb5  T32_INT2_IRQHandler           
00000cb5  T32_INTC_IRQHandler           
000004d9  TA0_0_IRQHandler              
000004d9  TA0_0_IRQHandler              
00000cb5  TA0_N_IRQHandler              
00000cb5  TA1_0_IRQHandler              
00000cb5  TA1_N_IRQHandler              
00000cb5  TA2_0_IRQHandler              
00000cb5  TA2_N_IRQHandler              
00000cb5  TA3_0_IRQHandler              
00000cb5  TA3_N_IRQHandler              
20001170  UART_FLG                      
000009c9  UART_INIT                     
00000cb5  UsageFault_Handler            
4000480c  WDTCTL_SYM                    
00000cb5  WDT_A_IRQHandler              
20010000  __STACK_END                   
00000200  __STACK_SIZE                  
00001088  __TI_CINIT_Base               
00001098  __TI_CINIT_Limit              
00001070  __TI_Handler_Table_Base       
0000107c  __TI_Handler_Table_Limit      
00000c0d  __TI_auto_init_nobinit_nopinit
00000ba5  __TI_decompress_lzss          
00000c9b  __TI_decompress_none          
ffffffff  __TI_pprof_out_hndl           
ffffffff  __TI_prof_data_size           
ffffffff  __TI_prof_data_start          
00000000  __TI_static_base__            
00000c89  __TI_zero_init_nomemset       
00000b09  __aeabi_memcpy                
00000b09  __aeabi_memcpy4               
00000b09  __aeabi_memcpy8               
ffffffff  __binit__                     
ffffffff  __c_args__                    
UNDEFED   __mpu_init                    
2000fe00  __stack                       
00000c51  _c_int00_noargs               
UNDEFED   _system_post_cinit            
00000cb7  _system_pre_init              
00000cbb  abort                         
ffffffff  binit                         
000009bb  clrIntFlag_UART               
000009b5  getIntFlag_UART               
000009c3  getRXByte                     
00000000  interruptVectors              
000006d5  main                          
0000043d  makeDC                        
0000045f  makeWave                      
00000b09  memcpy                        
00000acd  sendByte_SPI                  
000008b1  set_DCO                       
00000491  write_DAC                     


GLOBAL SYMBOLS: SORTED BY Symbol Address 

address   name                          
-------   ----                          
00000000  __TI_static_base__            
00000000  interruptVectors              
000000e5  SystemCoreClockUpdate         
00000200  __STACK_SIZE                  
0000035d  SystemInit                    
00000419  FG_INIT                       
0000043d  makeDC                        
0000045f  makeWave                      
00000491  write_DAC                     
000004d9  TA0_0_IRQHandler              
000004d9  TA0_0_IRQHandler              
000006d5  main                          
0000071b  RX_Decode                     
000008b1  set_DCO                       
000009b5  getIntFlag_UART               
000009bb  clrIntFlag_UART               
000009c3  getRXByte                     
000009c9  UART_INIT                     
00000a19  EUSCIA0_IRQHandler            
00000a19  EUSCIA0_IRQHandler            
00000a6d  SPI_INIT                      
00000acd  sendByte_SPI                  
00000b09  __aeabi_memcpy                
00000b09  __aeabi_memcpy4               
00000b09  __aeabi_memcpy8               
00000b09  memcpy                        
00000ba5  __TI_decompress_lzss          
00000c0d  __TI_auto_init_nobinit_nopinit
00000c51  _c_int00_noargs               
00000c89  __TI_zero_init_nomemset       
00000c9b  __TI_decompress_none          
00000ca9  Reset_Handler                 
00000cb5  ADC14_IRQHandler              
00000cb5  AES256_IRQHandler             
00000cb5  BusFault_Handler              
00000cb5  COMP_E0_IRQHandler            
00000cb5  COMP_E1_IRQHandler            
00000cb5  CS_IRQHandler                 
00000cb5  DMA_ERR_IRQHandler            
00000cb5  DMA_INT0_IRQHandler           
00000cb5  DMA_INT1_IRQHandler           
00000cb5  DMA_INT2_IRQHandler           
00000cb5  DMA_INT3_IRQHandler           
00000cb5  DebugMon_Handler              
00000cb5  Default_Handler               
00000cb5  EUSCIA1_IRQHandler            
00000cb5  EUSCIA2_IRQHandler            
00000cb5  EUSCIA3_IRQHandler            
00000cb5  EUSCIB0_IRQHandler            
00000cb5  EUSCIB1_IRQHandler            
00000cb5  EUSCIB2_IRQHandler            
00000cb5  EUSCIB3_IRQHandler            
00000cb5  FLCTL_IRQHandler              
00000cb5  FPU_IRQHandler                
00000cb5  HardFault_Handler             
00000cb5  MemManage_Handler             
00000cb5  NMI_Handler                   
00000cb5  PCM_IRQHandler                
00000cb5  PORT1_IRQHandler              
00000cb5  PORT2_IRQHandler              
00000cb5  PORT3_IRQHandler              
00000cb5  PORT4_IRQHandler              
00000cb5  PORT5_IRQHandler              
00000cb5  PORT6_IRQHandler              
00000cb5  PSS_IRQHandler                
00000cb5  PendSV_Handler                
00000cb5  RTC_C_IRQHandler              
00000cb5  SVC_Handler                   
00000cb5  SysTick_Handler               
00000cb5  T32_INT1_IRQHandler           
00000cb5  T32_INT2_IRQHandler           
00000cb5  T32_INTC_IRQHandler           
00000cb5  TA0_N_IRQHandler              
00000cb5  TA1_0_IRQHandler              
00000cb5  TA1_N_IRQHandler              
00000cb5  TA2_0_IRQHandler              
00000cb5  TA2_N_IRQHandler              
00000cb5  TA3_0_IRQHandler              
00000cb5  TA3_N_IRQHandler              
00000cb5  UsageFault_Handler            
00000cb5  WDT_A_IRQHandler              
00000cb7  _system_pre_init              
00000cbb  C$$EXIT                       
00000cbb  abort                         
00001070  __TI_Handler_Table_Base       
0000107c  __TI_Handler_Table_Limit      
00001088  __TI_CINIT_Base               
00001098  __TI_CINIT_Limit              
20001170  UART_FLG                      
20001178  SystemCoreClock               
2000fe00  __stack                       
20010000  __STACK_END                   
4000480c  WDTCTL_SYM                    
ffffffff  __TI_pprof_out_hndl           
ffffffff  __TI_prof_data_size           
ffffffff  __TI_prof_data_start          
ffffffff  __binit__                     
ffffffff  __c_args__                    
ffffffff  binit                         
UNDEFED   __mpu_init                    
UNDEFED   _system_post_cinit            

[101 symbols]
