******************************************************************************
                  TI ARM Linker PC v18.1.1                     
******************************************************************************
>> Linked Thu May 17 21:51:47 2018

OUTPUT FILE NAME:   <P3.out>
ENTRY POINT SYMBOL: "_c_int00_noargs"  address: 000023a5


MEMORY CONFIGURATION

         name            origin    length      used     unused   attr    fill
----------------------  --------  ---------  --------  --------  ----  --------
  MAIN                  00000000   00040000  00002490  0003db70  R  X
  INFO                  00200000   00004000  00000000  00004000  R  X
  SRAM_CODE             01000000   00010000  00009e84  0000617c  RW X
  SRAM_DATA             20000000   00010000  00009e84  0000617c  RW  


SEGMENT ALLOCATION MAP

run origin  load origin   length   init length attrs members
----------  ----------- ---------- ----------- ----- -------
00000000    00000000    00002490   00002490    r-x
  00000000    00000000    000000e4   000000e4    r-- .intvecs
  000000e4    000000e4    00002374   00002374    r-x .text
  00002458    00002458    00000038   00000038    r-- .cinit
20000000    20000000    00009c84   00000000    rw-
  20000000    20000000    00009c4c   00000000    rw- .bss
  20009c4c    20009c4c    00000038   00000000    rw- .data
2000fe00    2000fe00    00000200   00000000    rw-
  2000fe00    2000fe00    00000200   00000000    rw- .stack


SECTION ALLOCATION MAP

 output                                  attributes/
section   page    origin      length       input sections
--------  ----  ----------  ----------   ----------------
.intvecs   0    00000000    000000e4     
                  00000000    000000e4     startup_msp432p401r_ccs.obj (.intvecs:retain)

.text      0    000000e4    00002374     
                  000000e4    00000d1c     main.obj (.text)
                  00000e00    000003fc     UART.obj (.text)
                  000011fc    00000334     system_msp432p401r.obj (.text)
                  00001530    00000290     delays.obj (.text)
                  000017c0    000001c0     ADC.obj (.text)
                  00001980    000001b6     rtsv7M4_T_le_v4SPD16_eabi.lib : fd_add_t2.asm.obj (.text)
                  00001b36    00000164     ANSI.obj (.text)
                  00001c9a    00000002     --HOLE-- [fill = 0]
                  00001c9c    00000158     rtsv7M4_T_le_v4SPD16_eabi.lib : e_sqrt.c.obj (.text:sqrt)
                  00001df4    00000136                                   : fd_div_t2.asm.obj (.text)
                  00001f2a    00000002     --HOLE-- [fill = 0]
                  00001f2c    00000104     set_DCO.obj (.text)
                  00002030    000000fc     rtsv7M4_T_le_v4SPD16_eabi.lib : fd_mul_t2.asm.obj (.text)
                  0000212c    0000009c                                   : memcpy_t2.asm.obj (.text)
                  000021c8    0000007a                                   : memset_t2.asm.obj (.text)
                  00002242    0000006e                                   : fd_tos_t2.asm.obj (.text)
                  000022b0    00000068                                   : copy_decompress_lzss.c.obj (.text:decompress:lzss:__TI_decompress_lzss)
                  00002318    00000048                                   : fd_toi_t2.asm.obj (.text)
                  00002360    00000044                                   : autoinit.c.obj (.text:__TI_auto_init_nobinit_nopinit:__TI_auto_init_nobinit_nopinit)
                  000023a4    00000038                                   : boot_cortex_m.c.obj (.text:_c_int00_noargs:_c_int00_noargs)
                  000023dc    0000002e                                   : i_tofd_t2.asm.obj (.text)
                  0000240a    00000014                                   : strlen.c.obj (.text:strlen)
                  0000241e    0000000e                                   : copy_decompress_none.c.obj (.text:decompress:none:__TI_decompress_none)
                  0000242c    0000000e     startup_msp432p401r_ccs.obj (.text)
                  0000243a    0000000c     rtsv7M4_T_le_v4SPD16_eabi.lib : copy_zero_init.c.obj (.text:decompress:ZI:__TI_zero_init)
                  00002446    00000002     --HOLE-- [fill = 0]
                  00002448    00000008                                   : errno.c.obj (.text:__aeabi_errno_addr)
                  00002450    00000004                                   : pre_init.c.obj (.text:_system_pre_init)
                  00002454    00000004                                   : exit.c.obj (.text:abort:abort)

.cinit     0    00002458    00000038     
                  00002458    00000011     (.cinit..data.load) [load image, compression = lzss]
                  00002469    00000003     --HOLE-- [fill = 0]
                  0000246c    0000000c     (__TI_handler_table)
                  00002478    00000008     (.cinit..bss.load) [load image, compression = zero_init]
                  00002480    00000010     (__TI_cinit_table)

.init_array 
*          0    00000000    00000000     UNINITIALIZED

.binit     0    00000000    00000000     

.bss       0    20000000    00009c4c     UNINITIALIZED
                  20000000    00009c40     main.obj (.bss:vSample)
                  20009c40    00000008     main.obj (.bss)
                  20009c48    00000004     (.common:anIn)

.data      0    20009c4c    00000038     UNINITIALIZED
                  20009c4c    00000024     main.obj (.data)
                  20009c70    00000008     UART.obj (.data)
                  20009c78    00000004     ADC.obj (.data)
                  20009c7c    00000004     rtsv7M4_T_le_v4SPD16_eabi.lib : errno.c.obj (.data)
                  20009c80    00000004     system_msp432p401r.obj (.data)

.stack     0    2000fe00    00000200     UNINITIALIZED
                  2000fe00    00000004     rtsv7M4_T_le_v4SPD16_eabi.lib : boot_cortex_m.c.obj (.stack)
                  2000fe04    000001fc     --HOLE--

MODULE SUMMARY

       Module                        code   ro data   rw data
       ------                        ----   -------   -------
    .\
       main.obj                      3356   0         80088  
       UART.obj                      1020   0         16     
       system_msp432p401r.obj        820    0         8      
       delays.obj                    656    0         0      
       ADC.obj                       448    0         16     
       ANSI.obj                      356    0         0      
       set_DCO.obj                   260    0         0      
       startup_msp432p401r_ccs.obj   14     228       0      
    +--+-----------------------------+------+---------+---------+
       Total:                        6930   228       80128  
                                                             
    C:\ti\ccsv8\tools\compiler\ti-cgt-arm_18.1.1.LTS\lib\rtsv7M4_T_le_v4SPD16_eabi.lib
       fd_add_t2.asm.obj             438    0         0      
       e_sqrt.c.obj                  344    0         0      
       fd_div_t2.asm.obj             310    0         0      
       fd_mul_t2.asm.obj             252    0         0      
       memcpy_t2.asm.obj             156    0         0      
       memset_t2.asm.obj             122    0         0      
       fd_tos_t2.asm.obj             110    0         0      
       copy_decompress_lzss.c.obj    104    0         0      
       fd_toi_t2.asm.obj             72     0         0      
       autoinit.c.obj                68     0         0      
       boot_cortex_m.c.obj           56     0         0      
       i_tofd_t2.asm.obj             46     0         0      
       strlen.c.obj                  20     0         0      
       errno.c.obj                   8      0         8      
       copy_decompress_none.c.obj    14     0         0      
       copy_zero_init.c.obj          12     0         0      
       exit.c.obj                    4      0         0      
       pre_init.c.obj                4      0         0      
    +--+-----------------------------+------+---------+---------+
       Total:                        2140   0         8      
                                                             
       Stack:                        0      0         1024   
       Linker Generated:             0      53        0      
    +--+-----------------------------+------+---------+---------+
       Grand Total:                  9070   281       81160  


LINKER GENERATED COPY TABLES

__TI_cinit_table @ 00002480 records: 2, size/record: 8, table size: 16
	.data: load addr=00002458, load size=00000011 bytes, run addr=20009c4c, run size=00000038 bytes, compression=lzss
	.bss: load addr=00002478, load size=00000008 bytes, run addr=20000000, run size=00009c4c bytes, compression=zero_init


LINKER GENERATED HANDLER TABLE

__TI_handler_table @ 0000246c records: 3, size/record: 4, table size: 12
	index: 0, handler: __TI_decompress_lzss
	index: 1, handler: __TI_decompress_none
	index: 2, handler: __TI_zero_init


GLOBAL SYMBOLS: SORTED ALPHABETICALLY BY Name 

address   name                          
-------   ----                          
00001945  ADC14_IRQHandler              
00001945  ADC14_IRQHandler              
000017c1  ADC_INIT                      
00002439  AES256_IRQHandler             
00002439  BusFault_Handler              
00002455  C$$EXIT                       
00002439  COMP_E0_IRQHandler            
00002439  COMP_E1_IRQHandler            
00002439  CS_IRQHandler                 
000008e1  DISP_INIT                     
00002439  DMA_ERR_IRQHandler            
00002439  DMA_INT0_IRQHandler           
00002439  DMA_INT1_IRQHandler           
00002439  DMA_INT2_IRQHandler           
00002439  DMA_INT3_IRQHandler           
00002439  DebugMon_Handler              
00002439  Default_Handler               
000011a7  EUSCIA0_IRQHandler            
000011a7  EUSCIA0_IRQHandler            
00002439  EUSCIA1_IRQHandler            
00002439  EUSCIA2_IRQHandler            
00002439  EUSCIA3_IRQHandler            
00002439  EUSCIB0_IRQHandler            
00002439  EUSCIB1_IRQHandler            
00002439  EUSCIB2_IRQHandler            
00002439  EUSCIB3_IRQHandler            
00002439  FLCTL_IRQHandler              
00002439  FPU_IRQHandler                
00002439  HardFault_Handler             
00002439  MemManage_Handler             
00002439  NMI_Handler                   
00002439  PCM_IRQHandler                
00002439  PORT1_IRQHandler              
00000b93  PORT2_IRQHandler              
00000b93  PORT2_IRQHandler              
00002439  PORT3_IRQHandler              
00002439  PORT4_IRQHandler              
00002439  PORT5_IRQHandler              
00002439  PORT6_IRQHandler              
00002439  PSS_IRQHandler                
00002439  PendSV_Handler                
00002439  RTC_C_IRQHandler              
0000242d  Reset_Handler                 
00002439  SVC_Handler                   
00002439  SysTick_Handler               
20009c80  SystemCoreClock               
000011fd  SystemCoreClockUpdate         
00001475  SystemInit                    
00002439  T32_INT1_IRQHandler           
00002439  T32_INT2_IRQHandler           
00002439  T32_INTC_IRQHandler           
00000b33  TA0_0_IRQHandler              
00000b33  TA0_0_IRQHandler              
00002439  TA0_N_IRQHandler              
00002439  TA1_0_IRQHandler              
00002439  TA1_N_IRQHandler              
00002439  TA2_0_IRQHandler              
00002439  TA2_N_IRQHandler              
00002439  TA3_0_IRQHandler              
00002439  TA3_N_IRQHandler              
00000173  TIMER_INIT                    
00000e1d  UART_INIT                     
00002439  UsageFault_Handler            
4000480c  WDTCTL_SYM                    
00002439  WDT_A_IRQHandler              
20010000  __STACK_END                   
00000200  __STACK_SIZE                  
00002480  __TI_CINIT_Base               
00002490  __TI_CINIT_Limit              
0000246c  __TI_Handler_Table_Base       
00002478  __TI_Handler_Table_Limit      
00002361  __TI_auto_init_nobinit_nopinit
000022b1  __TI_decompress_lzss          
0000241f  __TI_decompress_none          
ffffffff  __TI_pprof_out_hndl           
ffffffff  __TI_prof_data_size           
ffffffff  __TI_prof_data_start          
00000000  __TI_static_base__            
0000243b  __TI_zero_init                
00002243  __aeabi_d2f                   
00002319  __aeabi_d2iz                  
0000198b  __aeabi_dadd                  
00001df5  __aeabi_ddiv                  
00002031  __aeabi_dmul                  
00001981  __aeabi_dsub                  
00002449  __aeabi_errno_addr            
000023dd  __aeabi_i2d                   
000021c9  __aeabi_memclr                
000021c9  __aeabi_memclr4               
000021c9  __aeabi_memclr8               
0000212d  __aeabi_memcpy                
0000212d  __aeabi_memcpy4               
0000212d  __aeabi_memcpy8               
000021cb  __aeabi_memset                
000021cb  __aeabi_memset4               
000021cb  __aeabi_memset8               
ffffffff  __binit__                     
ffffffff  __c_args__                    
UNDEFED   __mpu_init                    
2000fe00  __stack                       
000023a5  _c_int00_noargs               
UNDEFED   _system_post_cinit            
00002451  _system_pre_init              
00002455  abort                         
20009c48  anIn                          
ffffffff  binit                         
00001829  calcVolt_ADC                  
20009c64  captureFlag                   
00001c1f  clearLineLeft_ANSI            
00001c09  clearLineRight_ANSI           
00001c3b  clearLine_ANSI                
00001c57  clearScreen_ANSI              
00001817  clrIntFlag_ADC                
00000e07  clrIntFlag_UART               
00001bbf  cursPhoneHome_ANSI            
20009c78  dataReady_FLG                 
00001531  delay_ms                      
0000163f  delay_us                      
20009c7c  errno                         
00001811  getAnData_ADC                 
0000180b  getIntFlag_ADC                
00000e01  getIntFlag_UART               
00000e0f  getRXByte                     
00001c73  hideCurs_ANSI                 
00000000  interruptVectors              
000000e5  main                          
00000229  measACV_DMM                   
000001cd  measDCV_DMM                   
00000341  measFreq_DMM                  
000002ab  measPktoPk_DMM                
00000231  measTRMS_DMM                  
0000212d  memcpy                        
000021d1  memset                        
00001b59  moveCursDown_ANSI             
00001b9d  moveCursLeft_ANSI             
00001bd5  moveCursRC_ANSI               
00001b7b  moveCursRight_ANSI            
00001b37  moveCursUp_ANSI               
0000114b  sendByte_UART                 
0000116d  sendString_UART               
000018dd  sendVolt_ADC                  
00001f2d  set_DCO                       
00001c9d  sqrt                          
00001c9d  sqrtl                         
0000240b  strlen                        
00000395  updateDisp_DMM                


GLOBAL SYMBOLS: SORTED BY Symbol Address 

address   name                          
-------   ----                          
00000000  __TI_static_base__            
00000000  interruptVectors              
000000e5  main                          
00000173  TIMER_INIT                    
000001cd  measDCV_DMM                   
00000200  __STACK_SIZE                  
00000229  measACV_DMM                   
00000231  measTRMS_DMM                  
000002ab  measPktoPk_DMM                
00000341  measFreq_DMM                  
00000395  updateDisp_DMM                
000008e1  DISP_INIT                     
00000b33  TA0_0_IRQHandler              
00000b33  TA0_0_IRQHandler              
00000b93  PORT2_IRQHandler              
00000b93  PORT2_IRQHandler              
00000e01  getIntFlag_UART               
00000e07  clrIntFlag_UART               
00000e0f  getRXByte                     
00000e1d  UART_INIT                     
0000114b  sendByte_UART                 
0000116d  sendString_UART               
000011a7  EUSCIA0_IRQHandler            
000011a7  EUSCIA0_IRQHandler            
000011fd  SystemCoreClockUpdate         
00001475  SystemInit                    
00001531  delay_ms                      
0000163f  delay_us                      
000017c1  ADC_INIT                      
0000180b  getIntFlag_ADC                
00001811  getAnData_ADC                 
00001817  clrIntFlag_ADC                
00001829  calcVolt_ADC                  
000018dd  sendVolt_ADC                  
00001945  ADC14_IRQHandler              
00001945  ADC14_IRQHandler              
00001981  __aeabi_dsub                  
0000198b  __aeabi_dadd                  
00001b37  moveCursUp_ANSI               
00001b59  moveCursDown_ANSI             
00001b7b  moveCursRight_ANSI            
00001b9d  moveCursLeft_ANSI             
00001bbf  cursPhoneHome_ANSI            
00001bd5  moveCursRC_ANSI               
00001c09  clearLineRight_ANSI           
00001c1f  clearLineLeft_ANSI            
00001c3b  clearLine_ANSI                
00001c57  clearScreen_ANSI              
00001c73  hideCurs_ANSI                 
00001c9d  sqrt                          
00001c9d  sqrtl                         
00001df5  __aeabi_ddiv                  
00001f2d  set_DCO                       
00002031  __aeabi_dmul                  
0000212d  __aeabi_memcpy                
0000212d  __aeabi_memcpy4               
0000212d  __aeabi_memcpy8               
0000212d  memcpy                        
000021c9  __aeabi_memclr                
000021c9  __aeabi_memclr4               
000021c9  __aeabi_memclr8               
000021cb  __aeabi_memset                
000021cb  __aeabi_memset4               
000021cb  __aeabi_memset8               
000021d1  memset                        
00002243  __aeabi_d2f                   
000022b1  __TI_decompress_lzss          
00002319  __aeabi_d2iz                  
00002361  __TI_auto_init_nobinit_nopinit
000023a5  _c_int00_noargs               
000023dd  __aeabi_i2d                   
0000240b  strlen                        
0000241f  __TI_decompress_none          
0000242d  Reset_Handler                 
00002439  AES256_IRQHandler             
00002439  BusFault_Handler              
00002439  COMP_E0_IRQHandler            
00002439  COMP_E1_IRQHandler            
00002439  CS_IRQHandler                 
00002439  DMA_ERR_IRQHandler            
00002439  DMA_INT0_IRQHandler           
00002439  DMA_INT1_IRQHandler           
00002439  DMA_INT2_IRQHandler           
00002439  DMA_INT3_IRQHandler           
00002439  DebugMon_Handler              
00002439  Default_Handler               
00002439  EUSCIA1_IRQHandler            
00002439  EUSCIA2_IRQHandler            
00002439  EUSCIA3_IRQHandler            
00002439  EUSCIB0_IRQHandler            
00002439  EUSCIB1_IRQHandler            
00002439  EUSCIB2_IRQHandler            
00002439  EUSCIB3_IRQHandler            
00002439  FLCTL_IRQHandler              
00002439  FPU_IRQHandler                
00002439  HardFault_Handler             
00002439  MemManage_Handler             
00002439  NMI_Handler                   
00002439  PCM_IRQHandler                
00002439  PORT1_IRQHandler              
00002439  PORT3_IRQHandler              
00002439  PORT4_IRQHandler              
00002439  PORT5_IRQHandler              
00002439  PORT6_IRQHandler              
00002439  PSS_IRQHandler                
00002439  PendSV_Handler                
00002439  RTC_C_IRQHandler              
00002439  SVC_Handler                   
00002439  SysTick_Handler               
00002439  T32_INT1_IRQHandler           
00002439  T32_INT2_IRQHandler           
00002439  T32_INTC_IRQHandler           
00002439  TA0_N_IRQHandler              
00002439  TA1_0_IRQHandler              
00002439  TA1_N_IRQHandler              
00002439  TA2_0_IRQHandler              
00002439  TA2_N_IRQHandler              
00002439  TA3_0_IRQHandler              
00002439  TA3_N_IRQHandler              
00002439  UsageFault_Handler            
00002439  WDT_A_IRQHandler              
0000243b  __TI_zero_init                
00002449  __aeabi_errno_addr            
00002451  _system_pre_init              
00002455  C$$EXIT                       
00002455  abort                         
0000246c  __TI_Handler_Table_Base       
00002478  __TI_Handler_Table_Limit      
00002480  __TI_CINIT_Base               
00002490  __TI_CINIT_Limit              
20009c48  anIn                          
20009c64  captureFlag                   
20009c78  dataReady_FLG                 
20009c7c  errno                         
20009c80  SystemCoreClock               
2000fe00  __stack                       
20010000  __STACK_END                   
4000480c  WDTCTL_SYM                    
ffffffff  __TI_pprof_out_hndl           
ffffffff  __TI_prof_data_size           
ffffffff  __TI_prof_data_start          
ffffffff  __binit__                     
ffffffff  __c_args__                    
ffffffff  binit                         
UNDEFED   __mpu_init                    
UNDEFED   _system_post_cinit            

[146 symbols]
