******************************************************************************
                  TI ARM Linker PC v18.1.1                     
******************************************************************************
>> Linked Fri May 18 19:35:30 2018

OUTPUT FILE NAME:   <P3.out>
ENTRY POINT SYMBOL: "_c_int00_noargs"  address: 0000241d


MEMORY CONFIGURATION

         name            origin    length      used     unused   attr    fill
----------------------  --------  ---------  --------  --------  ----  --------
  MAIN                  00000000   00040000  00002500  0003db00  R  X
  INFO                  00200000   00004000  00000000  00004000  R  X
  SRAM_CODE             01000000   00010000  00009eb4  0000614c  RW X
  SRAM_DATA             20000000   00010000  00009eb4  0000614c  RW  


SEGMENT ALLOCATION MAP

run origin  load origin   length   init length attrs members
----------  ----------- ---------- ----------- ----- -------
00000000    00000000    00002500   00002500    r-x
  00000000    00000000    000000e4   000000e4    r-- .intvecs
  000000e4    000000e4    000023ec   000023ec    r-x .text
  000024d0    000024d0    00000030   00000030    r-- .cinit
20000000    20000000    00009cb4   00000000    rw-
  20000000    20000000    00009c7c   00000000    rw- .bss
  20009c7c    20009c7c    00000038   00000000    rw- .data
2000fe00    2000fe00    00000200   00000000    rw-
  2000fe00    2000fe00    00000200   00000000    rw- .stack


SECTION ALLOCATION MAP

 output                                  attributes/
section   page    origin      length       input sections
--------  ----  ----------  ----------   ----------------
.intvecs   0    00000000    000000e4     
                  00000000    000000e4     startup_msp432p401r_ccs.obj (.intvecs:retain)

.text      0    000000e4    000023ec     
                  000000e4    00000d04     DMM.obj (.text)
                  00000de8    000003fc     UART.obj (.text)
                  000011e4    00000334     system_msp432p401r.obj (.text)
                  00001518    00000290     delays.obj (.text)
                  000017a8    000001b6     rtsv7M4_T_le_v4SPD16_eabi.lib : fd_add_t2.asm.obj (.text)
                  0000195e    00000002     --HOLE-- [fill = 0]
                  00001960    000001b4     ADC.obj (.text)
                  00001b14    00000164     ANSI.obj (.text)
                  00001c78    00000158     rtsv7M4_T_le_v4SPD16_eabi.lib : e_sqrt.c.obj (.text:sqrt)
                  00001dd0    00000136                                   : fd_div_t2.asm.obj (.text)
                  00001f06    00000002     --HOLE-- [fill = 0]
                  00001f08    00000104     set_DCO.obj (.text)
                  0000200c    000000fc     rtsv7M4_T_le_v4SPD16_eabi.lib : fd_mul_t2.asm.obj (.text)
                  00002108    0000009c     main.obj (.text)
                  000021a4    0000009c     rtsv7M4_T_le_v4SPD16_eabi.lib : memcpy_t2.asm.obj (.text)
                  00002240    0000007a                                   : memset_t2.asm.obj (.text)
                  000022ba    0000006e                                   : fd_tos_t2.asm.obj (.text)
                  00002328    00000068                                   : copy_decompress_lzss.c.obj (.text:decompress:lzss:__TI_decompress_lzss)
                  00002390    00000048                                   : fd_toi_t2.asm.obj (.text)
                  000023d8    00000044                                   : autoinit.c.obj (.text:__TI_auto_init_nobinit_nopinit:__TI_auto_init_nobinit_nopinit)
                  0000241c    00000038                                   : boot_cortex_m.c.obj (.text:_c_int00_noargs:_c_int00_noargs)
                  00002454    0000002e                                   : i_tofd_t2.asm.obj (.text)
                  00002482    00000014                                   : strlen.c.obj (.text:strlen)
                  00002496    0000000e                                   : copy_decompress_none.c.obj (.text:decompress:none:__TI_decompress_none)
                  000024a4    0000000e     startup_msp432p401r_ccs.obj (.text)
                  000024b2    0000000c     rtsv7M4_T_le_v4SPD16_eabi.lib : copy_zero_init.c.obj (.text:decompress:ZI:__TI_zero_init)
                  000024be    00000002     --HOLE-- [fill = 0]
                  000024c0    00000008                                   : errno.c.obj (.text:__aeabi_errno_addr)
                  000024c8    00000004                                   : pre_init.c.obj (.text:_system_pre_init)
                  000024cc    00000004                                   : exit.c.obj (.text:abort:abort)

.cinit     0    000024d0    00000030     
                  000024d0    0000000c     (.cinit..data.load) [load image, compression = lzss]
                  000024dc    0000000c     (__TI_handler_table)
                  000024e8    00000008     (.cinit..bss.load) [load image, compression = zero_init]
                  000024f0    00000010     (__TI_cinit_table)

.init_array 
*          0    00000000    00000000     UNINITIALIZED

.binit     0    00000000    00000000     

.bss       0    20000000    00009c7c     UNINITIALIZED
                  20000000    00009c40     DMM.obj (.bss:vSample)
                  20009c40    00000028     DMM.obj (.bss:freqArr)
                  20009c68    00000010     DMM.obj (.bss)
                  20009c78    00000004     (.common:anIn)

.data      0    20009c7c    00000038     UNINITIALIZED
                  20009c7c    00000024     DMM.obj (.data)
                  20009ca0    00000008     UART.obj (.data)
                  20009ca8    00000004     ADC.obj (.data)
                  20009cac    00000004     rtsv7M4_T_le_v4SPD16_eabi.lib : errno.c.obj (.data)
                  20009cb0    00000004     system_msp432p401r.obj (.data)

.stack     0    2000fe00    00000200     UNINITIALIZED
                  2000fe00    00000004     rtsv7M4_T_le_v4SPD16_eabi.lib : boot_cortex_m.c.obj (.stack)
                  2000fe04    000001fc     --HOLE--

MODULE SUMMARY

       Module                        code   ro data   rw data
       ------                        ----   -------   -------
    .\
       DMM.obj                       3332   0         80184  
       UART.obj                      1020   0         16     
       system_msp432p401r.obj        820    0         8      
       delays.obj                    656    0         0      
       ADC.obj                       436    0         16     
       ANSI.obj                      356    0         0      
       set_DCO.obj                   260    0         0      
       startup_msp432p401r_ccs.obj   14     228       0      
       main.obj                      156    0         0      
    +--+-----------------------------+------+---------+---------+
       Total:                        7050   228       80224  
                                                             
    C:\ti\ccsv8\tools\compiler\ti-cgt-arm_18.1.1.LTS\lib\rtsv7M4_T_le_v4SPD16_eabi.lib
       fd_add_t2.asm.obj             438    0         0      
       e_sqrt.c.obj                  344    0         0      
       fd_div_t2.asm.obj             310    0         0      
       fd_mul_t2.asm.obj             252    0         0      
       memcpy_t2.asm.obj             156    0         0      
       memset_t2.asm.obj             122    0         0      
       fd_tos_t2.asm.obj             110    0         0      
       copy_decompress_lzss.c.obj    104    0         0      
       fd_toi_t2.asm.obj             72     0         0      
       autoinit.c.obj                68     0         0      
       boot_cortex_m.c.obj           56     0         0      
       i_tofd_t2.asm.obj             46     0         0      
       strlen.c.obj                  20     0         0      
       errno.c.obj                   8      0         8      
       copy_decompress_none.c.obj    14     0         0      
       copy_zero_init.c.obj          12     0         0      
       exit.c.obj                    4      0         0      
       pre_init.c.obj                4      0         0      
    +--+-----------------------------+------+---------+---------+
       Total:                        2140   0         8      
                                                             
       Stack:                        0      0         1024   
       Linker Generated:             0      48        0      
    +--+-----------------------------+------+---------+---------+
       Grand Total:                  9190   276       81256  


LINKER GENERATED COPY TABLES

__TI_cinit_table @ 000024f0 records: 2, size/record: 8, table size: 16
	.data: load addr=000024d0, load size=0000000c bytes, run addr=20009c7c, run size=00000038 bytes, compression=lzss
	.bss: load addr=000024e8, load size=00000008 bytes, run addr=20000000, run size=00009c7c bytes, compression=zero_init


LINKER GENERATED HANDLER TABLE

__TI_handler_table @ 000024dc records: 3, size/record: 4, table size: 12
	index: 0, handler: __TI_decompress_lzss
	index: 1, handler: __TI_decompress_none
	index: 2, handler: __TI_zero_init


GLOBAL SYMBOLS: SORTED ALPHABETICALLY BY Name 

address   name                          
-------   ----                          
00001ad9  ADC14_IRQHandler              
00001ad9  ADC14_IRQHandler              
00001961  ADC_INIT                      
000024b1  AES256_IRQHandler             
000024b1  BusFault_Handler              
000024cd  C$$EXIT                       
000024b1  COMP_E0_IRQHandler            
000024b1  COMP_E1_IRQHandler            
000024b1  CS_IRQHandler                 
000008b9  DISP_INIT                     
000024b1  DMA_ERR_IRQHandler            
000024b1  DMA_INT0_IRQHandler           
000024b1  DMA_INT1_IRQHandler           
000024b1  DMA_INT2_IRQHandler           
000024b1  DMA_INT3_IRQHandler           
000024b1  DebugMon_Handler              
000024b1  Default_Handler               
0000118f  EUSCIA0_IRQHandler            
0000118f  EUSCIA0_IRQHandler            
000024b1  EUSCIA1_IRQHandler            
000024b1  EUSCIA2_IRQHandler            
000024b1  EUSCIA3_IRQHandler            
000024b1  EUSCIB0_IRQHandler            
000024b1  EUSCIB1_IRQHandler            
000024b1  EUSCIB2_IRQHandler            
000024b1  EUSCIB3_IRQHandler            
000024b1  FLCTL_IRQHandler              
000024b1  FPU_IRQHandler                
000024b1  HardFault_Handler             
000024b1  MemManage_Handler             
000024b1  NMI_Handler                   
000024b1  PCM_IRQHandler                
000024b1  PORT1_IRQHandler              
000024b1  PORT2_IRQHandler              
000024b1  PORT3_IRQHandler              
000024b1  PORT4_IRQHandler              
000024b1  PORT5_IRQHandler              
000024b1  PORT6_IRQHandler              
000024b1  PSS_IRQHandler                
000024b1  PendSV_Handler                
000024b1  RTC_C_IRQHandler              
000024a5  Reset_Handler                 
000024b1  SVC_Handler                   
000024b1  SysTick_Handler               
20009cb0  SystemCoreClock               
000011e5  SystemCoreClockUpdate         
0000145d  SystemInit                    
000024b1  T32_INT1_IRQHandler           
000024b1  T32_INT2_IRQHandler           
000024b1  T32_INTC_IRQHandler           
00000b1f  TA0_0_IRQHandler              
00000b1f  TA0_0_IRQHandler              
000024b1  TA0_N_IRQHandler              
000024b1  TA1_0_IRQHandler              
000024b1  TA1_N_IRQHandler              
000024b1  TA2_0_IRQHandler              
000024b1  TA2_N_IRQHandler              
000024b1  TA3_0_IRQHandler              
000024b1  TA3_N_IRQHandler              
00000141  TIMER_INIT                    
00000e05  UART_INIT                     
000024b1  UsageFault_Handler            
4000480c  WDTCTL_SYM                    
000024b1  WDT_A_IRQHandler              
20010000  __STACK_END                   
00000200  __STACK_SIZE                  
000024f0  __TI_CINIT_Base               
00002500  __TI_CINIT_Limit              
000024dc  __TI_Handler_Table_Base       
000024e8  __TI_Handler_Table_Limit      
000023d9  __TI_auto_init_nobinit_nopinit
00002329  __TI_decompress_lzss          
00002497  __TI_decompress_none          
ffffffff  __TI_pprof_out_hndl           
ffffffff  __TI_prof_data_size           
ffffffff  __TI_prof_data_start          
00000000  __TI_static_base__            
000024b3  __TI_zero_init                
000022bb  __aeabi_d2f                   
00002391  __aeabi_d2iz                  
000017b3  __aeabi_dadd                  
00001dd1  __aeabi_ddiv                  
0000200d  __aeabi_dmul                  
000017a9  __aeabi_dsub                  
000024c1  __aeabi_errno_addr            
00002455  __aeabi_i2d                   
00002241  __aeabi_memclr                
00002241  __aeabi_memclr4               
00002241  __aeabi_memclr8               
000021a5  __aeabi_memcpy                
000021a5  __aeabi_memcpy4               
000021a5  __aeabi_memcpy8               
00002243  __aeabi_memset                
00002243  __aeabi_memset4               
00002243  __aeabi_memset8               
ffffffff  __binit__                     
ffffffff  __c_args__                    
UNDEFED   __mpu_init                    
2000fe00  __stack                       
0000241d  _c_int00_noargs               
UNDEFED   _system_post_cinit            
000024c9  _system_pre_init              
000024cd  abort                         
20009c78  anIn                          
ffffffff  binit                         
000019c9  calcVolt_ADC                  
00001bfd  clearLineLeft_ANSI            
00001be7  clearLineRight_ANSI           
00001c19  clearLine_ANSI                
00001c35  clearScreen_ANSI              
000019b7  clrIntFlag_ADC                
00000def  clrIntFlag_UART               
00001b9d  cursPhoneHome_ANSI            
20009ca8  dataReady_FLG                 
00001519  delay_ms                      
00001627  delay_us                      
20009cac  errno                         
0000013b  getACFlag_DMM                 
000019b1  getAnData_ADC                 
00000135  getDCV_DMM                    
000019ab  getIntFlag_ADC                
00000de9  getIntFlag_UART               
00000df7  getRXByte                     
00001c51  hideCurs_ANSI                 
00000000  interruptVectors              
00002109  main                          
00000181  measDCV_DMM                   
000002d7  measFreq_DMM                  
00000245  measPktoPk_DMM                
000001cf  measTRMS_DMM                  
000021a5  memcpy                        
00002249  memset                        
00001b37  moveCursDown_ANSI             
00001b7b  moveCursLeft_ANSI             
00001bb3  moveCursRC_ANSI               
00001b59  moveCursRight_ANSI            
00001b15  moveCursUp_ANSI               
00001133  sendByte_UART                 
00001155  sendString_UART               
00001a7d  sendVolt_ADC                  
00000115  setDCOff_DMM                  
000000e5  setDCV_DMM                    
00000125  setFreq_DMM                   
000000f5  setPktoPk_DMM                 
00000105  setTRMS_DMM                   
00001f09  set_DCO                       
00001c79  sqrt                          
00001c79  sqrtl                         
00002483  strlen                        
00000371  updateDisp_DMM                


GLOBAL SYMBOLS: SORTED BY Symbol Address 

address   name                          
-------   ----                          
00000000  __TI_static_base__            
00000000  interruptVectors              
000000e5  setDCV_DMM                    
000000f5  setPktoPk_DMM                 
00000105  setTRMS_DMM                   
00000115  setDCOff_DMM                  
00000125  setFreq_DMM                   
00000135  getDCV_DMM                    
0000013b  getACFlag_DMM                 
00000141  TIMER_INIT                    
00000181  measDCV_DMM                   
000001cf  measTRMS_DMM                  
00000200  __STACK_SIZE                  
00000245  measPktoPk_DMM                
000002d7  measFreq_DMM                  
00000371  updateDisp_DMM                
000008b9  DISP_INIT                     
00000b1f  TA0_0_IRQHandler              
00000b1f  TA0_0_IRQHandler              
00000de9  getIntFlag_UART               
00000def  clrIntFlag_UART               
00000df7  getRXByte                     
00000e05  UART_INIT                     
00001133  sendByte_UART                 
00001155  sendString_UART               
0000118f  EUSCIA0_IRQHandler            
0000118f  EUSCIA0_IRQHandler            
000011e5  SystemCoreClockUpdate         
0000145d  SystemInit                    
00001519  delay_ms                      
00001627  delay_us                      
000017a9  __aeabi_dsub                  
000017b3  __aeabi_dadd                  
00001961  ADC_INIT                      
000019ab  getIntFlag_ADC                
000019b1  getAnData_ADC                 
000019b7  clrIntFlag_ADC                
000019c9  calcVolt_ADC                  
00001a7d  sendVolt_ADC                  
00001ad9  ADC14_IRQHandler              
00001ad9  ADC14_IRQHandler              
00001b15  moveCursUp_ANSI               
00001b37  moveCursDown_ANSI             
00001b59  moveCursRight_ANSI            
00001b7b  moveCursLeft_ANSI             
00001b9d  cursPhoneHome_ANSI            
00001bb3  moveCursRC_ANSI               
00001be7  clearLineRight_ANSI           
00001bfd  clearLineLeft_ANSI            
00001c19  clearLine_ANSI                
00001c35  clearScreen_ANSI              
00001c51  hideCurs_ANSI                 
00001c79  sqrt                          
00001c79  sqrtl                         
00001dd1  __aeabi_ddiv                  
00001f09  set_DCO                       
0000200d  __aeabi_dmul                  
00002109  main                          
000021a5  __aeabi_memcpy                
000021a5  __aeabi_memcpy4               
000021a5  __aeabi_memcpy8               
000021a5  memcpy                        
00002241  __aeabi_memclr                
00002241  __aeabi_memclr4               
00002241  __aeabi_memclr8               
00002243  __aeabi_memset                
00002243  __aeabi_memset4               
00002243  __aeabi_memset8               
00002249  memset                        
000022bb  __aeabi_d2f                   
00002329  __TI_decompress_lzss          
00002391  __aeabi_d2iz                  
000023d9  __TI_auto_init_nobinit_nopinit
0000241d  _c_int00_noargs               
00002455  __aeabi_i2d                   
00002483  strlen                        
00002497  __TI_decompress_none          
000024a5  Reset_Handler                 
000024b1  AES256_IRQHandler             
000024b1  BusFault_Handler              
000024b1  COMP_E0_IRQHandler            
000024b1  COMP_E1_IRQHandler            
000024b1  CS_IRQHandler                 
000024b1  DMA_ERR_IRQHandler            
000024b1  DMA_INT0_IRQHandler           
000024b1  DMA_INT1_IRQHandler           
000024b1  DMA_INT2_IRQHandler           
000024b1  DMA_INT3_IRQHandler           
000024b1  DebugMon_Handler              
000024b1  Default_Handler               
000024b1  EUSCIA1_IRQHandler            
000024b1  EUSCIA2_IRQHandler            
000024b1  EUSCIA3_IRQHandler            
000024b1  EUSCIB0_IRQHandler            
000024b1  EUSCIB1_IRQHandler            
000024b1  EUSCIB2_IRQHandler            
000024b1  EUSCIB3_IRQHandler            
000024b1  FLCTL_IRQHandler              
000024b1  FPU_IRQHandler                
000024b1  HardFault_Handler             
000024b1  MemManage_Handler             
000024b1  NMI_Handler                   
000024b1  PCM_IRQHandler                
000024b1  PORT1_IRQHandler              
000024b1  PORT2_IRQHandler              
000024b1  PORT3_IRQHandler              
000024b1  PORT4_IRQHandler              
000024b1  PORT5_IRQHandler              
000024b1  PORT6_IRQHandler              
000024b1  PSS_IRQHandler                
000024b1  PendSV_Handler                
000024b1  RTC_C_IRQHandler              
000024b1  SVC_Handler                   
000024b1  SysTick_Handler               
000024b1  T32_INT1_IRQHandler           
000024b1  T32_INT2_IRQHandler           
000024b1  T32_INTC_IRQHandler           
000024b1  TA0_N_IRQHandler              
000024b1  TA1_0_IRQHandler              
000024b1  TA1_N_IRQHandler              
000024b1  TA2_0_IRQHandler              
000024b1  TA2_N_IRQHandler              
000024b1  TA3_0_IRQHandler              
000024b1  TA3_N_IRQHandler              
000024b1  UsageFault_Handler            
000024b1  WDT_A_IRQHandler              
000024b3  __TI_zero_init                
000024c1  __aeabi_errno_addr            
000024c9  _system_pre_init              
000024cd  C$$EXIT                       
000024cd  abort                         
000024dc  __TI_Handler_Table_Base       
000024e8  __TI_Handler_Table_Limit      
000024f0  __TI_CINIT_Base               
00002500  __TI_CINIT_Limit              
20009c78  anIn                          
20009ca8  dataReady_FLG                 
20009cac  errno                         
20009cb0  SystemCoreClock               
2000fe00  __stack                       
20010000  __STACK_END                   
4000480c  WDTCTL_SYM                    
ffffffff  __TI_pprof_out_hndl           
ffffffff  __TI_prof_data_size           
ffffffff  __TI_prof_data_start          
ffffffff  __binit__                     
ffffffff  __c_args__                    
ffffffff  binit                         
UNDEFED   __mpu_init                    
UNDEFED   _system_post_cinit            

[150 symbols]
