******************************************************************************
                  TI ARM Linker PC v18.1.1                     
******************************************************************************
>> Linked Fri May 18 00:47:07 2018

OUTPUT FILE NAME:   <P3.out>
ENTRY POINT SYMBOL: "_c_int00_noargs"  address: 000023f1


MEMORY CONFIGURATION

         name            origin    length      used     unused   attr    fill
----------------------  --------  ---------  --------  --------  ----  --------
  MAIN                  00000000   00040000  000024d4  0003db2c  R  X
  INFO                  00200000   00004000  00000000  00004000  R  X
  SRAM_CODE             01000000   00010000  00009eb8  00006148  RW X
  SRAM_DATA             20000000   00010000  00009eb8  00006148  RW  


SEGMENT ALLOCATION MAP

run origin  load origin   length   init length attrs members
----------  ----------- ---------- ----------- ----- -------
00000000    00000000    000024d8   000024d8    r-x
  00000000    00000000    000000e4   000000e4    r-- .intvecs
  000000e4    000000e4    000023c0   000023c0    r-x .text
  000024a8    000024a8    00000030   00000030    r-- .cinit
20000000    20000000    00009cb8   00000000    rw-
  20000000    20000000    00009c7c   00000000    rw- .bss
  20009c7c    20009c7c    0000003c   00000000    rw- .data
2000fe00    2000fe00    00000200   00000000    rw-
  2000fe00    2000fe00    00000200   00000000    rw- .stack


SECTION ALLOCATION MAP

 output                                  attributes/
section   page    origin      length       input sections
--------  ----  ----------  ----------   ----------------
.intvecs   0    00000000    000000e4     
                  00000000    000000e4     startup_msp432p401r_ccs.obj (.intvecs:retain)

.text      0    000000e4    000023c0     
                  000000e4    00000d74     main.obj (.text)
                  00000e58    000003fc     UART.obj (.text)
                  00001254    00000334     system_msp432p401r.obj (.text)
                  00001588    00000290     delays.obj (.text)
                  00001818    000001b6     rtsv7M4_T_le_v4SPD16_eabi.lib : fd_add_t2.asm.obj (.text)
                  000019ce    00000002     --HOLE-- [fill = 0]
                  000019d0    000001b4     ADC.obj (.text)
                  00001b84    00000164     ANSI.obj (.text)
                  00001ce8    00000158     rtsv7M4_T_le_v4SPD16_eabi.lib : e_sqrt.c.obj (.text:sqrt)
                  00001e40    00000136                                   : fd_div_t2.asm.obj (.text)
                  00001f76    00000002     --HOLE-- [fill = 0]
                  00001f78    00000104     set_DCO.obj (.text)
                  0000207c    000000fc     rtsv7M4_T_le_v4SPD16_eabi.lib : fd_mul_t2.asm.obj (.text)
                  00002178    0000009c                                   : memcpy_t2.asm.obj (.text)
                  00002214    0000007a                                   : memset_t2.asm.obj (.text)
                  0000228e    0000006e                                   : fd_tos_t2.asm.obj (.text)
                  000022fc    00000068                                   : copy_decompress_lzss.c.obj (.text:decompress:lzss:__TI_decompress_lzss)
                  00002364    00000048                                   : fd_toi_t2.asm.obj (.text)
                  000023ac    00000044                                   : autoinit.c.obj (.text:__TI_auto_init_nobinit_nopinit:__TI_auto_init_nobinit_nopinit)
                  000023f0    00000038                                   : boot_cortex_m.c.obj (.text:_c_int00_noargs:_c_int00_noargs)
                  00002428    0000002e                                   : i_tofd_t2.asm.obj (.text)
                  00002456    00000014                                   : strlen.c.obj (.text:strlen)
                  0000246a    0000000e                                   : copy_decompress_none.c.obj (.text:decompress:none:__TI_decompress_none)
                  00002478    0000000e     startup_msp432p401r_ccs.obj (.text)
                  00002486    0000000c     rtsv7M4_T_le_v4SPD16_eabi.lib : copy_zero_init.c.obj (.text:decompress:ZI:__TI_zero_init)
                  00002492    00000002     --HOLE-- [fill = 0]
                  00002494    00000008                                   : errno.c.obj (.text:__aeabi_errno_addr)
                  0000249c    00000004                                   : pre_init.c.obj (.text:_system_pre_init)
                  000024a0    00000004                                   : exit.c.obj (.text:abort:abort)

.cinit     0    000024a8    00000030     
                  000024a8    0000000c     (.cinit..data.load) [load image, compression = lzss]
                  000024b4    0000000c     (__TI_handler_table)
                  000024c0    00000008     (.cinit..bss.load) [load image, compression = zero_init]
                  000024c8    00000010     (__TI_cinit_table)

.init_array 
*          0    00000000    00000000     UNINITIALIZED

.binit     0    00000000    00000000     

.bss       0    20000000    00009c7c     UNINITIALIZED
                  20000000    00009c40     main.obj (.bss:vSample)
                  20009c40    00000028     main.obj (.bss:freqArr)
                  20009c68    00000010     main.obj (.bss)
                  20009c78    00000004     (.common:anIn)

.data      0    20009c7c    0000003c     UNINITIALIZED
                  20009c7c    00000026     main.obj (.data)
                  20009ca2    00000002     --HOLE--
                  20009ca4    00000008     UART.obj (.data)
                  20009cac    00000004     ADC.obj (.data)
                  20009cb0    00000004     rtsv7M4_T_le_v4SPD16_eabi.lib : errno.c.obj (.data)
                  20009cb4    00000004     system_msp432p401r.obj (.data)

.stack     0    2000fe00    00000200     UNINITIALIZED
                  2000fe00    00000004     rtsv7M4_T_le_v4SPD16_eabi.lib : boot_cortex_m.c.obj (.stack)
                  2000fe04    000001fc     --HOLE--

MODULE SUMMARY

       Module                        code   ro data   rw data
       ------                        ----   -------   -------
    .\
       main.obj                      3444   0         80188  
       UART.obj                      1020   0         16     
       system_msp432p401r.obj        820    0         8      
       delays.obj                    656    0         0      
       ADC.obj                       436    0         16     
       ANSI.obj                      356    0         0      
       set_DCO.obj                   260    0         0      
       startup_msp432p401r_ccs.obj   14     228       0      
    +--+-----------------------------+------+---------+---------+
       Total:                        7006   228       80228  
                                                             
    C:\ti\ccsv8\tools\compiler\ti-cgt-arm_18.1.1.LTS\lib\rtsv7M4_T_le_v4SPD16_eabi.lib
       fd_add_t2.asm.obj             438    0         0      
       e_sqrt.c.obj                  344    0         0      
       fd_div_t2.asm.obj             310    0         0      
       fd_mul_t2.asm.obj             252    0         0      
       memcpy_t2.asm.obj             156    0         0      
       memset_t2.asm.obj             122    0         0      
       fd_tos_t2.asm.obj             110    0         0      
       copy_decompress_lzss.c.obj    104    0         0      
       fd_toi_t2.asm.obj             72     0         0      
       autoinit.c.obj                68     0         0      
       boot_cortex_m.c.obj           56     0         0      
       i_tofd_t2.asm.obj             46     0         0      
       strlen.c.obj                  20     0         0      
       errno.c.obj                   8      0         8      
       copy_decompress_none.c.obj    14     0         0      
       copy_zero_init.c.obj          12     0         0      
       exit.c.obj                    4      0         0      
       pre_init.c.obj                4      0         0      
    +--+-----------------------------+------+---------+---------+
       Total:                        2140   0         8      
                                                             
       Stack:                        0      0         1024   
       Linker Generated:             0      48        0      
    +--+-----------------------------+------+---------+---------+
       Grand Total:                  9146   276       81260  


LINKER GENERATED COPY TABLES

__TI_cinit_table @ 000024c8 records: 2, size/record: 8, table size: 16
	.data: load addr=000024a8, load size=0000000c bytes, run addr=20009c7c, run size=0000003c bytes, compression=lzss
	.bss: load addr=000024c0, load size=00000008 bytes, run addr=20000000, run size=00009c7c bytes, compression=zero_init


LINKER GENERATED HANDLER TABLE

__TI_handler_table @ 000024b4 records: 3, size/record: 4, table size: 12
	index: 0, handler: __TI_decompress_lzss
	index: 1, handler: __TI_decompress_none
	index: 2, handler: __TI_zero_init


GLOBAL SYMBOLS: SORTED ALPHABETICALLY BY Name 

address   name                          
-------   ----                          
00001b49  ADC14_IRQHandler              
00001b49  ADC14_IRQHandler              
000019d1  ADC_INIT                      
00002485  AES256_IRQHandler             
00002485  BusFault_Handler              
000024a1  C$$EXIT                       
00002485  COMP_E0_IRQHandler            
00002485  COMP_E1_IRQHandler            
00002485  CS_IRQHandler                 
00000911  DISP_INIT                     
00002485  DMA_ERR_IRQHandler            
00002485  DMA_INT0_IRQHandler           
00002485  DMA_INT1_IRQHandler           
00002485  DMA_INT2_IRQHandler           
00002485  DMA_INT3_IRQHandler           
00002485  DebugMon_Handler              
00002485  Default_Handler               
000011ff  EUSCIA0_IRQHandler            
000011ff  EUSCIA0_IRQHandler            
00002485  EUSCIA1_IRQHandler            
00002485  EUSCIA2_IRQHandler            
00002485  EUSCIA3_IRQHandler            
00002485  EUSCIB0_IRQHandler            
00002485  EUSCIB1_IRQHandler            
00002485  EUSCIB2_IRQHandler            
00002485  EUSCIB3_IRQHandler            
00002485  FLCTL_IRQHandler              
00002485  FPU_IRQHandler                
00002485  HardFault_Handler             
00002485  MemManage_Handler             
00002485  NMI_Handler                   
00002485  PCM_IRQHandler                
00002485  PORT1_IRQHandler              
00002485  PORT2_IRQHandler              
00002485  PORT3_IRQHandler              
00002485  PORT4_IRQHandler              
00002485  PORT5_IRQHandler              
00002485  PORT6_IRQHandler              
00002485  PSS_IRQHandler                
00002485  PendSV_Handler                
00002485  RTC_C_IRQHandler              
00002479  Reset_Handler                 
00002485  SVC_Handler                   
00002485  SysTick_Handler               
20009cb4  SystemCoreClock               
00001255  SystemCoreClockUpdate         
000014cd  SystemInit                    
00002485  T32_INT1_IRQHandler           
00002485  T32_INT2_IRQHandler           
00002485  T32_INTC_IRQHandler           
00000b77  TA0_0_IRQHandler              
00000b77  TA0_0_IRQHandler              
00002485  TA0_N_IRQHandler              
00002485  TA1_0_IRQHandler              
00002485  TA1_N_IRQHandler              
00002485  TA2_0_IRQHandler              
00002485  TA2_N_IRQHandler              
00002485  TA3_0_IRQHandler              
00002485  TA3_N_IRQHandler              
00000173  TIMER_INIT                    
00000e75  UART_INIT                     
00002485  UsageFault_Handler            
4000480c  WDTCTL_SYM                    
00002485  WDT_A_IRQHandler              
20010000  __STACK_END                   
00000200  __STACK_SIZE                  
000024c8  __TI_CINIT_Base               
000024d8  __TI_CINIT_Limit              
000024b4  __TI_Handler_Table_Base       
000024c0  __TI_Handler_Table_Limit      
000023ad  __TI_auto_init_nobinit_nopinit
000022fd  __TI_decompress_lzss          
0000246b  __TI_decompress_none          
ffffffff  __TI_pprof_out_hndl           
ffffffff  __TI_prof_data_size           
ffffffff  __TI_prof_data_start          
00000000  __TI_static_base__            
00002487  __TI_zero_init                
0000228f  __aeabi_d2f                   
00002365  __aeabi_d2iz                  
00001823  __aeabi_dadd                  
00001e41  __aeabi_ddiv                  
0000207d  __aeabi_dmul                  
00001819  __aeabi_dsub                  
00002495  __aeabi_errno_addr            
00002429  __aeabi_i2d                   
00002215  __aeabi_memclr                
00002215  __aeabi_memclr4               
00002215  __aeabi_memclr8               
00002179  __aeabi_memcpy                
00002179  __aeabi_memcpy4               
00002179  __aeabi_memcpy8               
00002217  __aeabi_memset                
00002217  __aeabi_memset4               
00002217  __aeabi_memset8               
ffffffff  __binit__                     
ffffffff  __c_args__                    
UNDEFED   __mpu_init                    
2000fe00  __stack                       
000023f1  _c_int00_noargs               
UNDEFED   _system_post_cinit            
0000249d  _system_pre_init              
000024a1  abort                         
20009c78  anIn                          
ffffffff  binit                         
00001a39  calcVolt_ADC                  
20009ca0  captureFlag                   
00001c6d  clearLineLeft_ANSI            
00001c57  clearLineRight_ANSI           
00001c89  clearLine_ANSI                
00001ca5  clearScreen_ANSI              
00001a27  clrIntFlag_ADC                
00000e5f  clrIntFlag_UART               
00001c0d  cursPhoneHome_ANSI            
20009cac  dataReady_FLG                 
00001589  delay_ms                      
00001697  delay_us                      
20009cb0  errno                         
00001a21  getAnData_ADC                 
00001a1b  getIntFlag_ADC                
00000e59  getIntFlag_UART               
00000e67  getRXByte                     
00001cc1  hideCurs_ANSI                 
00000000  interruptVectors              
000000e5  main                          
00000215  measACV_DMM                   
000001c7  measDCV_DMM                   
00000325  measFreq_DMM                  
00000293  measPktoPk_DMM                
0000021d  measTRMS_DMM                  
00002179  memcpy                        
0000221d  memset                        
00001ba7  moveCursDown_ANSI             
00001beb  moveCursLeft_ANSI             
00001c23  moveCursRC_ANSI               
00001bc9  moveCursRight_ANSI            
00001b85  moveCursUp_ANSI               
000011a3  sendByte_UART                 
000011c5  sendString_UART               
00001aed  sendVolt_ADC                  
00001f79  set_DCO                       
00001ce9  sqrt                          
00001ce9  sqrtl                         
00002457  strlen                        
000003c9  updateDisp_DMM                


GLOBAL SYMBOLS: SORTED BY Symbol Address 

address   name                          
-------   ----                          
00000000  __TI_static_base__            
00000000  interruptVectors              
000000e5  main                          
00000173  TIMER_INIT                    
000001c7  measDCV_DMM                   
00000200  __STACK_SIZE                  
00000215  measACV_DMM                   
0000021d  measTRMS_DMM                  
00000293  measPktoPk_DMM                
00000325  measFreq_DMM                  
000003c9  updateDisp_DMM                
00000911  DISP_INIT                     
00000b77  TA0_0_IRQHandler              
00000b77  TA0_0_IRQHandler              
00000e59  getIntFlag_UART               
00000e5f  clrIntFlag_UART               
00000e67  getRXByte                     
00000e75  UART_INIT                     
000011a3  sendByte_UART                 
000011c5  sendString_UART               
000011ff  EUSCIA0_IRQHandler            
000011ff  EUSCIA0_IRQHandler            
00001255  SystemCoreClockUpdate         
000014cd  SystemInit                    
00001589  delay_ms                      
00001697  delay_us                      
00001819  __aeabi_dsub                  
00001823  __aeabi_dadd                  
000019d1  ADC_INIT                      
00001a1b  getIntFlag_ADC                
00001a21  getAnData_ADC                 
00001a27  clrIntFlag_ADC                
00001a39  calcVolt_ADC                  
00001aed  sendVolt_ADC                  
00001b49  ADC14_IRQHandler              
00001b49  ADC14_IRQHandler              
00001b85  moveCursUp_ANSI               
00001ba7  moveCursDown_ANSI             
00001bc9  moveCursRight_ANSI            
00001beb  moveCursLeft_ANSI             
00001c0d  cursPhoneHome_ANSI            
00001c23  moveCursRC_ANSI               
00001c57  clearLineRight_ANSI           
00001c6d  clearLineLeft_ANSI            
00001c89  clearLine_ANSI                
00001ca5  clearScreen_ANSI              
00001cc1  hideCurs_ANSI                 
00001ce9  sqrt                          
00001ce9  sqrtl                         
00001e41  __aeabi_ddiv                  
00001f79  set_DCO                       
0000207d  __aeabi_dmul                  
00002179  __aeabi_memcpy                
00002179  __aeabi_memcpy4               
00002179  __aeabi_memcpy8               
00002179  memcpy                        
00002215  __aeabi_memclr                
00002215  __aeabi_memclr4               
00002215  __aeabi_memclr8               
00002217  __aeabi_memset                
00002217  __aeabi_memset4               
00002217  __aeabi_memset8               
0000221d  memset                        
0000228f  __aeabi_d2f                   
000022fd  __TI_decompress_lzss          
00002365  __aeabi_d2iz                  
000023ad  __TI_auto_init_nobinit_nopinit
000023f1  _c_int00_noargs               
00002429  __aeabi_i2d                   
00002457  strlen                        
0000246b  __TI_decompress_none          
00002479  Reset_Handler                 
00002485  AES256_IRQHandler             
00002485  BusFault_Handler              
00002485  COMP_E0_IRQHandler            
00002485  COMP_E1_IRQHandler            
00002485  CS_IRQHandler                 
00002485  DMA_ERR_IRQHandler            
00002485  DMA_INT0_IRQHandler           
00002485  DMA_INT1_IRQHandler           
00002485  DMA_INT2_IRQHandler           
00002485  DMA_INT3_IRQHandler           
00002485  DebugMon_Handler              
00002485  Default_Handler               
00002485  EUSCIA1_IRQHandler            
00002485  EUSCIA2_IRQHandler            
00002485  EUSCIA3_IRQHandler            
00002485  EUSCIB0_IRQHandler            
00002485  EUSCIB1_IRQHandler            
00002485  EUSCIB2_IRQHandler            
00002485  EUSCIB3_IRQHandler            
00002485  FLCTL_IRQHandler              
00002485  FPU_IRQHandler                
00002485  HardFault_Handler             
00002485  MemManage_Handler             
00002485  NMI_Handler                   
00002485  PCM_IRQHandler                
00002485  PORT1_IRQHandler              
00002485  PORT2_IRQHandler              
00002485  PORT3_IRQHandler              
00002485  PORT4_IRQHandler              
00002485  PORT5_IRQHandler              
00002485  PORT6_IRQHandler              
00002485  PSS_IRQHandler                
00002485  PendSV_Handler                
00002485  RTC_C_IRQHandler              
00002485  SVC_Handler                   
00002485  SysTick_Handler               
00002485  T32_INT1_IRQHandler           
00002485  T32_INT2_IRQHandler           
00002485  T32_INTC_IRQHandler           
00002485  TA0_N_IRQHandler              
00002485  TA1_0_IRQHandler              
00002485  TA1_N_IRQHandler              
00002485  TA2_0_IRQHandler              
00002485  TA2_N_IRQHandler              
00002485  TA3_0_IRQHandler              
00002485  TA3_N_IRQHandler              
00002485  UsageFault_Handler            
00002485  WDT_A_IRQHandler              
00002487  __TI_zero_init                
00002495  __aeabi_errno_addr            
0000249d  _system_pre_init              
000024a1  C$$EXIT                       
000024a1  abort                         
000024b4  __TI_Handler_Table_Base       
000024c0  __TI_Handler_Table_Limit      
000024c8  __TI_CINIT_Base               
000024d8  __TI_CINIT_Limit              
20009c78  anIn                          
20009ca0  captureFlag                   
20009cac  dataReady_FLG                 
20009cb0  errno                         
20009cb4  SystemCoreClock               
2000fe00  __stack                       
20010000  __STACK_END                   
4000480c  WDTCTL_SYM                    
ffffffff  __TI_pprof_out_hndl           
ffffffff  __TI_prof_data_size           
ffffffff  __TI_prof_data_start          
ffffffff  __binit__                     
ffffffff  __c_args__                    
ffffffff  binit                         
UNDEFED   __mpu_init                    
UNDEFED   _system_post_cinit            

[145 symbols]
