******************************************************************************
                  TI ARM Linker PC v18.1.1                     
******************************************************************************
>> Linked Mon May 14 01:03:23 2018

OUTPUT FILE NAME:   <P3.out>
ENTRY POINT SYMBOL: "_c_int00_noargs"  address: 00000f19


MEMORY CONFIGURATION

         name            origin    length      used     unused   attr    fill
----------------------  --------  ---------  --------  --------  ----  --------
  MAIN                  00000000   00040000  00000fca  0003f036  R  X
  INFO                  00200000   00004000  00000000  00004000  R  X
  SRAM_CODE             01000000   00010000  00000214  0000fdec  RW X
  SRAM_DATA             20000000   00010000  00000214  0000fdec  RW  


SEGMENT ALLOCATION MAP

run origin  load origin   length   init length attrs members
----------  ----------- ---------- ----------- ----- -------
00000000    00000000    00000fd0   00000fd0    r-x
  00000000    00000000    000000e4   000000e4    r-- .intvecs
  000000e4    000000e4    00000eb6   00000eb6    r-x .text
  00000fa0    00000fa0    00000030   00000030    r-- .cinit
20000000    20000000    00000014   00000000    rw-
  20000000    20000000    00000010   00000000    rw- .data
  20000010    20000010    00000004   00000000    rw- .bss
2000fe00    2000fe00    00000200   00000000    rw-
  2000fe00    2000fe00    00000200   00000000    rw- .stack


SECTION ALLOCATION MAP

 output                                  attributes/
section   page    origin      length       input sections
--------  ----  ----------  ----------   ----------------
.intvecs   0    00000000    000000e4     
                  00000000    000000e4     startup_msp432p401r_ccs.obj (.intvecs:retain)

.text      0    000000e4    00000eb6     
                  000000e4    00000468     main.obj (.text)
                  0000054c    00000334     system_msp432p401r.obj (.text)
                  00000880    00000200     ADC.obj (.text)
                  00000a80    0000013c     ANSI.obj (.text)
                  00000bbc    00000110     UART.obj (.text)
                  00000ccc    00000104     set_DCO.obj (.text)
                  00000dd0    0000009c     rtsv7M4_T_le_v4SPD16_eabi.lib : memcpy_t2.asm.obj (.text)
                  00000e6c    00000068                                   : copy_decompress_lzss.c.obj (.text:decompress:lzss:__TI_decompress_lzss)
                  00000ed4    00000044                                   : autoinit.c.obj (.text:__TI_auto_init_nobinit_nopinit:__TI_auto_init_nobinit_nopinit)
                  00000f18    00000038                                   : boot_cortex_m.c.obj (.text:_c_int00_noargs:_c_int00_noargs)
                  00000f50    00000014                                   : strlen.c.obj (.text:strlen)
                  00000f64    00000012                                   : copy_zero_init.c.obj (.text:decompress:ZI:__TI_zero_init_nomemset:__TI_zero_init_nomemset)
                  00000f76    0000000e                                   : copy_decompress_none.c.obj (.text:decompress:none:__TI_decompress_none)
                  00000f84    0000000e     startup_msp432p401r_ccs.obj (.text)
                  00000f92    00000004     rtsv7M4_T_le_v4SPD16_eabi.lib : pre_init.c.obj (.text:_system_pre_init)
                  00000f96    00000004                                   : exit.c.obj (.text:abort:abort)

.cinit     0    00000fa0    00000030     
                  00000fa0    0000000c     (__TI_handler_table)
                  00000fac    0000000b     (.cinit..data.load) [load image, compression = lzss]
                  00000fb7    00000001     --HOLE-- [fill = 0]
                  00000fb8    00000008     (.cinit..bss.load) [load image, compression = zero_init]
                  00000fc0    00000010     (__TI_cinit_table)

.init_array 
*          0    00000000    00000000     UNINITIALIZED

.binit     0    00000000    00000000     

.data      0    20000000    00000010     UNINITIALIZED
                  20000000    00000008     UART.obj (.data)
                  20000008    00000004     ADC.obj (.data)
                  2000000c    00000004     system_msp432p401r.obj (.data)

.bss       0    20000010    00000004     UNINITIALIZED
                  20000010    00000004     (.common:anIn)

.stack     0    2000fe00    00000200     UNINITIALIZED
                  2000fe00    00000004     rtsv7M4_T_le_v4SPD16_eabi.lib : boot_cortex_m.c.obj (.stack)
                  2000fe04    000001fc     --HOLE--

MODULE SUMMARY

       Module                        code   ro data   rw data
       ------                        ----   -------   -------
    .\
       main.obj                      1128   0         0      
       system_msp432p401r.obj        820    0         8      
       ADC.obj                       512    0         16     
       ANSI.obj                      316    0         0      
       UART.obj                      272    0         16     
       set_DCO.obj                   260    0         0      
       startup_msp432p401r_ccs.obj   14     228       0      
    +--+-----------------------------+------+---------+---------+
       Total:                        3322   228       40     
                                                             
    C:\ti\ccsv8\tools\compiler\ti-cgt-arm_18.1.1.LTS\lib\rtsv7M4_T_le_v4SPD16_eabi.lib
       memcpy_t2.asm.obj             156    0         0      
       copy_decompress_lzss.c.obj    104    0         0      
       autoinit.c.obj                68     0         0      
       boot_cortex_m.c.obj           56     0         0      
       strlen.c.obj                  20     0         0      
       copy_zero_init.c.obj          18     0         0      
       copy_decompress_none.c.obj    14     0         0      
       exit.c.obj                    4      0         0      
       pre_init.c.obj                4      0         0      
    +--+-----------------------------+------+---------+---------+
       Total:                        444    0         0      
                                                             
       Stack:                        0      0         1024   
       Linker Generated:             0      47        0      
    +--+-----------------------------+------+---------+---------+
       Grand Total:                  3766   275       1064   


LINKER GENERATED COPY TABLES

__TI_cinit_table @ 00000fc0 records: 2, size/record: 8, table size: 16
	.data: load addr=00000fac, load size=0000000b bytes, run addr=20000000, run size=00000010 bytes, compression=lzss
	.bss: load addr=00000fb8, load size=00000008 bytes, run addr=20000010, run size=00000004 bytes, compression=zero_init


LINKER GENERATED HANDLER TABLE

__TI_handler_table @ 00000fa0 records: 3, size/record: 4, table size: 12
	index: 0, handler: __TI_decompress_lzss
	index: 1, handler: __TI_decompress_none
	index: 2, handler: __TI_zero_init


GLOBAL SYMBOLS: SORTED ALPHABETICALLY BY Name 

address   name                          
-------   ----                          
00000a45  ADC14_IRQHandler              
00000a45  ADC14_IRQHandler              
00000881  ADC_INIT                      
00000f91  AES256_IRQHandler             
00000f91  BusFault_Handler              
00000f97  C$$EXIT                       
00000f91  COMP_E0_IRQHandler            
00000f91  COMP_E1_IRQHandler            
00000f91  CS_IRQHandler                 
00000151  DISP_INIT                     
00000f91  DMA_ERR_IRQHandler            
00000f91  DMA_INT0_IRQHandler           
00000f91  DMA_INT1_IRQHandler           
00000f91  DMA_INT2_IRQHandler           
00000f91  DMA_INT3_IRQHandler           
00000f91  DebugMon_Handler              
00000f91  Default_Handler               
00000c77  EUSCIA0_IRQHandler            
00000c77  EUSCIA0_IRQHandler            
00000f91  EUSCIA1_IRQHandler            
00000f91  EUSCIA2_IRQHandler            
00000f91  EUSCIA3_IRQHandler            
00000f91  EUSCIB0_IRQHandler            
00000f91  EUSCIB1_IRQHandler            
00000f91  EUSCIB2_IRQHandler            
00000f91  EUSCIB3_IRQHandler            
00000f91  FLCTL_IRQHandler              
00000f91  FPU_IRQHandler                
00000f91  HardFault_Handler             
00000f91  MemManage_Handler             
00000f91  NMI_Handler                   
00000f91  PCM_IRQHandler                
00000f91  PORT1_IRQHandler              
00000f91  PORT2_IRQHandler              
00000f91  PORT3_IRQHandler              
00000f91  PORT4_IRQHandler              
00000f91  PORT5_IRQHandler              
00000f91  PORT6_IRQHandler              
00000f91  PSS_IRQHandler                
00000f91  PendSV_Handler                
00000f91  RTC_C_IRQHandler              
00000f85  Reset_Handler                 
00000f91  SVC_Handler                   
00000f91  SysTick_Handler               
2000000c  SystemCoreClock               
0000054d  SystemCoreClockUpdate         
000007c5  SystemInit                    
00000f91  T32_INT1_IRQHandler           
00000f91  T32_INT2_IRQHandler           
00000f91  T32_INTC_IRQHandler           
00000f91  TA0_0_IRQHandler              
00000f91  TA0_N_IRQHandler              
00000f91  TA1_0_IRQHandler              
00000f91  TA1_N_IRQHandler              
00000f91  TA2_0_IRQHandler              
00000f91  TA2_N_IRQHandler              
00000f91  TA3_0_IRQHandler              
00000f91  TA3_N_IRQHandler              
00000bd1  UART_INIT                     
00000f91  UsageFault_Handler            
4000480c  WDTCTL_SYM                    
00000f91  WDT_A_IRQHandler              
20010000  __STACK_END                   
00000200  __STACK_SIZE                  
00000fc0  __TI_CINIT_Base               
00000fd0  __TI_CINIT_Limit              
00000fa0  __TI_Handler_Table_Base       
00000fac  __TI_Handler_Table_Limit      
00000ed5  __TI_auto_init_nobinit_nopinit
00000e6d  __TI_decompress_lzss          
00000f77  __TI_decompress_none          
ffffffff  __TI_pprof_out_hndl           
ffffffff  __TI_prof_data_size           
ffffffff  __TI_prof_data_start          
00000000  __TI_static_base__            
00000f65  __TI_zero_init_nomemset       
00000dd1  __aeabi_memcpy                
00000dd1  __aeabi_memcpy4               
00000dd1  __aeabi_memcpy8               
ffffffff  __binit__                     
ffffffff  __c_args__                    
UNDEFED   __mpu_init                    
2000fe00  __stack                       
00000f19  _c_int00_noargs               
UNDEFED   _system_post_cinit            
00000f93  _system_pre_init              
00000f97  abort                         
20000010  anIn                          
ffffffff  binit                         
000008e3  calcVolt_ADC                  
00000b69  clearLineLeft_ANSI            
00000b53  clearLineRight_ANSI           
00000b85  clearLine_ANSI                
00000ba1  clearScreen_ANSI              
000008d1  clrIntFlag_ADC                
00000bc3  clrIntFlag_UART               
00000b09  cursPhoneHome_ANSI            
20000008  dataReady_FLG                 
000008cb  getIntFlag_ADC                
00000bbd  getIntFlag_UART               
00000bcb  getRXByte                     
00000000  interruptVectors              
000000e5  main                          
00000111  measACV_DMM                   
00000103  measDCV_DMM                   
0000013b  measFreq_DMM                  
0000012d  measPktoPk_DMM                
0000011f  measTRMS_DMM                  
00000dd1  memcpy                        
00000aa3  moveCursDown_ANSI             
00000ae7  moveCursLeft_ANSI             
00000b1f  moveCursRC_ANSI               
00000ac5  moveCursRight_ANSI            
00000a81  moveCursUp_ANSI               
00000c21  sendByte_UART                 
00000c3d  sendString_UART               
000009eb  sendVolt_ADC                  
00000ccd  set_DCO                       
00000f51  strlen                        
00000149  updateDisp_DMM                


GLOBAL SYMBOLS: SORTED BY Symbol Address 

address   name                          
-------   ----                          
00000000  __TI_static_base__            
00000000  interruptVectors              
000000e5  main                          
00000103  measDCV_DMM                   
00000111  measACV_DMM                   
0000011f  measTRMS_DMM                  
0000012d  measPktoPk_DMM                
0000013b  measFreq_DMM                  
00000149  updateDisp_DMM                
00000151  DISP_INIT                     
00000200  __STACK_SIZE                  
0000054d  SystemCoreClockUpdate         
000007c5  SystemInit                    
00000881  ADC_INIT                      
000008cb  getIntFlag_ADC                
000008d1  clrIntFlag_ADC                
000008e3  calcVolt_ADC                  
000009eb  sendVolt_ADC                  
00000a45  ADC14_IRQHandler              
00000a45  ADC14_IRQHandler              
00000a81  moveCursUp_ANSI               
00000aa3  moveCursDown_ANSI             
00000ac5  moveCursRight_ANSI            
00000ae7  moveCursLeft_ANSI             
00000b09  cursPhoneHome_ANSI            
00000b1f  moveCursRC_ANSI               
00000b53  clearLineRight_ANSI           
00000b69  clearLineLeft_ANSI            
00000b85  clearLine_ANSI                
00000ba1  clearScreen_ANSI              
00000bbd  getIntFlag_UART               
00000bc3  clrIntFlag_UART               
00000bcb  getRXByte                     
00000bd1  UART_INIT                     
00000c21  sendByte_UART                 
00000c3d  sendString_UART               
00000c77  EUSCIA0_IRQHandler            
00000c77  EUSCIA0_IRQHandler            
00000ccd  set_DCO                       
00000dd1  __aeabi_memcpy                
00000dd1  __aeabi_memcpy4               
00000dd1  __aeabi_memcpy8               
00000dd1  memcpy                        
00000e6d  __TI_decompress_lzss          
00000ed5  __TI_auto_init_nobinit_nopinit
00000f19  _c_int00_noargs               
00000f51  strlen                        
00000f65  __TI_zero_init_nomemset       
00000f77  __TI_decompress_none          
00000f85  Reset_Handler                 
00000f91  AES256_IRQHandler             
00000f91  BusFault_Handler              
00000f91  COMP_E0_IRQHandler            
00000f91  COMP_E1_IRQHandler            
00000f91  CS_IRQHandler                 
00000f91  DMA_ERR_IRQHandler            
00000f91  DMA_INT0_IRQHandler           
00000f91  DMA_INT1_IRQHandler           
00000f91  DMA_INT2_IRQHandler           
00000f91  DMA_INT3_IRQHandler           
00000f91  DebugMon_Handler              
00000f91  Default_Handler               
00000f91  EUSCIA1_IRQHandler            
00000f91  EUSCIA2_IRQHandler            
00000f91  EUSCIA3_IRQHandler            
00000f91  EUSCIB0_IRQHandler            
00000f91  EUSCIB1_IRQHandler            
00000f91  EUSCIB2_IRQHandler            
00000f91  EUSCIB3_IRQHandler            
00000f91  FLCTL_IRQHandler              
00000f91  FPU_IRQHandler                
00000f91  HardFault_Handler             
00000f91  MemManage_Handler             
00000f91  NMI_Handler                   
00000f91  PCM_IRQHandler                
00000f91  PORT1_IRQHandler              
00000f91  PORT2_IRQHandler              
00000f91  PORT3_IRQHandler              
00000f91  PORT4_IRQHandler              
00000f91  PORT5_IRQHandler              
00000f91  PORT6_IRQHandler              
00000f91  PSS_IRQHandler                
00000f91  PendSV_Handler                
00000f91  RTC_C_IRQHandler              
00000f91  SVC_Handler                   
00000f91  SysTick_Handler               
00000f91  T32_INT1_IRQHandler           
00000f91  T32_INT2_IRQHandler           
00000f91  T32_INTC_IRQHandler           
00000f91  TA0_0_IRQHandler              
00000f91  TA0_N_IRQHandler              
00000f91  TA1_0_IRQHandler              
00000f91  TA1_N_IRQHandler              
00000f91  TA2_0_IRQHandler              
00000f91  TA2_N_IRQHandler              
00000f91  TA3_0_IRQHandler              
00000f91  TA3_N_IRQHandler              
00000f91  UsageFault_Handler            
00000f91  WDT_A_IRQHandler              
00000f93  _system_pre_init              
00000f97  C$$EXIT                       
00000f97  abort                         
00000fa0  __TI_Handler_Table_Base       
00000fac  __TI_Handler_Table_Limit      
00000fc0  __TI_CINIT_Base               
00000fd0  __TI_CINIT_Limit              
20000008  dataReady_FLG                 
2000000c  SystemCoreClock               
20000010  anIn                          
2000fe00  __stack                       
20010000  __STACK_END                   
4000480c  WDTCTL_SYM                    
ffffffff  __TI_pprof_out_hndl           
ffffffff  __TI_prof_data_size           
ffffffff  __TI_prof_data_start          
ffffffff  __binit__                     
ffffffff  __c_args__                    
ffffffff  binit                         
UNDEFED   __mpu_init                    
UNDEFED   _system_post_cinit            

[120 symbols]
