******************************************************************************
                  TI ARM Linker PC v18.1.1                     
******************************************************************************
>> Linked Thu May 17 11:59:01 2018

OUTPUT FILE NAME:   <P3.out>
ENTRY POINT SYMBOL: "_c_int00_noargs"  address: 00002001


MEMORY CONFIGURATION

         name            origin    length      used     unused   attr    fill
----------------------  --------  ---------  --------  --------  ----  --------
  MAIN                  00000000   00040000  000020e8  0003df18  R  X
  INFO                  00200000   00004000  00000000  00004000  R  X
  SRAM_CODE             01000000   00010000  000003cc  0000fc34  RW X
  SRAM_DATA             20000000   00010000  000003cc  0000fc34  RW  


SEGMENT ALLOCATION MAP

run origin  load origin   length   init length attrs members
----------  ----------- ---------- ----------- ----- -------
00000000    00000000    000020e8   000020e8    r-x
  00000000    00000000    000000e4   000000e4    r-- .intvecs
  000000e4    000000e4    00001fd4   00001fd4    r-x .text
  000020b8    000020b8    00000030   00000030    r-- .cinit
20000000    20000000    000001cc   00000000    rw-
  20000000    20000000    000001a0   00000000    rw- .bss
  200001a0    200001a0    0000002c   00000000    rw- .data
2000fe00    2000fe00    00000200   00000000    rw-
  2000fe00    2000fe00    00000200   00000000    rw- .stack


SECTION ALLOCATION MAP

 output                                  attributes/
section   page    origin      length       input sections
--------  ----  ----------  ----------   ----------------
.intvecs   0    00000000    000000e4     
                  00000000    000000e4     startup_msp432p401r_ccs.obj (.intvecs:retain)

.text      0    000000e4    00001fd4     
                  000000e4    00000c34     main.obj (.text)
                  00000d18    000003fc     UART.obj (.text)
                  00001114    00000334     system_msp432p401r.obj (.text)
                  00001448    00000234     ADC.obj (.text)
                  0000167c    000001b6     rtsv7M4_T_le_v4SPD16_eabi.lib : fd_add_t2.asm.obj (.text)
                  00001832    00000002     --HOLE-- [fill = 0]
                  00001834    00000158                                   : e_sqrt.c.obj (.text:sqrt)
                  0000198c    0000013c     ANSI.obj (.text)
                  00001ac8    00000136     rtsv7M4_T_le_v4SPD16_eabi.lib : fd_div_t2.asm.obj (.text)
                  00001bfe    00000002     --HOLE-- [fill = 0]
                  00001c00    00000104     set_DCO.obj (.text)
                  00001d04    000000fc     rtsv7M4_T_le_v4SPD16_eabi.lib : fd_mul_t2.asm.obj (.text)
                  00001e00    0000009c                                   : memcpy_t2.asm.obj (.text)
                  00001e9c    0000006e                                   : fd_tos_t2.asm.obj (.text)
                  00001f0a    00000068                                   : copy_decompress_lzss.c.obj (.text:decompress:lzss:__TI_decompress_lzss)
                  00001f72    00000048                                   : fd_toi_t2.asm.obj (.text)
                  00001fba    00000002     --HOLE-- [fill = 0]
                  00001fbc    00000044                                   : autoinit.c.obj (.text:__TI_auto_init_nobinit_nopinit:__TI_auto_init_nobinit_nopinit)
                  00002000    00000038                                   : boot_cortex_m.c.obj (.text:_c_int00_noargs:_c_int00_noargs)
                  00002038    0000002e                                   : i_tofd_t2.asm.obj (.text)
                  00002066    00000014                                   : strlen.c.obj (.text:strlen)
                  0000207a    00000012                                   : copy_zero_init.c.obj (.text:decompress:ZI:__TI_zero_init_nomemset:__TI_zero_init_nomemset)
                  0000208c    0000000e                                   : copy_decompress_none.c.obj (.text:decompress:none:__TI_decompress_none)
                  0000209a    0000000e     startup_msp432p401r_ccs.obj (.text)
                  000020a8    00000008     rtsv7M4_T_le_v4SPD16_eabi.lib : errno.c.obj (.text:__aeabi_errno_addr)
                  000020b0    00000004                                   : pre_init.c.obj (.text:_system_pre_init)
                  000020b4    00000004                                   : exit.c.obj (.text:abort:abort)

.cinit     0    000020b8    00000030     
                  000020b8    0000000c     (.cinit..data.load) [load image, compression = lzss]
                  000020c4    0000000c     (__TI_handler_table)
                  000020d0    00000008     (.cinit..bss.load) [load image, compression = zero_init]
                  000020d8    00000010     (__TI_cinit_table)

.init_array 
*          0    00000000    00000000     UNINITIALIZED

.binit     0    00000000    00000000     

.bss       0    20000000    000001a0     UNINITIALIZED
                  20000000    00000190     main.obj (.bss:vSample)
                  20000190    0000000c     main.obj (.bss)
                  2000019c    00000004     (.common:anIn)

.data      0    200001a0    0000002c     UNINITIALIZED
                  200001a0    00000016     main.obj (.data)
                  200001b6    00000002     --HOLE--
                  200001b8    00000008     UART.obj (.data)
                  200001c0    00000004     ADC.obj (.data)
                  200001c4    00000004     rtsv7M4_T_le_v4SPD16_eabi.lib : errno.c.obj (.data)
                  200001c8    00000004     system_msp432p401r.obj (.data)

.stack     0    2000fe00    00000200     UNINITIALIZED
                  2000fe00    00000004     rtsv7M4_T_le_v4SPD16_eabi.lib : boot_cortex_m.c.obj (.stack)
                  2000fe04    000001fc     --HOLE--

MODULE SUMMARY

       Module                        code   ro data   rw data
       ------                        ----   -------   -------
    .\
       main.obj                      3124   0         868    
       UART.obj                      1020   0         16     
       system_msp432p401r.obj        820    0         8      
       ADC.obj                       564    0         16     
       ANSI.obj                      316    0         0      
       set_DCO.obj                   260    0         0      
       startup_msp432p401r_ccs.obj   14     228       0      
    +--+-----------------------------+------+---------+---------+
       Total:                        6118   228       908    
                                                             
    C:\ti\ccsv8\tools\compiler\ti-cgt-arm_18.1.1.LTS\lib\rtsv7M4_T_le_v4SPD16_eabi.lib
       fd_add_t2.asm.obj             438    0         0      
       e_sqrt.c.obj                  344    0         0      
       fd_div_t2.asm.obj             310    0         0      
       fd_mul_t2.asm.obj             252    0         0      
       memcpy_t2.asm.obj             156    0         0      
       fd_tos_t2.asm.obj             110    0         0      
       copy_decompress_lzss.c.obj    104    0         0      
       fd_toi_t2.asm.obj             72     0         0      
       autoinit.c.obj                68     0         0      
       boot_cortex_m.c.obj           56     0         0      
       i_tofd_t2.asm.obj             46     0         0      
       strlen.c.obj                  20     0         0      
       copy_zero_init.c.obj          18     0         0      
       errno.c.obj                   8      0         8      
       copy_decompress_none.c.obj    14     0         0      
       exit.c.obj                    4      0         0      
       pre_init.c.obj                4      0         0      
    +--+-----------------------------+------+---------+---------+
       Total:                        2024   0         8      
                                                             
       Stack:                        0      0         1024   
       Linker Generated:             0      48        0      
    +--+-----------------------------+------+---------+---------+
       Grand Total:                  8142   276       1940   


LINKER GENERATED COPY TABLES

__TI_cinit_table @ 000020d8 records: 2, size/record: 8, table size: 16
	.data: load addr=000020b8, load size=0000000c bytes, run addr=200001a0, run size=0000002c bytes, compression=lzss
	.bss: load addr=000020d0, load size=00000008 bytes, run addr=20000000, run size=000001a0 bytes, compression=zero_init


LINKER GENERATED HANDLER TABLE

__TI_handler_table @ 000020c4 records: 3, size/record: 4, table size: 12
	index: 0, handler: __TI_decompress_lzss
	index: 1, handler: __TI_decompress_none
	index: 2, handler: __TI_zero_init


GLOBAL SYMBOLS: SORTED ALPHABETICALLY BY Name 

address   name                          
-------   ----                          
0000163f  ADC14_IRQHandler              
0000163f  ADC14_IRQHandler              
00001449  ADC_INIT                      
000020a7  AES256_IRQHandler             
000020a7  BusFault_Handler              
000020b5  C$$EXIT                       
000020a7  COMP_E0_IRQHandler            
000020a7  COMP_E1_IRQHandler            
000020a7  CS_IRQHandler                 
00000885  DISP_INIT                     
000020a7  DMA_ERR_IRQHandler            
000020a7  DMA_INT0_IRQHandler           
000020a7  DMA_INT1_IRQHandler           
000020a7  DMA_INT2_IRQHandler           
000020a7  DMA_INT3_IRQHandler           
000020a7  DebugMon_Handler              
000020a7  Default_Handler               
000010bf  EUSCIA0_IRQHandler            
000010bf  EUSCIA0_IRQHandler            
000020a7  EUSCIA1_IRQHandler            
000020a7  EUSCIA2_IRQHandler            
000020a7  EUSCIA3_IRQHandler            
000020a7  EUSCIB0_IRQHandler            
000020a7  EUSCIB1_IRQHandler            
000020a7  EUSCIB2_IRQHandler            
000020a7  EUSCIB3_IRQHandler            
000020a7  FLCTL_IRQHandler              
000020a7  FPU_IRQHandler                
000020a7  HardFault_Handler             
000020a7  MemManage_Handler             
000020a7  NMI_Handler                   
000020a7  PCM_IRQHandler                
000020a7  PORT1_IRQHandler              
000020a7  PORT2_IRQHandler              
000020a7  PORT3_IRQHandler              
000020a7  PORT4_IRQHandler              
0000032f  PORT5_IRQHandler              
0000032f  PORT5_IRQHandler              
000020a7  PORT6_IRQHandler              
000020a7  PSS_IRQHandler                
000020a7  PendSV_Handler                
000020a7  RTC_C_IRQHandler              
0000209b  Reset_Handler                 
000020a7  SVC_Handler                   
000020a7  SysTick_Handler               
200001c8  SystemCoreClock               
00001115  SystemCoreClockUpdate         
0000138d  SystemInit                    
000020a7  T32_INT1_IRQHandler           
000020a7  T32_INT2_IRQHandler           
000020a7  T32_INTC_IRQHandler           
00000ad3  TA0_0_IRQHandler              
00000ad3  TA0_0_IRQHandler              
000020a7  TA0_N_IRQHandler              
000020a7  TA1_0_IRQHandler              
000020a7  TA1_N_IRQHandler              
000020a7  TA2_0_IRQHandler              
000020a7  TA2_N_IRQHandler              
000020a7  TA3_0_IRQHandler              
000020a7  TA3_N_IRQHandler              
0000015f  TIMER_INIT                    
00000d35  UART_INIT                     
000020a7  UsageFault_Handler            
4000480c  WDTCTL_SYM                    
000020a7  WDT_A_IRQHandler              
20010000  __STACK_END                   
00000200  __STACK_SIZE                  
000020d8  __TI_CINIT_Base               
000020e8  __TI_CINIT_Limit              
000020c4  __TI_Handler_Table_Base       
000020d0  __TI_Handler_Table_Limit      
00001fbd  __TI_auto_init_nobinit_nopinit
00001f0b  __TI_decompress_lzss          
0000208d  __TI_decompress_none          
ffffffff  __TI_pprof_out_hndl           
ffffffff  __TI_prof_data_size           
ffffffff  __TI_prof_data_start          
00000000  __TI_static_base__            
0000207b  __TI_zero_init_nomemset       
00001e9d  __aeabi_d2f                   
00001f73  __aeabi_d2iz                  
00001687  __aeabi_dadd                  
00001ac9  __aeabi_ddiv                  
00001d05  __aeabi_dmul                  
0000167d  __aeabi_dsub                  
000020a9  __aeabi_errno_addr            
00002039  __aeabi_i2d                   
00001e01  __aeabi_memcpy                
00001e01  __aeabi_memcpy4               
00001e01  __aeabi_memcpy8               
ffffffff  __binit__                     
ffffffff  __c_args__                    
UNDEFED   __mpu_init                    
2000fe00  __stack                       
00002001  _c_int00_noargs               
UNDEFED   _system_post_cinit            
000020b1  _system_pre_init              
000020b5  abort                         
2000019c  anIn                          
ffffffff  binit                         
000014b1  calcVolt_ADC                  
200001b4  captureFlag                   
00001a75  clearLineLeft_ANSI            
00001a5f  clearLineRight_ANSI           
00001a91  clearLine_ANSI                
00001aad  clearScreen_ANSI              
0000149f  clrIntFlag_ADC                
00000d1f  clrIntFlag_UART               
00001a15  cursPhoneHome_ANSI            
200001c0  dataReady_FLG                 
200001c4  errno                         
00001499  getAnData_ADC                 
00001493  getIntFlag_ADC                
00000d19  getIntFlag_UART               
00000d27  getRXByte                     
00000000  interruptVectors              
000000e5  main                          
000001ff  measACV_DMM                   
000001b1  measDCV_DMM                   
000002e3  measFreq_DMM                  
00000259  measPktoPk_DMM                
00000207  measTRMS_DMM                  
00001e01  memcpy                        
000019af  moveCursDown_ANSI             
000019f3  moveCursLeft_ANSI             
00001a2b  moveCursRC_ANSI               
000019d1  moveCursRight_ANSI            
0000198d  moveCursUp_ANSI               
00001063  sendByte_UART                 
00001085  sendString_UART               
000015d7  sendVolt_ADC                  
00001c01  set_DCO                       
00001835  sqrt                          
00001835  sqrtl                         
00002067  strlen                        
00000389  updateDisp_DMM                


GLOBAL SYMBOLS: SORTED BY Symbol Address 

address   name                          
-------   ----                          
00000000  __TI_static_base__            
00000000  interruptVectors              
000000e5  main                          
0000015f  TIMER_INIT                    
000001b1  measDCV_DMM                   
000001ff  measACV_DMM                   
00000200  __STACK_SIZE                  
00000207  measTRMS_DMM                  
00000259  measPktoPk_DMM                
000002e3  measFreq_DMM                  
0000032f  PORT5_IRQHandler              
0000032f  PORT5_IRQHandler              
00000389  updateDisp_DMM                
00000885  DISP_INIT                     
00000ad3  TA0_0_IRQHandler              
00000ad3  TA0_0_IRQHandler              
00000d19  getIntFlag_UART               
00000d1f  clrIntFlag_UART               
00000d27  getRXByte                     
00000d35  UART_INIT                     
00001063  sendByte_UART                 
00001085  sendString_UART               
000010bf  EUSCIA0_IRQHandler            
000010bf  EUSCIA0_IRQHandler            
00001115  SystemCoreClockUpdate         
0000138d  SystemInit                    
00001449  ADC_INIT                      
00001493  getIntFlag_ADC                
00001499  getAnData_ADC                 
0000149f  clrIntFlag_ADC                
000014b1  calcVolt_ADC                  
000015d7  sendVolt_ADC                  
0000163f  ADC14_IRQHandler              
0000163f  ADC14_IRQHandler              
0000167d  __aeabi_dsub                  
00001687  __aeabi_dadd                  
00001835  sqrt                          
00001835  sqrtl                         
0000198d  moveCursUp_ANSI               
000019af  moveCursDown_ANSI             
000019d1  moveCursRight_ANSI            
000019f3  moveCursLeft_ANSI             
00001a15  cursPhoneHome_ANSI            
00001a2b  moveCursRC_ANSI               
00001a5f  clearLineRight_ANSI           
00001a75  clearLineLeft_ANSI            
00001a91  clearLine_ANSI                
00001aad  clearScreen_ANSI              
00001ac9  __aeabi_ddiv                  
00001c01  set_DCO                       
00001d05  __aeabi_dmul                  
00001e01  __aeabi_memcpy                
00001e01  __aeabi_memcpy4               
00001e01  __aeabi_memcpy8               
00001e01  memcpy                        
00001e9d  __aeabi_d2f                   
00001f0b  __TI_decompress_lzss          
00001f73  __aeabi_d2iz                  
00001fbd  __TI_auto_init_nobinit_nopinit
00002001  _c_int00_noargs               
00002039  __aeabi_i2d                   
00002067  strlen                        
0000207b  __TI_zero_init_nomemset       
0000208d  __TI_decompress_none          
0000209b  Reset_Handler                 
000020a7  AES256_IRQHandler             
000020a7  BusFault_Handler              
000020a7  COMP_E0_IRQHandler            
000020a7  COMP_E1_IRQHandler            
000020a7  CS_IRQHandler                 
000020a7  DMA_ERR_IRQHandler            
000020a7  DMA_INT0_IRQHandler           
000020a7  DMA_INT1_IRQHandler           
000020a7  DMA_INT2_IRQHandler           
000020a7  DMA_INT3_IRQHandler           
000020a7  DebugMon_Handler              
000020a7  Default_Handler               
000020a7  EUSCIA1_IRQHandler            
000020a7  EUSCIA2_IRQHandler            
000020a7  EUSCIA3_IRQHandler            
000020a7  EUSCIB0_IRQHandler            
000020a7  EUSCIB1_IRQHandler            
000020a7  EUSCIB2_IRQHandler            
000020a7  EUSCIB3_IRQHandler            
000020a7  FLCTL_IRQHandler              
000020a7  FPU_IRQHandler                
000020a7  HardFault_Handler             
000020a7  MemManage_Handler             
000020a7  NMI_Handler                   
000020a7  PCM_IRQHandler                
000020a7  PORT1_IRQHandler              
000020a7  PORT2_IRQHandler              
000020a7  PORT3_IRQHandler              
000020a7  PORT4_IRQHandler              
000020a7  PORT6_IRQHandler              
000020a7  PSS_IRQHandler                
000020a7  PendSV_Handler                
000020a7  RTC_C_IRQHandler              
000020a7  SVC_Handler                   
000020a7  SysTick_Handler               
000020a7  T32_INT1_IRQHandler           
000020a7  T32_INT2_IRQHandler           
000020a7  T32_INTC_IRQHandler           
000020a7  TA0_N_IRQHandler              
000020a7  TA1_0_IRQHandler              
000020a7  TA1_N_IRQHandler              
000020a7  TA2_0_IRQHandler              
000020a7  TA2_N_IRQHandler              
000020a7  TA3_0_IRQHandler              
000020a7  TA3_N_IRQHandler              
000020a7  UsageFault_Handler            
000020a7  WDT_A_IRQHandler              
000020a9  __aeabi_errno_addr            
000020b1  _system_pre_init              
000020b5  C$$EXIT                       
000020b5  abort                         
000020c4  __TI_Handler_Table_Base       
000020d0  __TI_Handler_Table_Limit      
000020d8  __TI_CINIT_Base               
000020e8  __TI_CINIT_Limit              
2000019c  anIn                          
200001b4  captureFlag                   
200001c0  dataReady_FLG                 
200001c4  errno                         
200001c8  SystemCoreClock               
2000fe00  __stack                       
20010000  __STACK_END                   
4000480c  WDTCTL_SYM                    
ffffffff  __TI_pprof_out_hndl           
ffffffff  __TI_prof_data_size           
ffffffff  __TI_prof_data_start          
ffffffff  __binit__                     
ffffffff  __c_args__                    
ffffffff  binit                         
UNDEFED   __mpu_init                    
UNDEFED   _system_post_cinit            

[136 symbols]
