******************************************************************************
                  TI ARM Linker PC v18.1.1                     
******************************************************************************
>> Linked Wed May 16 07:07:15 2018

OUTPUT FILE NAME:   <P3.out>
ENTRY POINT SYMBOL: "_c_int00_noargs"  address: 00001c5d


MEMORY CONFIGURATION

         name            origin    length      used     unused   attr    fill
----------------------  --------  ---------  --------  --------  ----  --------
  MAIN                  00000000   00040000  00001d3c  0003e2c4  R  X
  INFO                  00200000   00004000  00000000  00004000  R  X
  SRAM_CODE             01000000   00010000  00000230  0000fdd0  RW X
  SRAM_DATA             20000000   00010000  00000230  0000fdd0  RW  


SEGMENT ALLOCATION MAP

run origin  load origin   length   init length attrs members
----------  ----------- ---------- ----------- ----- -------
00000000    00000000    00001d40   00001d40    r-x
  00000000    00000000    000000e4   000000e4    r-- .intvecs
  000000e4    000000e4    00001c28   00001c28    r-x .text
  00001d10    00001d10    00000030   00000030    r-- .cinit
20000000    20000000    00000030   00000000    rw-
  20000000    20000000    00000028   00000000    rw- .data
  20000028    20000028    00000008   00000000    rw- .bss
2000fe00    2000fe00    00000200   00000000    rw-
  2000fe00    2000fe00    00000200   00000000    rw- .stack


SECTION ALLOCATION MAP

 output                                  attributes/
section   page    origin      length       input sections
--------  ----  ----------  ----------   ----------------
.intvecs   0    00000000    000000e4     
                  00000000    000000e4     startup_msp432p401r_ccs.obj (.intvecs:retain)

.text      0    000000e4    00001c28     
                  000000e4    00000a88     main.obj (.text)
                  00000b6c    000003fc     UART.obj (.text)
                  00000f68    00000334     system_msp432p401r.obj (.text)
                  0000129c    00000290     delays.obj (.text)
                  0000152c    00000200     ADC.obj (.text)
                  0000172c    0000013c     ANSI.obj (.text)
                  00001868    00000136     rtsv7M4_T_le_v4SPD16_eabi.lib : fd_div_t2.asm.obj (.text)
                  0000199e    00000002     --HOLE-- [fill = 0]
                  000019a0    00000104     set_DCO.obj (.text)
                  00001aa4    0000009c     rtsv7M4_T_le_v4SPD16_eabi.lib : memcpy_t2.asm.obj (.text)
                  00001b40    0000006e                                   : fd_tos_t2.asm.obj (.text)
                  00001bae    00000068                                   : copy_decompress_lzss.c.obj (.text:decompress:lzss:__TI_decompress_lzss)
                  00001c16    00000002     --HOLE-- [fill = 0]
                  00001c18    00000044                                   : autoinit.c.obj (.text:__TI_auto_init_nobinit_nopinit:__TI_auto_init_nobinit_nopinit)
                  00001c5c    00000038                                   : boot_cortex_m.c.obj (.text:_c_int00_noargs:_c_int00_noargs)
                  00001c94    0000002e                                   : i_tofd_t2.asm.obj (.text)
                  00001cc2    00000014                                   : strlen.c.obj (.text:strlen)
                  00001cd6    00000012                                   : copy_zero_init.c.obj (.text:decompress:ZI:__TI_zero_init_nomemset:__TI_zero_init_nomemset)
                  00001ce8    0000000e                                   : copy_decompress_none.c.obj (.text:decompress:none:__TI_decompress_none)
                  00001cf6    0000000e     startup_msp432p401r_ccs.obj (.text)
                  00001d04    00000004     rtsv7M4_T_le_v4SPD16_eabi.lib : pre_init.c.obj (.text:_system_pre_init)
                  00001d08    00000004                                   : exit.c.obj (.text:abort:abort)

.cinit     0    00001d10    00000030     
                  00001d10    0000000c     (.cinit..data.load) [load image, compression = lzss]
                  00001d1c    0000000c     (__TI_handler_table)
                  00001d28    00000008     (.cinit..bss.load) [load image, compression = zero_init]
                  00001d30    00000010     (__TI_cinit_table)

.init_array 
*          0    00000000    00000000     UNINITIALIZED

.binit     0    00000000    00000000     

.data      0    20000000    00000028     UNINITIALIZED
                  20000000    00000016     main.obj (.data)
                  20000016    00000002     --HOLE--
                  20000018    00000008     UART.obj (.data)
                  20000020    00000004     ADC.obj (.data)
                  20000024    00000004     system_msp432p401r.obj (.data)

.bss       0    20000028    00000008     UNINITIALIZED
                  20000028    00000004     main.obj (.bss)
                  2000002c    00000004     (.common:anIn)

.stack     0    2000fe00    00000200     UNINITIALIZED
                  2000fe00    00000004     rtsv7M4_T_le_v4SPD16_eabi.lib : boot_cortex_m.c.obj (.stack)
                  2000fe04    000001fc     --HOLE--

MODULE SUMMARY

       Module                        code   ro data   rw data
       ------                        ----   -------   -------
    .\
       main.obj                      2696   0         52     
       UART.obj                      1020   0         16     
       system_msp432p401r.obj        820    0         8      
       delays.obj                    656    0         0      
       ADC.obj                       512    0         16     
       ANSI.obj                      316    0         0      
       set_DCO.obj                   260    0         0      
       startup_msp432p401r_ccs.obj   14     228       0      
    +--+-----------------------------+------+---------+---------+
       Total:                        6294   228       92     
                                                             
    C:\ti\ccsv8\tools\compiler\ti-cgt-arm_18.1.1.LTS\lib\rtsv7M4_T_le_v4SPD16_eabi.lib
       fd_div_t2.asm.obj             310    0         0      
       memcpy_t2.asm.obj             156    0         0      
       fd_tos_t2.asm.obj             110    0         0      
       copy_decompress_lzss.c.obj    104    0         0      
       autoinit.c.obj                68     0         0      
       boot_cortex_m.c.obj           56     0         0      
       i_tofd_t2.asm.obj             46     0         0      
       strlen.c.obj                  20     0         0      
       copy_zero_init.c.obj          18     0         0      
       copy_decompress_none.c.obj    14     0         0      
       exit.c.obj                    4      0         0      
       pre_init.c.obj                4      0         0      
    +--+-----------------------------+------+---------+---------+
       Total:                        910    0         0      
                                                             
       Stack:                        0      0         1024   
       Linker Generated:             0      48        0      
    +--+-----------------------------+------+---------+---------+
       Grand Total:                  7204   276       1116   


LINKER GENERATED COPY TABLES

__TI_cinit_table @ 00001d30 records: 2, size/record: 8, table size: 16
	.data: load addr=00001d10, load size=0000000c bytes, run addr=20000000, run size=00000028 bytes, compression=lzss
	.bss: load addr=00001d28, load size=00000008 bytes, run addr=20000028, run size=00000008 bytes, compression=zero_init


LINKER GENERATED HANDLER TABLE

__TI_handler_table @ 00001d1c records: 3, size/record: 4, table size: 12
	index: 0, handler: __TI_decompress_lzss
	index: 1, handler: __TI_decompress_none
	index: 2, handler: __TI_zero_init


GLOBAL SYMBOLS: SORTED ALPHABETICALLY BY Name 

address   name                          
-------   ----                          
000016f1  ADC14_IRQHandler              
000016f1  ADC14_IRQHandler              
0000152d  ADC_INIT                      
00001d03  AES256_IRQHandler             
00001d03  BusFault_Handler              
00001d09  C$$EXIT                       
00001d03  COMP_E0_IRQHandler            
00001d03  COMP_E1_IRQHandler            
00001d03  CS_IRQHandler                 
00000745  DISP_INIT                     
00001d03  DMA_ERR_IRQHandler            
00001d03  DMA_INT0_IRQHandler           
00001d03  DMA_INT1_IRQHandler           
00001d03  DMA_INT2_IRQHandler           
00001d03  DMA_INT3_IRQHandler           
00001d03  DebugMon_Handler              
00001d03  Default_Handler               
00000f13  EUSCIA0_IRQHandler            
00000f13  EUSCIA0_IRQHandler            
00001d03  EUSCIA1_IRQHandler            
00001d03  EUSCIA2_IRQHandler            
00001d03  EUSCIA3_IRQHandler            
00001d03  EUSCIB0_IRQHandler            
00001d03  EUSCIB1_IRQHandler            
00001d03  EUSCIB2_IRQHandler            
00001d03  EUSCIB3_IRQHandler            
00001d03  FLCTL_IRQHandler              
00001d03  FPU_IRQHandler                
00001d03  HardFault_Handler             
00001d03  MemManage_Handler             
00001d03  NMI_Handler                   
00001d03  PCM_IRQHandler                
00001d03  PORT1_IRQHandler              
00001d03  PORT2_IRQHandler              
00001d03  PORT3_IRQHandler              
00001d03  PORT4_IRQHandler              
00001d03  PORT5_IRQHandler              
00001d03  PORT6_IRQHandler              
00001d03  PSS_IRQHandler                
00001d03  PendSV_Handler                
00001d03  RTC_C_IRQHandler              
00001cf7  Reset_Handler                 
00001d03  SVC_Handler                   
00001d03  SysTick_Handler               
20000024  SystemCoreClock               
00000f69  SystemCoreClockUpdate         
000011e1  SystemInit                    
00001d03  T32_INT1_IRQHandler           
00001d03  T32_INT2_IRQHandler           
00001d03  T32_INTC_IRQHandler           
00001d03  TA0_0_IRQHandler              
00001d03  TA0_N_IRQHandler              
00001d03  TA1_0_IRQHandler              
00001d03  TA1_N_IRQHandler              
00001d03  TA2_0_IRQHandler              
00001d03  TA2_N_IRQHandler              
00001d03  TA3_0_IRQHandler              
00001d03  TA3_N_IRQHandler              
00000b89  UART_INIT                     
00001d03  UsageFault_Handler            
4000480c  WDTCTL_SYM                    
00001d03  WDT_A_IRQHandler              
20010000  __STACK_END                   
00000200  __STACK_SIZE                  
00001d30  __TI_CINIT_Base               
00001d40  __TI_CINIT_Limit              
00001d1c  __TI_Handler_Table_Base       
00001d28  __TI_Handler_Table_Limit      
00001c19  __TI_auto_init_nobinit_nopinit
00001baf  __TI_decompress_lzss          
00001ce9  __TI_decompress_none          
ffffffff  __TI_pprof_out_hndl           
ffffffff  __TI_prof_data_size           
ffffffff  __TI_prof_data_start          
00000000  __TI_static_base__            
00001cd7  __TI_zero_init_nomemset       
00001b41  __aeabi_d2f                   
00001869  __aeabi_ddiv                  
00001c95  __aeabi_i2d                   
00001aa5  __aeabi_memcpy                
00001aa5  __aeabi_memcpy4               
00001aa5  __aeabi_memcpy8               
ffffffff  __binit__                     
ffffffff  __c_args__                    
UNDEFED   __mpu_init                    
2000fe00  __stack                       
00001c5d  _c_int00_noargs               
UNDEFED   _system_post_cinit            
00001d05  _system_pre_init              
00001d09  abort                         
2000002c  anIn                          
ffffffff  binit                         
0000158f  calcVolt_ADC                  
20000014  captureFlag                   
00001815  clearLineLeft_ANSI            
000017ff  clearLineRight_ANSI           
00001831  clearLine_ANSI                
0000184d  clearScreen_ANSI              
0000157d  clrIntFlag_ADC                
00000b73  clrIntFlag_UART               
000017b5  cursPhoneHome_ANSI            
20000020  dataReady_FLG                 
0000129d  delay_ms                      
000013ab  delay_us                      
00001577  getIntFlag_ADC                
00000b6d  getIntFlag_UART               
00000b7b  getRXByte                     
00000000  interruptVectors              
000000e5  main                          
000001c9  measACV_DMM                   
0000019d  measDCV_DMM                   
000001e5  measFreq_DMM                  
000001d7  measPktoPk_DMM                
000001d5  measTRMS_DMM                  
00001aa5  memcpy                        
0000174f  moveCursDown_ANSI             
00001793  moveCursLeft_ANSI             
000017cb  moveCursRC_ANSI               
00001771  moveCursRight_ANSI            
0000172d  moveCursUp_ANSI               
00000eb7  sendByte_UART                 
00000ed9  sendString_UART               
00001697  sendVolt_ADC                  
000019a1  set_DCO                       
00001cc3  strlen                        
00000249  updateDisp_DMM                


GLOBAL SYMBOLS: SORTED BY Symbol Address 

address   name                          
-------   ----                          
00000000  __TI_static_base__            
00000000  interruptVectors              
000000e5  main                          
0000019d  measDCV_DMM                   
000001c9  measACV_DMM                   
000001d5  measTRMS_DMM                  
000001d7  measPktoPk_DMM                
000001e5  measFreq_DMM                  
00000200  __STACK_SIZE                  
00000249  updateDisp_DMM                
00000745  DISP_INIT                     
00000b6d  getIntFlag_UART               
00000b73  clrIntFlag_UART               
00000b7b  getRXByte                     
00000b89  UART_INIT                     
00000eb7  sendByte_UART                 
00000ed9  sendString_UART               
00000f13  EUSCIA0_IRQHandler            
00000f13  EUSCIA0_IRQHandler            
00000f69  SystemCoreClockUpdate         
000011e1  SystemInit                    
0000129d  delay_ms                      
000013ab  delay_us                      
0000152d  ADC_INIT                      
00001577  getIntFlag_ADC                
0000157d  clrIntFlag_ADC                
0000158f  calcVolt_ADC                  
00001697  sendVolt_ADC                  
000016f1  ADC14_IRQHandler              
000016f1  ADC14_IRQHandler              
0000172d  moveCursUp_ANSI               
0000174f  moveCursDown_ANSI             
00001771  moveCursRight_ANSI            
00001793  moveCursLeft_ANSI             
000017b5  cursPhoneHome_ANSI            
000017cb  moveCursRC_ANSI               
000017ff  clearLineRight_ANSI           
00001815  clearLineLeft_ANSI            
00001831  clearLine_ANSI                
0000184d  clearScreen_ANSI              
00001869  __aeabi_ddiv                  
000019a1  set_DCO                       
00001aa5  __aeabi_memcpy                
00001aa5  __aeabi_memcpy4               
00001aa5  __aeabi_memcpy8               
00001aa5  memcpy                        
00001b41  __aeabi_d2f                   
00001baf  __TI_decompress_lzss          
00001c19  __TI_auto_init_nobinit_nopinit
00001c5d  _c_int00_noargs               
00001c95  __aeabi_i2d                   
00001cc3  strlen                        
00001cd7  __TI_zero_init_nomemset       
00001ce9  __TI_decompress_none          
00001cf7  Reset_Handler                 
00001d03  AES256_IRQHandler             
00001d03  BusFault_Handler              
00001d03  COMP_E0_IRQHandler            
00001d03  COMP_E1_IRQHandler            
00001d03  CS_IRQHandler                 
00001d03  DMA_ERR_IRQHandler            
00001d03  DMA_INT0_IRQHandler           
00001d03  DMA_INT1_IRQHandler           
00001d03  DMA_INT2_IRQHandler           
00001d03  DMA_INT3_IRQHandler           
00001d03  DebugMon_Handler              
00001d03  Default_Handler               
00001d03  EUSCIA1_IRQHandler            
00001d03  EUSCIA2_IRQHandler            
00001d03  EUSCIA3_IRQHandler            
00001d03  EUSCIB0_IRQHandler            
00001d03  EUSCIB1_IRQHandler            
00001d03  EUSCIB2_IRQHandler            
00001d03  EUSCIB3_IRQHandler            
00001d03  FLCTL_IRQHandler              
00001d03  FPU_IRQHandler                
00001d03  HardFault_Handler             
00001d03  MemManage_Handler             
00001d03  NMI_Handler                   
00001d03  PCM_IRQHandler                
00001d03  PORT1_IRQHandler              
00001d03  PORT2_IRQHandler              
00001d03  PORT3_IRQHandler              
00001d03  PORT4_IRQHandler              
00001d03  PORT5_IRQHandler              
00001d03  PORT6_IRQHandler              
00001d03  PSS_IRQHandler                
00001d03  PendSV_Handler                
00001d03  RTC_C_IRQHandler              
00001d03  SVC_Handler                   
00001d03  SysTick_Handler               
00001d03  T32_INT1_IRQHandler           
00001d03  T32_INT2_IRQHandler           
00001d03  T32_INTC_IRQHandler           
00001d03  TA0_0_IRQHandler              
00001d03  TA0_N_IRQHandler              
00001d03  TA1_0_IRQHandler              
00001d03  TA1_N_IRQHandler              
00001d03  TA2_0_IRQHandler              
00001d03  TA2_N_IRQHandler              
00001d03  TA3_0_IRQHandler              
00001d03  TA3_N_IRQHandler              
00001d03  UsageFault_Handler            
00001d03  WDT_A_IRQHandler              
00001d05  _system_pre_init              
00001d09  C$$EXIT                       
00001d09  abort                         
00001d1c  __TI_Handler_Table_Base       
00001d28  __TI_Handler_Table_Limit      
00001d30  __TI_CINIT_Base               
00001d40  __TI_CINIT_Limit              
20000014  captureFlag                   
20000020  dataReady_FLG                 
20000024  SystemCoreClock               
2000002c  anIn                          
2000fe00  __stack                       
20010000  __STACK_END                   
4000480c  WDTCTL_SYM                    
ffffffff  __TI_pprof_out_hndl           
ffffffff  __TI_prof_data_size           
ffffffff  __TI_prof_data_start          
ffffffff  __binit__                     
ffffffff  __c_args__                    
ffffffff  binit                         
UNDEFED   __mpu_init                    
UNDEFED   _system_post_cinit            

[126 symbols]
