******************************************************************************
                  TI ARM Linker PC v18.1.1                     
******************************************************************************
>> Linked Thu May 17 01:49:16 2018

OUTPUT FILE NAME:   <P3.out>
ENTRY POINT SYMBOL: "_c_int00_noargs"  address: 00002285


MEMORY CONFIGURATION

         name            origin    length      used     unused   attr    fill
----------------------  --------  ---------  --------  --------  ----  --------
  MAIN                  00000000   00040000  0000236c  0003dc94  R  X
  INFO                  00200000   00004000  00000000  00004000  R  X
  SRAM_CODE             01000000   00010000  000003cc  0000fc34  RW X
  SRAM_DATA             20000000   00010000  000003cc  0000fc34  RW  


SEGMENT ALLOCATION MAP

run origin  load origin   length   init length attrs members
----------  ----------- ---------- ----------- ----- -------
00000000    00000000    00002370   00002370    r-x
  00000000    00000000    000000e4   000000e4    r-- .intvecs
  000000e4    000000e4    00002258   00002258    r-x .text
  00002340    00002340    00000030   00000030    r-- .cinit
20000000    20000000    000001cc   00000000    rw-
  20000000    20000000    000001a0   00000000    rw- .bss
  200001a0    200001a0    0000002c   00000000    rw- .data
2000fe00    2000fe00    00000200   00000000    rw-
  2000fe00    2000fe00    00000200   00000000    rw- .stack


SECTION ALLOCATION MAP

 output                                  attributes/
section   page    origin      length       input sections
--------  ----  ----------  ----------   ----------------
.intvecs   0    00000000    000000e4     
                  00000000    000000e4     startup_msp432p401r_ccs.obj (.intvecs:retain)

.text      0    000000e4    00002258     
                  000000e4    00000c70     main.obj (.text)
                  00000d54    000003fc     UART.obj (.text)
                  00001150    00000334     system_msp432p401r.obj (.text)
                  00001484    00000290     delays.obj (.text)
                  00001714    000001ec     ADC.obj (.text)
                  00001900    000001b6     rtsv7M4_T_le_v4SPD16_eabi.lib : fd_add_t2.asm.obj (.text)
                  00001ab6    00000002     --HOLE-- [fill = 0]
                  00001ab8    00000158                                   : e_sqrt.c.obj (.text:sqrt)
                  00001c10    0000013c     ANSI.obj (.text)
                  00001d4c    00000136     rtsv7M4_T_le_v4SPD16_eabi.lib : fd_div_t2.asm.obj (.text)
                  00001e82    00000002     --HOLE-- [fill = 0]
                  00001e84    00000104     set_DCO.obj (.text)
                  00001f88    000000fc     rtsv7M4_T_le_v4SPD16_eabi.lib : fd_mul_t2.asm.obj (.text)
                  00002084    0000009c                                   : memcpy_t2.asm.obj (.text)
                  00002120    0000006e                                   : fd_tos_t2.asm.obj (.text)
                  0000218e    00000068                                   : copy_decompress_lzss.c.obj (.text:decompress:lzss:__TI_decompress_lzss)
                  000021f6    00000048                                   : fd_toi_t2.asm.obj (.text)
                  0000223e    00000002     --HOLE-- [fill = 0]
                  00002240    00000044                                   : autoinit.c.obj (.text:__TI_auto_init_nobinit_nopinit:__TI_auto_init_nobinit_nopinit)
                  00002284    00000038                                   : boot_cortex_m.c.obj (.text:_c_int00_noargs:_c_int00_noargs)
                  000022bc    0000002e                                   : i_tofd_t2.asm.obj (.text)
                  000022ea    00000014                                   : strlen.c.obj (.text:strlen)
                  000022fe    00000012                                   : copy_zero_init.c.obj (.text:decompress:ZI:__TI_zero_init_nomemset:__TI_zero_init_nomemset)
                  00002310    0000000e                                   : copy_decompress_none.c.obj (.text:decompress:none:__TI_decompress_none)
                  0000231e    0000000e     startup_msp432p401r_ccs.obj (.text)
                  0000232c    00000008     rtsv7M4_T_le_v4SPD16_eabi.lib : errno.c.obj (.text:__aeabi_errno_addr)
                  00002334    00000004                                   : pre_init.c.obj (.text:_system_pre_init)
                  00002338    00000004                                   : exit.c.obj (.text:abort:abort)

.cinit     0    00002340    00000030     
                  00002340    0000000c     (.cinit..data.load) [load image, compression = lzss]
                  0000234c    0000000c     (__TI_handler_table)
                  00002358    00000008     (.cinit..bss.load) [load image, compression = zero_init]
                  00002360    00000010     (__TI_cinit_table)

.init_array 
*          0    00000000    00000000     UNINITIALIZED

.binit     0    00000000    00000000     

.bss       0    20000000    000001a0     UNINITIALIZED
                  20000000    00000190     main.obj (.bss:vSample)
                  20000190    0000000c     main.obj (.bss)
                  2000019c    00000004     (.common:anIn)

.data      0    200001a0    0000002c     UNINITIALIZED
                  200001a0    00000016     main.obj (.data)
                  200001b6    00000002     --HOLE--
                  200001b8    00000008     UART.obj (.data)
                  200001c0    00000004     ADC.obj (.data)
                  200001c4    00000004     rtsv7M4_T_le_v4SPD16_eabi.lib : errno.c.obj (.data)
                  200001c8    00000004     system_msp432p401r.obj (.data)

.stack     0    2000fe00    00000200     UNINITIALIZED
                  2000fe00    00000004     rtsv7M4_T_le_v4SPD16_eabi.lib : boot_cortex_m.c.obj (.stack)
                  2000fe04    000001fc     --HOLE--

MODULE SUMMARY

       Module                        code   ro data   rw data
       ------                        ----   -------   -------
    .\
       main.obj                      3184   0         868    
       UART.obj                      1020   0         16     
       system_msp432p401r.obj        820    0         8      
       delays.obj                    656    0         0      
       ADC.obj                       492    0         16     
       ANSI.obj                      316    0         0      
       set_DCO.obj                   260    0         0      
       startup_msp432p401r_ccs.obj   14     228       0      
    +--+-----------------------------+------+---------+---------+
       Total:                        6762   228       908    
                                                             
    C:\ti\ccsv8\tools\compiler\ti-cgt-arm_18.1.1.LTS\lib\rtsv7M4_T_le_v4SPD16_eabi.lib
       fd_add_t2.asm.obj             438    0         0      
       e_sqrt.c.obj                  344    0         0      
       fd_div_t2.asm.obj             310    0         0      
       fd_mul_t2.asm.obj             252    0         0      
       memcpy_t2.asm.obj             156    0         0      
       fd_tos_t2.asm.obj             110    0         0      
       copy_decompress_lzss.c.obj    104    0         0      
       fd_toi_t2.asm.obj             72     0         0      
       autoinit.c.obj                68     0         0      
       boot_cortex_m.c.obj           56     0         0      
       i_tofd_t2.asm.obj             46     0         0      
       strlen.c.obj                  20     0         0      
       copy_zero_init.c.obj          18     0         0      
       errno.c.obj                   8      0         8      
       copy_decompress_none.c.obj    14     0         0      
       exit.c.obj                    4      0         0      
       pre_init.c.obj                4      0         0      
    +--+-----------------------------+------+---------+---------+
       Total:                        2024   0         8      
                                                             
       Stack:                        0      0         1024   
       Linker Generated:             0      48        0      
    +--+-----------------------------+------+---------+---------+
       Grand Total:                  8786   276       1940   


LINKER GENERATED COPY TABLES

__TI_cinit_table @ 00002360 records: 2, size/record: 8, table size: 16
	.data: load addr=00002340, load size=0000000c bytes, run addr=200001a0, run size=0000002c bytes, compression=lzss
	.bss: load addr=00002358, load size=00000008 bytes, run addr=20000000, run size=000001a0 bytes, compression=zero_init


LINKER GENERATED HANDLER TABLE

__TI_handler_table @ 0000234c records: 3, size/record: 4, table size: 12
	index: 0, handler: __TI_decompress_lzss
	index: 1, handler: __TI_decompress_none
	index: 2, handler: __TI_zero_init


GLOBAL SYMBOLS: SORTED ALPHABETICALLY BY Name 

address   name                          
-------   ----                          
000018c5  ADC14_IRQHandler              
000018c5  ADC14_IRQHandler              
00001715  ADC_INIT                      
0000232b  AES256_IRQHandler             
0000232b  BusFault_Handler              
00002339  C$$EXIT                       
0000232b  COMP_E0_IRQHandler            
0000232b  COMP_E1_IRQHandler            
0000232b  CS_IRQHandler                 
000008d1  DISP_INIT                     
0000232b  DMA_ERR_IRQHandler            
0000232b  DMA_INT0_IRQHandler           
0000232b  DMA_INT1_IRQHandler           
0000232b  DMA_INT2_IRQHandler           
0000232b  DMA_INT3_IRQHandler           
0000232b  DebugMon_Handler              
0000232b  Default_Handler               
000010fb  EUSCIA0_IRQHandler            
000010fb  EUSCIA0_IRQHandler            
0000232b  EUSCIA1_IRQHandler            
0000232b  EUSCIA2_IRQHandler            
0000232b  EUSCIA3_IRQHandler            
0000232b  EUSCIB0_IRQHandler            
0000232b  EUSCIB1_IRQHandler            
0000232b  EUSCIB2_IRQHandler            
0000232b  EUSCIB3_IRQHandler            
0000232b  FLCTL_IRQHandler              
0000232b  FPU_IRQHandler                
0000232b  HardFault_Handler             
0000232b  MemManage_Handler             
0000232b  NMI_Handler                   
0000232b  PCM_IRQHandler                
0000232b  PORT1_IRQHandler              
0000232b  PORT2_IRQHandler              
0000232b  PORT3_IRQHandler              
0000232b  PORT4_IRQHandler              
00000375  PORT5_IRQHandler              
00000375  PORT5_IRQHandler              
0000232b  PORT6_IRQHandler              
0000232b  PSS_IRQHandler                
0000232b  PendSV_Handler                
0000232b  RTC_C_IRQHandler              
0000231f  Reset_Handler                 
0000232b  SVC_Handler                   
0000232b  SysTick_Handler               
200001c8  SystemCoreClock               
00001151  SystemCoreClockUpdate         
000013c9  SystemInit                    
0000232b  T32_INT1_IRQHandler           
0000232b  T32_INT2_IRQHandler           
0000232b  T32_INTC_IRQHandler           
00000b1f  TA0_0_IRQHandler              
00000b1f  TA0_0_IRQHandler              
0000232b  TA0_N_IRQHandler              
0000232b  TA1_0_IRQHandler              
0000232b  TA1_N_IRQHandler              
0000232b  TA2_0_IRQHandler              
0000232b  TA2_N_IRQHandler              
0000232b  TA3_0_IRQHandler              
0000232b  TA3_N_IRQHandler              
000001a1  TIMER_INIT                    
00000d71  UART_INIT                     
0000232b  UsageFault_Handler            
4000480c  WDTCTL_SYM                    
0000232b  WDT_A_IRQHandler              
20010000  __STACK_END                   
00000200  __STACK_SIZE                  
00002360  __TI_CINIT_Base               
00002370  __TI_CINIT_Limit              
0000234c  __TI_Handler_Table_Base       
00002358  __TI_Handler_Table_Limit      
00002241  __TI_auto_init_nobinit_nopinit
0000218f  __TI_decompress_lzss          
00002311  __TI_decompress_none          
ffffffff  __TI_pprof_out_hndl           
ffffffff  __TI_prof_data_size           
ffffffff  __TI_prof_data_start          
00000000  __TI_static_base__            
000022ff  __TI_zero_init_nomemset       
00002121  __aeabi_d2f                   
000021f7  __aeabi_d2iz                  
0000190b  __aeabi_dadd                  
00001d4d  __aeabi_ddiv                  
00001f89  __aeabi_dmul                  
00001901  __aeabi_dsub                  
0000232d  __aeabi_errno_addr            
000022bd  __aeabi_i2d                   
00002085  __aeabi_memcpy                
00002085  __aeabi_memcpy4               
00002085  __aeabi_memcpy8               
ffffffff  __binit__                     
ffffffff  __c_args__                    
UNDEFED   __mpu_init                    
2000fe00  __stack                       
00002285  _c_int00_noargs               
UNDEFED   _system_post_cinit            
00002335  _system_pre_init              
00002339  abort                         
2000019c  anIn                          
ffffffff  binit                         
0000177d  calcVolt_ADC                  
200001b4  captureFlag                   
00001cf9  clearLineLeft_ANSI            
00001ce3  clearLineRight_ANSI           
00001d15  clearLine_ANSI                
00001d31  clearScreen_ANSI              
0000176b  clrIntFlag_ADC                
00000d5b  clrIntFlag_UART               
00001c99  cursPhoneHome_ANSI            
200001c0  dataReady_FLG                 
00001485  delay_ms                      
00001593  delay_us                      
200001c4  errno                         
00001765  getAnData_ADC                 
0000175f  getIntFlag_ADC                
00000d55  getIntFlag_UART               
00000d63  getRXByte                     
00000000  interruptVectors              
000000e5  main                          
00000241  measACV_DMM                   
000001f3  measDCV_DMM                   
00000329  measFreq_DMM                  
0000029f  measPktoPk_DMM                
0000024d  measTRMS_DMM                  
00002085  memcpy                        
00001c33  moveCursDown_ANSI             
00001c77  moveCursLeft_ANSI             
00001caf  moveCursRC_ANSI               
00001c55  moveCursRight_ANSI            
00001c11  moveCursUp_ANSI               
0000109f  sendByte_UART                 
000010c1  sendString_UART               
0000186b  sendVolt_ADC                  
00001e85  set_DCO                       
00001ab9  sqrt                          
00001ab9  sqrtl                         
000022eb  strlen                        
000003d1  updateDisp_DMM                


GLOBAL SYMBOLS: SORTED BY Symbol Address 

address   name                          
-------   ----                          
00000000  __TI_static_base__            
00000000  interruptVectors              
000000e5  main                          
000001a1  TIMER_INIT                    
000001f3  measDCV_DMM                   
00000200  __STACK_SIZE                  
00000241  measACV_DMM                   
0000024d  measTRMS_DMM                  
0000029f  measPktoPk_DMM                
00000329  measFreq_DMM                  
00000375  PORT5_IRQHandler              
00000375  PORT5_IRQHandler              
000003d1  updateDisp_DMM                
000008d1  DISP_INIT                     
00000b1f  TA0_0_IRQHandler              
00000b1f  TA0_0_IRQHandler              
00000d55  getIntFlag_UART               
00000d5b  clrIntFlag_UART               
00000d63  getRXByte                     
00000d71  UART_INIT                     
0000109f  sendByte_UART                 
000010c1  sendString_UART               
000010fb  EUSCIA0_IRQHandler            
000010fb  EUSCIA0_IRQHandler            
00001151  SystemCoreClockUpdate         
000013c9  SystemInit                    
00001485  delay_ms                      
00001593  delay_us                      
00001715  ADC_INIT                      
0000175f  getIntFlag_ADC                
00001765  getAnData_ADC                 
0000176b  clrIntFlag_ADC                
0000177d  calcVolt_ADC                  
0000186b  sendVolt_ADC                  
000018c5  ADC14_IRQHandler              
000018c5  ADC14_IRQHandler              
00001901  __aeabi_dsub                  
0000190b  __aeabi_dadd                  
00001ab9  sqrt                          
00001ab9  sqrtl                         
00001c11  moveCursUp_ANSI               
00001c33  moveCursDown_ANSI             
00001c55  moveCursRight_ANSI            
00001c77  moveCursLeft_ANSI             
00001c99  cursPhoneHome_ANSI            
00001caf  moveCursRC_ANSI               
00001ce3  clearLineRight_ANSI           
00001cf9  clearLineLeft_ANSI            
00001d15  clearLine_ANSI                
00001d31  clearScreen_ANSI              
00001d4d  __aeabi_ddiv                  
00001e85  set_DCO                       
00001f89  __aeabi_dmul                  
00002085  __aeabi_memcpy                
00002085  __aeabi_memcpy4               
00002085  __aeabi_memcpy8               
00002085  memcpy                        
00002121  __aeabi_d2f                   
0000218f  __TI_decompress_lzss          
000021f7  __aeabi_d2iz                  
00002241  __TI_auto_init_nobinit_nopinit
00002285  _c_int00_noargs               
000022bd  __aeabi_i2d                   
000022eb  strlen                        
000022ff  __TI_zero_init_nomemset       
00002311  __TI_decompress_none          
0000231f  Reset_Handler                 
0000232b  AES256_IRQHandler             
0000232b  BusFault_Handler              
0000232b  COMP_E0_IRQHandler            
0000232b  COMP_E1_IRQHandler            
0000232b  CS_IRQHandler                 
0000232b  DMA_ERR_IRQHandler            
0000232b  DMA_INT0_IRQHandler           
0000232b  DMA_INT1_IRQHandler           
0000232b  DMA_INT2_IRQHandler           
0000232b  DMA_INT3_IRQHandler           
0000232b  DebugMon_Handler              
0000232b  Default_Handler               
0000232b  EUSCIA1_IRQHandler            
0000232b  EUSCIA2_IRQHandler            
0000232b  EUSCIA3_IRQHandler            
0000232b  EUSCIB0_IRQHandler            
0000232b  EUSCIB1_IRQHandler            
0000232b  EUSCIB2_IRQHandler            
0000232b  EUSCIB3_IRQHandler            
0000232b  FLCTL_IRQHandler              
0000232b  FPU_IRQHandler                
0000232b  HardFault_Handler             
0000232b  MemManage_Handler             
0000232b  NMI_Handler                   
0000232b  PCM_IRQHandler                
0000232b  PORT1_IRQHandler              
0000232b  PORT2_IRQHandler              
0000232b  PORT3_IRQHandler              
0000232b  PORT4_IRQHandler              
0000232b  PORT6_IRQHandler              
0000232b  PSS_IRQHandler                
0000232b  PendSV_Handler                
0000232b  RTC_C_IRQHandler              
0000232b  SVC_Handler                   
0000232b  SysTick_Handler               
0000232b  T32_INT1_IRQHandler           
0000232b  T32_INT2_IRQHandler           
0000232b  T32_INTC_IRQHandler           
0000232b  TA0_N_IRQHandler              
0000232b  TA1_0_IRQHandler              
0000232b  TA1_N_IRQHandler              
0000232b  TA2_0_IRQHandler              
0000232b  TA2_N_IRQHandler              
0000232b  TA3_0_IRQHandler              
0000232b  TA3_N_IRQHandler              
0000232b  UsageFault_Handler            
0000232b  WDT_A_IRQHandler              
0000232d  __aeabi_errno_addr            
00002335  _system_pre_init              
00002339  C$$EXIT                       
00002339  abort                         
0000234c  __TI_Handler_Table_Base       
00002358  __TI_Handler_Table_Limit      
00002360  __TI_CINIT_Base               
00002370  __TI_CINIT_Limit              
2000019c  anIn                          
200001b4  captureFlag                   
200001c0  dataReady_FLG                 
200001c4  errno                         
200001c8  SystemCoreClock               
2000fe00  __stack                       
20010000  __STACK_END                   
4000480c  WDTCTL_SYM                    
ffffffff  __TI_pprof_out_hndl           
ffffffff  __TI_prof_data_size           
ffffffff  __TI_prof_data_start          
ffffffff  __binit__                     
ffffffff  __c_args__                    
ffffffff  binit                         
UNDEFED   __mpu_init                    
UNDEFED   _system_post_cinit            

[138 symbols]
