******************************************************************************
                  TI ARM Linker PC v18.1.1                     
******************************************************************************
>> Linked Fri Jun 15 14:03:57 2018

OUTPUT FILE NAME:   <P4.out>
ENTRY POINT SYMBOL: "_c_int00_noargs"  address: 00002ed1


MEMORY CONFIGURATION

         name            origin    length      used     unused   attr    fill
----------------------  --------  ---------  --------  --------  ----  --------
  MAIN                  00000000   00040000  0000317a  0003ce86  R  X
  INFO                  00200000   00004000  00000000  00004000  R  X
  SRAM_CODE             01000000   00010000  0000024e  0000fdb2  RW X
  SRAM_DATA             20000000   00010000  0000024e  0000fdb2  RW  


SEGMENT ALLOCATION MAP

run origin  load origin   length   init length attrs members
----------  ----------- ---------- ----------- ----- -------
00000000    00000000    00003180   00003180    r-x
  00000000    00000000    000000e4   000000e4    r-- .intvecs
  000000e4    000000e4    00002f44   00002f44    r-x .text
  00003028    00003028    00000112   00000112    r-- .const
  00003140    00003140    00000040   00000040    r-- .cinit
20000000    20000000    00000050   00000000    rw-
  20000000    20000000    0000004a   00000000    rw- .data
  2000004c    2000004c    00000004   00000000    rw- .bss
2000fe00    2000fe00    00000200   00000000    rw-
  2000fe00    2000fe00    00000200   00000000    rw- .stack


SECTION ALLOCATION MAP

 output                                  attributes/
section   page    origin      length       input sections
--------  ----  ----------  ----------   ----------------
.intvecs   0    00000000    000000e4     
                  00000000    000000e4     startup_msp432p401r_ccs.obj (.intvecs:retain)

.text      0    000000e4    00002f44     
                  000000e4    00000a5e     rtsv7M4_T_le_v4SPD16_eabi.lib : _printfi.c.obj (.text:__TI_printfi)
                  00000b42    00000002                                   : div0.asm.obj (.text)
                  00000b44    00000428     main.obj (.text)
                  00000f6c    00000334     system_msp432p401r.obj (.text)
                  000012a0    00000304     LCD.obj (.text)
                  000015a4    00000290     delays.obj (.text)
                  00001834    00000270     rtsv7M4_T_le_v4SPD16_eabi.lib : _printfi.c.obj (.text:_pconv_a)
                  00001aa4    000001d0                                   : _printfi.c.obj (.text:_pconv_g)
                  00001c74    000001b6                                   : fd_add_t2.asm.obj (.text)
                  00001e2a    00000002     --HOLE-- [fill = 0]
                  00001e2c    00000198     I2C.obj (.text)
                  00001fc4    00000164     keypad.obj (.text)
                  00002128    0000013c     rtsv7M4_T_le_v4SPD16_eabi.lib : _printfi.c.obj (.text:_pconv_e)
                  00002264    00000136                                   : fd_div_t2.asm.obj (.text)
                  0000239a    00000002     --HOLE-- [fill = 0]
                  0000239c    00000120                                   : _printfi.c.obj (.text:fcvt)
                  000024bc    00000110                                   : s_scalbn.c.obj (.text:scalbn)
                  000025cc    00000104     set_DCO.obj (.text)
                  000026d0    000000fc     rtsv7M4_T_le_v4SPD16_eabi.lib : fd_mul_t2.asm.obj (.text)
                  000027cc    000000b1                                   : _printfi.c.obj (.text:_ltostr)
                  0000287d    00000001     --HOLE-- [fill = 0]
                  0000287e    0000009c                                   : memcpy_t2.asm.obj (.text)
                  0000291a    00000096                                   : ull_div_t2.asm.obj (.text)
                  000029b0    00000086                                   : fd_cmp_t2.asm.obj (.text:__aeabi_cdcmple)
                  00002a36    00000086                                   : fd_cmp_t2.asm.obj (.text:__aeabi_cdrcmple)
                  00002abc    0000007a                                   : memset_t2.asm.obj (.text)
                  00002b36    0000006e                                   : _printfi.c.obj (.text:_mcpy)
                  00002ba4    00000068                                   : copy_decompress_lzss.c.obj (.text:decompress:lzss:__TI_decompress_lzss)
                  00002c0c    00000064                                   : s_frexp.c.obj (.text:frexp)
                  00002c70    00000056                                   : _printfi.c.obj (.text:_pconv_f)
                  00002cc6    00000054                                   : ltoa.c.obj (.text:ltoa)
                  00002d1a    00000052                                   : _printfi.c.obj (.text:_ecpy)
                  00002d6c    0000004c                                   : atoi.c.obj (.text:atoi)
                  00002db8    0000004c                                   : snprintf.c.obj (.text:snprintf)
                  00002e04    00000048                                   : fd_toi_t2.asm.obj (.text)
                  00002e4c    00000044                                   : autoinit.c.obj (.text:__TI_auto_init_nobinit_nopinit:__TI_auto_init_nobinit_nopinit)
                  00002e90    0000003e                                   : _printfi.c.obj (.text:_fcpy)
                  00002ece    00000002     --HOLE-- [fill = 0]
                  00002ed0    00000038                                   : boot_cortex_m.c.obj (.text:_c_int00_noargs:_c_int00_noargs)
                  00002f08    00000030                                   : snprintf.c.obj (.text:_outs)
                  00002f38    0000002e                                   : i_tofd_t2.asm.obj (.text)
                  00002f66    0000001c                                   : memccpy.c.obj (.text:memccpy)
                  00002f82    00000018                                   : snprintf.c.obj (.text:_outc)
                  00002f9a    00000016                                   : strchr.c.obj (.text:strchr)
                  00002fb0    00000014                                   : s_copysign.c.obj (.text:copysign)
                  00002fc4    00000014                                   : strlen.c.obj (.text:strlen)
                  00002fd8    00000012                                   : copy_zero_init.c.obj (.text:decompress:ZI:__TI_zero_init_nomemset:__TI_zero_init_nomemset)
                  00002fea    00000012                                   : wcslen.c.obj (.text:wcslen)
                  00002ffc    0000000e                                   : copy_decompress_none.c.obj (.text:decompress:none:__TI_decompress_none)
                  0000300a    0000000e     startup_msp432p401r_ccs.obj (.text)
                  00003018    00000008     rtsv7M4_T_le_v4SPD16_eabi.lib : errno.c.obj (.text:__aeabi_errno_addr)
                  00003020    00000004                                   : pre_init.c.obj (.text:_system_pre_init)
                  00003024    00000004                                   : exit.c.obj (.text:abort:abort)

.const     0    00003028    00000112     
                  00003028    00000101     rtsv7M4_T_le_v4SPD16_eabi.lib : ctype.c.obj (.const:.string:_ctypes_)
                  00003129    00000011     LCD.obj (.const:.string:$P$T0$1)

.cinit     0    00003140    00000040     
                  00003140    0000001a     (.cinit..data.load) [load image, compression = lzss]
                  0000315a    00000002     --HOLE-- [fill = 0]
                  0000315c    0000000c     (__TI_handler_table)
                  00003168    00000008     (.cinit..bss.load) [load image, compression = zero_init]
                  00003170    00000010     (__TI_cinit_table)

.init_array 
*          0    00000000    00000000     UNINITIALIZED

.binit     0    00000000    00000000     

.data      0    20000000    0000004a     UNINITIALIZED
                  20000000    00000038     main.obj (.data)
                  20000038    00000008     keypad.obj (.data)
                  20000040    00000004     rtsv7M4_T_le_v4SPD16_eabi.lib : errno.c.obj (.data)
                  20000044    00000004     system_msp432p401r.obj (.data)
                  20000048    00000002     I2C.obj (.data)

.bss       0    2000004c    00000004     UNINITIALIZED
                  2000004c    00000004     main.obj (.bss)

.stack     0    2000fe00    00000200     UNINITIALIZED
                  2000fe00    00000004     rtsv7M4_T_le_v4SPD16_eabi.lib : boot_cortex_m.c.obj (.stack)
                  2000fe04    000001fc     --HOLE--

MODULE SUMMARY

       Module                        code    ro data   rw data
       ------                        ----    -------   -------
    .\
       main.obj                      1064    0         120    
       system_msp432p401r.obj        820     0         8      
       LCD.obj                       772     17        0      
       delays.obj                    656     0         0      
       I2C.obj                       408     0         4      
       keypad.obj                    356     0         16     
       set_DCO.obj                   260     0         0      
       startup_msp432p401r_ccs.obj   14      228       0      
    +--+-----------------------------+-------+---------+---------+
       Total:                        4350    245       148    
                                                              
    C:\ti\ccsv8\tools\compiler\ti-cgt-arm_18.1.1.LTS\lib\rtsv7M4_T_le_v4SPD16_eabi.lib
       _printfi.c.obj                4863    0         0      
       fd_add_t2.asm.obj             438     0         0      
       fd_div_t2.asm.obj             310     0         0      
       s_scalbn.c.obj                272     0         0      
       fd_cmp_t2.asm.obj             268     0         0      
       ctype.c.obj                   0       257       0      
       fd_mul_t2.asm.obj             252     0         0      
       memcpy_t2.asm.obj             156     0         0      
       ull_div_t2.asm.obj            150     0         0      
       snprintf.c.obj                148     0         0      
       memset_t2.asm.obj             122     0         0      
       copy_decompress_lzss.c.obj    104     0         0      
       s_frexp.c.obj                 100     0         0      
       ltoa.c.obj                    84      0         0      
       atoi.c.obj                    76      0         0      
       fd_toi_t2.asm.obj             72      0         0      
       autoinit.c.obj                68      0         0      
       boot_cortex_m.c.obj           56      0         0      
       i_tofd_t2.asm.obj             46      0         0      
       memccpy.c.obj                 28      0         0      
       strchr.c.obj                  22      0         0      
       s_copysign.c.obj              20      0         0      
       strlen.c.obj                  20      0         0      
       copy_zero_init.c.obj          18      0         0      
       wcslen.c.obj                  18      0         0      
       errno.c.obj                   8       0         8      
       copy_decompress_none.c.obj    14      0         0      
       exit.c.obj                    4       0         0      
       pre_init.c.obj                4       0         0      
       div0.asm.obj                  2       0         0      
    +--+-----------------------------+-------+---------+---------+
       Total:                        7743    257       8      
                                                              
       Stack:                        0       0         1024   
       Linker Generated:             0       62        0      
    +--+-----------------------------+-------+---------+---------+
       Grand Total:                  12093   564       1180   


LINKER GENERATED COPY TABLES

__TI_cinit_table @ 00003170 records: 2, size/record: 8, table size: 16
	.data: load addr=00003140, load size=0000001a bytes, run addr=20000000, run size=0000004a bytes, compression=lzss
	.bss: load addr=00003168, load size=00000008 bytes, run addr=2000004c, run size=00000004 bytes, compression=zero_init


LINKER GENERATED HANDLER TABLE

__TI_handler_table @ 0000315c records: 3, size/record: 4, table size: 12
	index: 0, handler: __TI_decompress_lzss
	index: 1, handler: __TI_decompress_none
	index: 2, handler: __TI_zero_init


GLOBAL SYMBOLS: SORTED ALPHABETICALLY BY Name 

address   name                          
-------   ----                          
00000e2d  ACCEL_INIT                    
00003017  ADC14_IRQHandler              
00003017  AES256_IRQHandler             
00003017  BusFault_Handler              
00003025  C$$EXIT                       
00003017  COMP_E0_IRQHandler            
00003017  COMP_E1_IRQHandler            
00003017  CS_IRQHandler                 
00003017  DMA_ERR_IRQHandler            
00003017  DMA_INT0_IRQHandler           
00003017  DMA_INT1_IRQHandler           
00003017  DMA_INT2_IRQHandler           
00003017  DMA_INT3_IRQHandler           
00003017  DebugMon_Handler              
00003017  Default_Handler               
00003017  EUSCIA0_IRQHandler            
00003017  EUSCIA1_IRQHandler            
00003017  EUSCIA2_IRQHandler            
00003017  EUSCIA3_IRQHandler            
00001f6b  EUSCIB0_IRQHandler            
00001f6b  EUSCIB0_IRQHandler            
00003017  EUSCIB1_IRQHandler            
00003017  EUSCIB2_IRQHandler            
00003017  EUSCIB3_IRQHandler            
00003017  FLCTL_IRQHandler              
00003017  FPU_IRQHandler                
00003017  HardFault_Handler             
00001e2d  I2C_INIT                      
00001fe3  KEYPAD_INIT                   
0000208b  KEY_LOCATE                    
000014fb  LCD_CMD                       
000014d3  LCD_CTRL                      
000013e9  LCD_INIT                      
00003017  MemManage_Handler             
00003017  NMI_Handler                   
00003017  PCM_IRQHandler                
00003017  PORT1_IRQHandler              
00003017  PORT2_IRQHandler              
00003017  PORT3_IRQHandler              
00003017  PORT4_IRQHandler              
00003017  PORT5_IRQHandler              
00003017  PORT6_IRQHandler              
00003017  PSS_IRQHandler                
00003017  PendSV_Handler                
00003017  RTC_C_IRQHandler              
0000300b  Reset_Handler                 
00003017  SVC_Handler                   
00003017  SysTick_Handler               
20000044  SystemCoreClock               
00000f6d  SystemCoreClockUpdate         
000011e5  SystemInit                    
00003017  T32_INT1_IRQHandler           
00003017  T32_INT2_IRQHandler           
00003017  T32_INTC_IRQHandler           
00000e9d  TA0_0_IRQHandler              
00000e9d  TA0_0_IRQHandler              
00003017  TA0_N_IRQHandler              
00003017  TA1_0_IRQHandler              
00003017  TA1_N_IRQHandler              
00003017  TA2_0_IRQHandler              
00003017  TA2_N_IRQHandler              
00003017  TA3_0_IRQHandler              
00003017  TA3_N_IRQHandler              
00000e75  TIMER_INIT                    
20000048  TransmitFlag                  
00003017  UsageFault_Handler            
4000480c  WDTCTL_SYM                    
00003017  WDT_A_IRQHandler              
20010000  __STACK_END                   
00000200  __STACK_SIZE                  
00003170  __TI_CINIT_Base               
00003180  __TI_CINIT_Limit              
0000315c  __TI_Handler_Table_Base       
00003168  __TI_Handler_Table_Limit      
00002e4d  __TI_auto_init_nobinit_nopinit
00002ba5  __TI_decompress_lzss          
00002ffd  __TI_decompress_none          
ffffffff  __TI_pprof_out_hndl           
000000e5  __TI_printfi                  
ffffffff  __TI_prof_data_size           
ffffffff  __TI_prof_data_start          
00000000  __TI_static_base__            
00002fd9  __TI_zero_init_nomemset       
000029b1  __aeabi_cdcmpeq               
000029b1  __aeabi_cdcmple               
00002a37  __aeabi_cdrcmple              
00002e05  __aeabi_d2iz                  
00001c7f  __aeabi_dadd                  
00002265  __aeabi_ddiv                  
000026d1  __aeabi_dmul                  
00001c75  __aeabi_dsub                  
00003019  __aeabi_errno_addr            
00002f39  __aeabi_i2d                   
00000b43  __aeabi_idiv0                 
00000b43  __aeabi_ldiv0                 
00002abd  __aeabi_memclr                
00002abd  __aeabi_memclr4               
00002abd  __aeabi_memclr8               
0000287f  __aeabi_memcpy                
0000287f  __aeabi_memcpy4               
0000287f  __aeabi_memcpy8               
00002abf  __aeabi_memset                
00002abf  __aeabi_memset4               
00002abf  __aeabi_memset8               
0000291b  __aeabi_uldivmod              
ffffffff  __binit__                     
ffffffff  __c_args__                    
UNDEFED   __mpu_init                    
2000fe00  __stack                       
00002ed1  _c_int00_noargs               
00003028  _ctypes_                      
UNDEFED   _system_post_cinit            
00003021  _system_pre_init              
00003025  abort                         
00002d6d  atoi                          
ffffffff  binit                         
00000de9  calcYVel                      
0000200d  chk_Keypad                    
00001fdb  clear_Flag                    
00001389  clear_LCD                     
00002fb1  copysign                      
00002fb1  copysignl                     
000015a5  delay_ms                      
000016b3  delay_us                      
20000040  errno                         
00002c0d  frexp                         
00002c0d  frexpl                        
00001fd5  get_Flag                      
00001fc5  get_Key                       
00001371  home_LCD                      
00000000  interruptVectors              
00002107  keypad_ISR                    
000024bd  ldexp                         
000024bd  ldexpl                        
000013a1  line_clear_LCD                
00002cc7  ltoa                          
00000b45  main                          
00000cf9  measSixtyTime                 
00000d95  measYAccel                    
00002f67  memccpy                       
0000287f  memcpy                        
00002ac5  memset                        
00001ee7  readByte_I2C                  
000024bd  scalbn                        
000024bd  scalbnl                       
000025cd  set_DCO                       
00002db9  snprintf                      
00002f9b  strchr                        
00002fc5  strlen                        
00002feb  wcslen                        
00001e7f  writeByte_I2C                 
00000c27  writeDisp                     
000012a1  write_char_LCD                
000012f3  write_string_LCD              


GLOBAL SYMBOLS: SORTED BY Symbol Address 

address   name                          
-------   ----                          
00000000  __TI_static_base__            
00000000  interruptVectors              
000000e5  __TI_printfi                  
00000200  __STACK_SIZE                  
00000b43  __aeabi_idiv0                 
00000b43  __aeabi_ldiv0                 
00000b45  main                          
00000c27  writeDisp                     
00000cf9  measSixtyTime                 
00000d95  measYAccel                    
00000de9  calcYVel                      
00000e2d  ACCEL_INIT                    
00000e75  TIMER_INIT                    
00000e9d  TA0_0_IRQHandler              
00000e9d  TA0_0_IRQHandler              
00000f6d  SystemCoreClockUpdate         
000011e5  SystemInit                    
000012a1  write_char_LCD                
000012f3  write_string_LCD              
00001371  home_LCD                      
00001389  clear_LCD                     
000013a1  line_clear_LCD                
000013e9  LCD_INIT                      
000014d3  LCD_CTRL                      
000014fb  LCD_CMD                       
000015a5  delay_ms                      
000016b3  delay_us                      
00001c75  __aeabi_dsub                  
00001c7f  __aeabi_dadd                  
00001e2d  I2C_INIT                      
00001e7f  writeByte_I2C                 
00001ee7  readByte_I2C                  
00001f6b  EUSCIB0_IRQHandler            
00001f6b  EUSCIB0_IRQHandler            
00001fc5  get_Key                       
00001fd5  get_Flag                      
00001fdb  clear_Flag                    
00001fe3  KEYPAD_INIT                   
0000200d  chk_Keypad                    
0000208b  KEY_LOCATE                    
00002107  keypad_ISR                    
00002265  __aeabi_ddiv                  
000024bd  ldexp                         
000024bd  ldexpl                        
000024bd  scalbn                        
000024bd  scalbnl                       
000025cd  set_DCO                       
000026d1  __aeabi_dmul                  
0000287f  __aeabi_memcpy                
0000287f  __aeabi_memcpy4               
0000287f  __aeabi_memcpy8               
0000287f  memcpy                        
0000291b  __aeabi_uldivmod              
000029b1  __aeabi_cdcmpeq               
000029b1  __aeabi_cdcmple               
00002a37  __aeabi_cdrcmple              
00002abd  __aeabi_memclr                
00002abd  __aeabi_memclr4               
00002abd  __aeabi_memclr8               
00002abf  __aeabi_memset                
00002abf  __aeabi_memset4               
00002abf  __aeabi_memset8               
00002ac5  memset                        
00002ba5  __TI_decompress_lzss          
00002c0d  frexp                         
00002c0d  frexpl                        
00002cc7  ltoa                          
00002d6d  atoi                          
00002db9  snprintf                      
00002e05  __aeabi_d2iz                  
00002e4d  __TI_auto_init_nobinit_nopinit
00002ed1  _c_int00_noargs               
00002f39  __aeabi_i2d                   
00002f67  memccpy                       
00002f9b  strchr                        
00002fb1  copysign                      
00002fb1  copysignl                     
00002fc5  strlen                        
00002fd9  __TI_zero_init_nomemset       
00002feb  wcslen                        
00002ffd  __TI_decompress_none          
0000300b  Reset_Handler                 
00003017  ADC14_IRQHandler              
00003017  AES256_IRQHandler             
00003017  BusFault_Handler              
00003017  COMP_E0_IRQHandler            
00003017  COMP_E1_IRQHandler            
00003017  CS_IRQHandler                 
00003017  DMA_ERR_IRQHandler            
00003017  DMA_INT0_IRQHandler           
00003017  DMA_INT1_IRQHandler           
00003017  DMA_INT2_IRQHandler           
00003017  DMA_INT3_IRQHandler           
00003017  DebugMon_Handler              
00003017  Default_Handler               
00003017  EUSCIA0_IRQHandler            
00003017  EUSCIA1_IRQHandler            
00003017  EUSCIA2_IRQHandler            
00003017  EUSCIA3_IRQHandler            
00003017  EUSCIB1_IRQHandler            
00003017  EUSCIB2_IRQHandler            
00003017  EUSCIB3_IRQHandler            
00003017  FLCTL_IRQHandler              
00003017  FPU_IRQHandler                
00003017  HardFault_Handler             
00003017  MemManage_Handler             
00003017  NMI_Handler                   
00003017  PCM_IRQHandler                
00003017  PORT1_IRQHandler              
00003017  PORT2_IRQHandler              
00003017  PORT3_IRQHandler              
00003017  PORT4_IRQHandler              
00003017  PORT5_IRQHandler              
00003017  PORT6_IRQHandler              
00003017  PSS_IRQHandler                
00003017  PendSV_Handler                
00003017  RTC_C_IRQHandler              
00003017  SVC_Handler                   
00003017  SysTick_Handler               
00003017  T32_INT1_IRQHandler           
00003017  T32_INT2_IRQHandler           
00003017  T32_INTC_IRQHandler           
00003017  TA0_N_IRQHandler              
00003017  TA1_0_IRQHandler              
00003017  TA1_N_IRQHandler              
00003017  TA2_0_IRQHandler              
00003017  TA2_N_IRQHandler              
00003017  TA3_0_IRQHandler              
00003017  TA3_N_IRQHandler              
00003017  UsageFault_Handler            
00003017  WDT_A_IRQHandler              
00003019  __aeabi_errno_addr            
00003021  _system_pre_init              
00003025  C$$EXIT                       
00003025  abort                         
00003028  _ctypes_                      
0000315c  __TI_Handler_Table_Base       
00003168  __TI_Handler_Table_Limit      
00003170  __TI_CINIT_Base               
00003180  __TI_CINIT_Limit              
20000040  errno                         
20000044  SystemCoreClock               
20000048  TransmitFlag                  
2000fe00  __stack                       
20010000  __STACK_END                   
4000480c  WDTCTL_SYM                    
ffffffff  __TI_pprof_out_hndl           
ffffffff  __TI_prof_data_size           
ffffffff  __TI_prof_data_start          
ffffffff  __binit__                     
ffffffff  __c_args__                    
ffffffff  binit                         
UNDEFED   __mpu_init                    
UNDEFED   _system_post_cinit            

[154 symbols]
