******************************************************************************
                  TI ARM Linker PC v18.1.1                     
******************************************************************************
>> Linked Fri Jun  8 06:45:28 2018

OUTPUT FILE NAME:   <P4.out>
ENTRY POINT SYMBOL: "_c_int00_noargs"  address: 00002f2d


MEMORY CONFIGURATION

         name            origin    length      used     unused   attr    fill
----------------------  --------  ---------  --------  --------  ----  --------
  MAIN                  00000000   00040000  00003206  0003cdfa  R  X
  INFO                  00200000   00004000  00000000  00004000  R  X
  SRAM_CODE             01000000   00010000  0000026e  0000fd92  RW X
  SRAM_DATA             20000000   00010000  0000026e  0000fd92  RW  


SEGMENT ALLOCATION MAP

run origin  load origin   length   init length attrs members
----------  ----------- ---------- ----------- ----- -------
00000000    00000000    00003208   00003208    r-x
  00000000    00000000    000000e4   000000e4    r-- .intvecs
  000000e4    000000e4    00002fd8   00002fd8    r-x .text
  000030bc    000030bc    00000112   00000112    r-- .const
  000031d0    000031d0    00000038   00000038    r-- .cinit
20000000    20000000    00000070   00000000    rw-
  20000000    20000000    0000006a   00000000    rw- .data
  2000006c    2000006c    00000004   00000000    rw- .bss
2000fe00    2000fe00    00000200   00000000    rw-
  2000fe00    2000fe00    00000200   00000000    rw- .stack


SECTION ALLOCATION MAP

 output                                  attributes/
section   page    origin      length       input sections
--------  ----  ----------  ----------   ----------------
.intvecs   0    00000000    000000e4     
                  00000000    000000e4     startup_msp432p401r_ccs.obj (.intvecs:retain)

.text      0    000000e4    00002fd8     
                  000000e4    00000a5e     rtsv7M4_T_le_v4SPD16_eabi.lib : _printfi.c.obj (.text:__TI_printfi)
                  00000b42    00000002                                   : div0.asm.obj (.text)
                  00000b44    000003cc     main.obj (.text)
                  00000f10    000003b4     I2C.obj (.text)
                  000012c4    00000334     system_msp432p401r.obj (.text)
                  000015f8    00000304     LCD.obj (.text)
                  000018fc    00000290     delays.obj (.text)
                  00001b8c    00000270     rtsv7M4_T_le_v4SPD16_eabi.lib : _printfi.c.obj (.text:_pconv_a)
                  00001dfc    000001d0                                   : _printfi.c.obj (.text:_pconv_g)
                  00001fcc    000001b6                                   : fd_add_t2.asm.obj (.text)
                  00002182    00000002     --HOLE-- [fill = 0]
                  00002184    0000013c                                   : _printfi.c.obj (.text:_pconv_e)
                  000022c0    00000136                                   : fd_div_t2.asm.obj (.text)
                  000023f6    00000002     --HOLE-- [fill = 0]
                  000023f8    00000120                                   : _printfi.c.obj (.text:fcvt)
                  00002518    00000110                                   : s_scalbn.c.obj (.text:scalbn)
                  00002628    00000104     set_DCO.obj (.text)
                  0000272c    000000fc     rtsv7M4_T_le_v4SPD16_eabi.lib : fd_mul_t2.asm.obj (.text)
                  00002828    000000b1                                   : _printfi.c.obj (.text:_ltostr)
                  000028d9    00000001     --HOLE-- [fill = 0]
                  000028da    0000009c                                   : memcpy_t2.asm.obj (.text)
                  00002976    00000096                                   : ull_div_t2.asm.obj (.text)
                  00002a0c    00000086                                   : fd_cmp_t2.asm.obj (.text:__aeabi_cdcmple)
                  00002a92    00000086                                   : fd_cmp_t2.asm.obj (.text:__aeabi_cdrcmple)
                  00002b18    0000007a                                   : memset_t2.asm.obj (.text)
                  00002b92    0000006e                                   : _printfi.c.obj (.text:_mcpy)
                  00002c00    00000068                                   : copy_decompress_lzss.c.obj (.text:decompress:lzss:__TI_decompress_lzss)
                  00002c68    00000064                                   : s_frexp.c.obj (.text:frexp)
                  00002ccc    00000056                                   : _printfi.c.obj (.text:_pconv_f)
                  00002d22    00000054                                   : ltoa.c.obj (.text:ltoa)
                  00002d76    00000052                                   : _printfi.c.obj (.text:_ecpy)
                  00002dc8    0000004c                                   : atoi.c.obj (.text:atoi)
                  00002e14    0000004c                                   : snprintf.c.obj (.text:snprintf)
                  00002e60    00000048                                   : fd_toi_t2.asm.obj (.text)
                  00002ea8    00000044                                   : autoinit.c.obj (.text:__TI_auto_init_nobinit_nopinit:__TI_auto_init_nobinit_nopinit)
                  00002eec    0000003e                                   : _printfi.c.obj (.text:_fcpy)
                  00002f2a    00000002     --HOLE-- [fill = 0]
                  00002f2c    00000038                                   : boot_cortex_m.c.obj (.text:_c_int00_noargs:_c_int00_noargs)
                  00002f64    00000038                                   : fs_tod_t2.asm.obj (.text)
                  00002f9c    00000030                                   : snprintf.c.obj (.text:_outs)
                  00002fcc    0000002e                                   : i_tofd_t2.asm.obj (.text)
                  00002ffa    0000001c                                   : memccpy.c.obj (.text:memccpy)
                  00003016    00000018                                   : snprintf.c.obj (.text:_outc)
                  0000302e    00000016                                   : strchr.c.obj (.text:strchr)
                  00003044    00000014                                   : s_copysign.c.obj (.text:copysign)
                  00003058    00000014                                   : strlen.c.obj (.text:strlen)
                  0000306c    00000012                                   : copy_zero_init.c.obj (.text:decompress:ZI:__TI_zero_init_nomemset:__TI_zero_init_nomemset)
                  0000307e    00000012                                   : wcslen.c.obj (.text:wcslen)
                  00003090    0000000e                                   : copy_decompress_none.c.obj (.text:decompress:none:__TI_decompress_none)
                  0000309e    0000000e     startup_msp432p401r_ccs.obj (.text)
                  000030ac    00000008     rtsv7M4_T_le_v4SPD16_eabi.lib : errno.c.obj (.text:__aeabi_errno_addr)
                  000030b4    00000004                                   : pre_init.c.obj (.text:_system_pre_init)
                  000030b8    00000004                                   : exit.c.obj (.text:abort:abort)

.const     0    000030bc    00000112     
                  000030bc    00000101     rtsv7M4_T_le_v4SPD16_eabi.lib : ctype.c.obj (.const:.string:_ctypes_)
                  000031bd    00000011     LCD.obj (.const:.string:$P$T0$1)

.cinit     0    000031d0    00000038     
                  000031d0    00000014     (.cinit..data.load) [load image, compression = lzss]
                  000031e4    0000000c     (__TI_handler_table)
                  000031f0    00000008     (.cinit..bss.load) [load image, compression = zero_init]
                  000031f8    00000010     (__TI_cinit_table)

.init_array 
*          0    00000000    00000000     UNINITIALIZED

.binit     0    00000000    00000000     

.data      0    20000000    0000006a     UNINITIALIZED
                  20000000    00000028     main.obj (.data:timeWatch)
                  20000028    00000024     main.obj (.data)
                  2000004c    00000014     main.obj (.data:accelSamp)
                  20000060    00000004     rtsv7M4_T_le_v4SPD16_eabi.lib : errno.c.obj (.data)
                  20000064    00000004     system_msp432p401r.obj (.data)
                  20000068    00000002     I2C.obj (.data)

.bss       0    2000006c    00000004     UNINITIALIZED
                  2000006c    00000004     main.obj (.bss)

.stack     0    2000fe00    00000200     UNINITIALIZED
                  2000fe00    00000004     rtsv7M4_T_le_v4SPD16_eabi.lib : boot_cortex_m.c.obj (.stack)
                  2000fe04    000001fc     --HOLE--

MODULE SUMMARY

       Module                        code    ro data   rw data
       ------                        ----    -------   -------
    .\
       main.obj                      972     0         200    
       I2C.obj                       948     0         4      
       system_msp432p401r.obj        820     0         8      
       LCD.obj                       772     17        0      
       delays.obj                    656     0         0      
       set_DCO.obj                   260     0         0      
       startup_msp432p401r_ccs.obj   14      228       0      
    +--+-----------------------------+-------+---------+---------+
       Total:                        4442    245       212    
                                                              
    C:\ti\ccsv8\tools\compiler\ti-cgt-arm_18.1.1.LTS\lib\rtsv7M4_T_le_v4SPD16_eabi.lib
       _printfi.c.obj                4863    0         0      
       fd_add_t2.asm.obj             438     0         0      
       fd_div_t2.asm.obj             310     0         0      
       s_scalbn.c.obj                272     0         0      
       fd_cmp_t2.asm.obj             268     0         0      
       ctype.c.obj                   0       257       0      
       fd_mul_t2.asm.obj             252     0         0      
       memcpy_t2.asm.obj             156     0         0      
       ull_div_t2.asm.obj            150     0         0      
       snprintf.c.obj                148     0         0      
       memset_t2.asm.obj             122     0         0      
       copy_decompress_lzss.c.obj    104     0         0      
       s_frexp.c.obj                 100     0         0      
       ltoa.c.obj                    84      0         0      
       atoi.c.obj                    76      0         0      
       fd_toi_t2.asm.obj             72      0         0      
       autoinit.c.obj                68      0         0      
       boot_cortex_m.c.obj           56      0         0      
       fs_tod_t2.asm.obj             56      0         0      
       i_tofd_t2.asm.obj             46      0         0      
       memccpy.c.obj                 28      0         0      
       strchr.c.obj                  22      0         0      
       s_copysign.c.obj              20      0         0      
       strlen.c.obj                  20      0         0      
       copy_zero_init.c.obj          18      0         0      
       wcslen.c.obj                  18      0         0      
       errno.c.obj                   8       0         8      
       copy_decompress_none.c.obj    14      0         0      
       exit.c.obj                    4       0         0      
       pre_init.c.obj                4       0         0      
       div0.asm.obj                  2       0         0      
    +--+-----------------------------+-------+---------+---------+
       Total:                        7799    257       8      
                                                              
       Stack:                        0       0         1024   
       Linker Generated:             0       56        0      
    +--+-----------------------------+-------+---------+---------+
       Grand Total:                  12241   558       1244   


LINKER GENERATED COPY TABLES

__TI_cinit_table @ 000031f8 records: 2, size/record: 8, table size: 16
	.data: load addr=000031d0, load size=00000014 bytes, run addr=20000000, run size=0000006a bytes, compression=lzss
	.bss: load addr=000031f0, load size=00000008 bytes, run addr=2000006c, run size=00000004 bytes, compression=zero_init


LINKER GENERATED HANDLER TABLE

__TI_handler_table @ 000031e4 records: 3, size/record: 4, table size: 12
	index: 0, handler: __TI_decompress_lzss
	index: 1, handler: __TI_decompress_none
	index: 2, handler: __TI_zero_init


GLOBAL SYMBOLS: SORTED ALPHABETICALLY BY Name 

address   name                          
-------   ----                          
00000d23  ACCEL_INIT                    
000030ab  ADC14_IRQHandler              
000030ab  AES256_IRQHandler             
000030ab  BusFault_Handler              
000030b9  C$$EXIT                       
000030ab  COMP_E0_IRQHandler            
000030ab  COMP_E1_IRQHandler            
000030ab  CS_IRQHandler                 
000030ab  DMA_ERR_IRQHandler            
000030ab  DMA_INT0_IRQHandler           
000030ab  DMA_INT1_IRQHandler           
000030ab  DMA_INT2_IRQHandler           
000030ab  DMA_INT3_IRQHandler           
000030ab  DebugMon_Handler              
000030ab  Default_Handler               
000030ab  EUSCIA0_IRQHandler            
000030ab  EUSCIA1_IRQHandler            
000030ab  EUSCIA2_IRQHandler            
000030ab  EUSCIA3_IRQHandler            
0000127d  EUSCIB0_IRQHandler            
0000127d  EUSCIB0_IRQHandler            
000030ab  EUSCIB1_IRQHandler            
000030ab  EUSCIB2_IRQHandler            
000030ab  EUSCIB3_IRQHandler            
000030ab  FLCTL_IRQHandler              
000030ab  FPU_IRQHandler                
000030ab  HardFault_Handler             
00000f11  I2C_INIT                      
00001853  LCD_CMD                       
0000182b  LCD_CTRL                      
00001741  LCD_INIT                      
000030ab  MemManage_Handler             
000030ab  NMI_Handler                   
000030ab  PCM_IRQHandler                
000030ab  PORT1_IRQHandler              
000030ab  PORT2_IRQHandler              
000030ab  PORT3_IRQHandler              
000030ab  PORT4_IRQHandler              
000030ab  PORT5_IRQHandler              
000030ab  PORT6_IRQHandler              
000030ab  PSS_IRQHandler                
000030ab  PendSV_Handler                
000030ab  RTC_C_IRQHandler              
0000119d  ReadEEPROM                    
0000309f  Reset_Handler                 
000030ab  SVC_Handler                   
000030ab  SysTick_Handler               
20000064  SystemCoreClock               
000012c5  SystemCoreClockUpdate         
0000153d  SystemInit                    
000030ab  T32_INT1_IRQHandler           
000030ab  T32_INT2_IRQHandler           
000030ab  T32_INTC_IRQHandler           
00000e4d  TA0_0_IRQHandler              
00000e4d  TA0_0_IRQHandler              
000030ab  TA0_N_IRQHandler              
000030ab  TA1_0_IRQHandler              
000030ab  TA1_N_IRQHandler              
000030ab  TA2_0_IRQHandler              
000030ab  TA2_N_IRQHandler              
000030ab  TA3_0_IRQHandler              
000030ab  TA3_N_IRQHandler              
00000e11  TIMER_INIT                    
20000068  TransmitFlag                  
000030ab  UsageFault_Handler            
4000480c  WDTCTL_SYM                    
000030ab  WDT_A_IRQHandler              
000010ef  WriteEEPROM                   
20010000  __STACK_END                   
00000200  __STACK_SIZE                  
000031f8  __TI_CINIT_Base               
00003208  __TI_CINIT_Limit              
000031e4  __TI_Handler_Table_Base       
000031f0  __TI_Handler_Table_Limit      
00002ea9  __TI_auto_init_nobinit_nopinit
00002c01  __TI_decompress_lzss          
00003091  __TI_decompress_none          
ffffffff  __TI_pprof_out_hndl           
000000e5  __TI_printfi                  
ffffffff  __TI_prof_data_size           
ffffffff  __TI_prof_data_start          
00000000  __TI_static_base__            
0000306d  __TI_zero_init_nomemset       
00002a0d  __aeabi_cdcmpeq               
00002a0d  __aeabi_cdcmple               
00002a93  __aeabi_cdrcmple              
00002e61  __aeabi_d2iz                  
00001fd7  __aeabi_dadd                  
000022c1  __aeabi_ddiv                  
0000272d  __aeabi_dmul                  
00001fcd  __aeabi_dsub                  
000030ad  __aeabi_errno_addr            
00002f65  __aeabi_f2d                   
00002fcd  __aeabi_i2d                   
00000b43  __aeabi_idiv0                 
00000b43  __aeabi_ldiv0                 
00002b19  __aeabi_memclr                
00002b19  __aeabi_memclr4               
00002b19  __aeabi_memclr8               
000028db  __aeabi_memcpy                
000028db  __aeabi_memcpy4               
000028db  __aeabi_memcpy8               
00002b1b  __aeabi_memset                
00002b1b  __aeabi_memset4               
00002b1b  __aeabi_memset8               
00002977  __aeabi_uldivmod              
ffffffff  __binit__                     
ffffffff  __c_args__                    
UNDEFED   __mpu_init                    
2000fe00  __stack                       
00002f2d  _c_int00_noargs               
000030bc  _ctypes_                      
UNDEFED   _system_post_cinit            
000030b5  _system_pre_init              
000030b9  abort                         
00002dc9  atoi                          
ffffffff  binit                         
00000d9d  calcYVel                      
000016e1  clear_LCD                     
00003045  copysign                      
00003045  copysignl                     
000018fd  delay_ms                      
00001a0b  delay_us                      
20000060  errno                         
00002c69  frexp                         
00002c69  frexpl                        
000016c9  home_LCD                      
00000000  interruptVectors              
00002519  ldexp                         
00002519  ldexpl                        
000016f9  line_clear_LCD                
00002d23  ltoa                          
00000b45  main                          
00000cdb  measSixtyTime                 
00000d2f  measYAccel                    
00002ffb  memccpy                       
000028db  memcpy                        
00002b21  memset                        
00000fcb  readByte_I2C                  
0000104f  readMulti_I2C                 
00002519  scalbn                        
00002519  scalbnl                       
00002629  set_DCO                       
00002e15  snprintf                      
0000302f  strchr                        
00003059  strlen                        
0000307f  wcslen                        
00000f63  writeByte_I2C                 
00000c07  writeDisp                     
000015f9  write_char_LCD                
0000164b  write_string_LCD              


GLOBAL SYMBOLS: SORTED BY Symbol Address 

address   name                          
-------   ----                          
00000000  __TI_static_base__            
00000000  interruptVectors              
000000e5  __TI_printfi                  
00000200  __STACK_SIZE                  
00000b43  __aeabi_idiv0                 
00000b43  __aeabi_ldiv0                 
00000b45  main                          
00000c07  writeDisp                     
00000cdb  measSixtyTime                 
00000d23  ACCEL_INIT                    
00000d2f  measYAccel                    
00000d9d  calcYVel                      
00000e11  TIMER_INIT                    
00000e4d  TA0_0_IRQHandler              
00000e4d  TA0_0_IRQHandler              
00000f11  I2C_INIT                      
00000f63  writeByte_I2C                 
00000fcb  readByte_I2C                  
0000104f  readMulti_I2C                 
000010ef  WriteEEPROM                   
0000119d  ReadEEPROM                    
0000127d  EUSCIB0_IRQHandler            
0000127d  EUSCIB0_IRQHandler            
000012c5  SystemCoreClockUpdate         
0000153d  SystemInit                    
000015f9  write_char_LCD                
0000164b  write_string_LCD              
000016c9  home_LCD                      
000016e1  clear_LCD                     
000016f9  line_clear_LCD                
00001741  LCD_INIT                      
0000182b  LCD_CTRL                      
00001853  LCD_CMD                       
000018fd  delay_ms                      
00001a0b  delay_us                      
00001fcd  __aeabi_dsub                  
00001fd7  __aeabi_dadd                  
000022c1  __aeabi_ddiv                  
00002519  ldexp                         
00002519  ldexpl                        
00002519  scalbn                        
00002519  scalbnl                       
00002629  set_DCO                       
0000272d  __aeabi_dmul                  
000028db  __aeabi_memcpy                
000028db  __aeabi_memcpy4               
000028db  __aeabi_memcpy8               
000028db  memcpy                        
00002977  __aeabi_uldivmod              
00002a0d  __aeabi_cdcmpeq               
00002a0d  __aeabi_cdcmple               
00002a93  __aeabi_cdrcmple              
00002b19  __aeabi_memclr                
00002b19  __aeabi_memclr4               
00002b19  __aeabi_memclr8               
00002b1b  __aeabi_memset                
00002b1b  __aeabi_memset4               
00002b1b  __aeabi_memset8               
00002b21  memset                        
00002c01  __TI_decompress_lzss          
00002c69  frexp                         
00002c69  frexpl                        
00002d23  ltoa                          
00002dc9  atoi                          
00002e15  snprintf                      
00002e61  __aeabi_d2iz                  
00002ea9  __TI_auto_init_nobinit_nopinit
00002f2d  _c_int00_noargs               
00002f65  __aeabi_f2d                   
00002fcd  __aeabi_i2d                   
00002ffb  memccpy                       
0000302f  strchr                        
00003045  copysign                      
00003045  copysignl                     
00003059  strlen                        
0000306d  __TI_zero_init_nomemset       
0000307f  wcslen                        
00003091  __TI_decompress_none          
0000309f  Reset_Handler                 
000030ab  ADC14_IRQHandler              
000030ab  AES256_IRQHandler             
000030ab  BusFault_Handler              
000030ab  COMP_E0_IRQHandler            
000030ab  COMP_E1_IRQHandler            
000030ab  CS_IRQHandler                 
000030ab  DMA_ERR_IRQHandler            
000030ab  DMA_INT0_IRQHandler           
000030ab  DMA_INT1_IRQHandler           
000030ab  DMA_INT2_IRQHandler           
000030ab  DMA_INT3_IRQHandler           
000030ab  DebugMon_Handler              
000030ab  Default_Handler               
000030ab  EUSCIA0_IRQHandler            
000030ab  EUSCIA1_IRQHandler            
000030ab  EUSCIA2_IRQHandler            
000030ab  EUSCIA3_IRQHandler            
000030ab  EUSCIB1_IRQHandler            
000030ab  EUSCIB2_IRQHandler            
000030ab  EUSCIB3_IRQHandler            
000030ab  FLCTL_IRQHandler              
000030ab  FPU_IRQHandler                
000030ab  HardFault_Handler             
000030ab  MemManage_Handler             
000030ab  NMI_Handler                   
000030ab  PCM_IRQHandler                
000030ab  PORT1_IRQHandler              
000030ab  PORT2_IRQHandler              
000030ab  PORT3_IRQHandler              
000030ab  PORT4_IRQHandler              
000030ab  PORT5_IRQHandler              
000030ab  PORT6_IRQHandler              
000030ab  PSS_IRQHandler                
000030ab  PendSV_Handler                
000030ab  RTC_C_IRQHandler              
000030ab  SVC_Handler                   
000030ab  SysTick_Handler               
000030ab  T32_INT1_IRQHandler           
000030ab  T32_INT2_IRQHandler           
000030ab  T32_INTC_IRQHandler           
000030ab  TA0_N_IRQHandler              
000030ab  TA1_0_IRQHandler              
000030ab  TA1_N_IRQHandler              
000030ab  TA2_0_IRQHandler              
000030ab  TA2_N_IRQHandler              
000030ab  TA3_0_IRQHandler              
000030ab  TA3_N_IRQHandler              
000030ab  UsageFault_Handler            
000030ab  WDT_A_IRQHandler              
000030ad  __aeabi_errno_addr            
000030b5  _system_pre_init              
000030b9  C$$EXIT                       
000030b9  abort                         
000030bc  _ctypes_                      
000031e4  __TI_Handler_Table_Base       
000031f0  __TI_Handler_Table_Limit      
000031f8  __TI_CINIT_Base               
00003208  __TI_CINIT_Limit              
20000060  errno                         
20000064  SystemCoreClock               
20000068  TransmitFlag                  
2000fe00  __stack                       
20010000  __STACK_END                   
4000480c  WDTCTL_SYM                    
ffffffff  __TI_pprof_out_hndl           
ffffffff  __TI_prof_data_size           
ffffffff  __TI_prof_data_start          
ffffffff  __binit__                     
ffffffff  __c_args__                    
ffffffff  binit                         
UNDEFED   __mpu_init                    
UNDEFED   _system_post_cinit            

[151 symbols]
