<?xml version="1.0" encoding="ISO-8859-1" ?>
<link_info>
   <banner>TI ARM Linker PC v18.1.1.LTS</banner>
   <copyright>Copyright (c) 1996-2017 Texas Instruments Incorporated</copyright>
   <link_time>0x5b2429bd</link_time>
   <link_errors>0x0</link_errors>
   <output_file>P4.out</output_file>
   <entry_point>
      <name>_c_int00_noargs</name>
      <address>0x2ed1</address>
   </entry_point>
   <input_file_list>
      <input_file id="fl-2">
         <path>.\</path>
         <kind>object</kind>
         <file>I2C.obj</file>
         <name>I2C.obj</name>
      </input_file>
      <input_file id="fl-3">
         <path>.\</path>
         <kind>object</kind>
         <file>LCD.obj</file>
         <name>LCD.obj</name>
      </input_file>
      <input_file id="fl-4">
         <path>.\</path>
         <kind>object</kind>
         <file>delays.obj</file>
         <name>delays.obj</name>
      </input_file>
      <input_file id="fl-5">
         <path>.\</path>
         <kind>object</kind>
         <file>keypad.obj</file>
         <name>keypad.obj</name>
      </input_file>
      <input_file id="fl-6">
         <path>.\</path>
         <kind>object</kind>
         <file>main.obj</file>
         <name>main.obj</name>
      </input_file>
      <input_file id="fl-7">
         <path>.\</path>
         <kind>object</kind>
         <file>set_DCO.obj</file>
         <name>set_DCO.obj</name>
      </input_file>
      <input_file id="fl-8">
         <path>.\</path>
         <kind>object</kind>
         <file>startup_msp432p401r_ccs.obj</file>
         <name>startup_msp432p401r_ccs.obj</name>
      </input_file>
      <input_file id="fl-9">
         <path>.\</path>
         <kind>object</kind>
         <file>system_msp432p401r.obj</file>
         <name>system_msp432p401r.obj</name>
      </input_file>
      <input_file id="fl-d">
         <kind>object</kind>
         <file>&lt;internal&gt;</file>
         <name>&lt;internal&gt;</name>
      </input_file>
      <input_file id="fl-c3">
         <path>C:\ti\ccsv8\tools\compiler\ti-cgt-arm_18.1.1.LTS\lib\</path>
         <kind>archive</kind>
         <file>rtsv7M4_T_le_v4SPD16_eabi.lib</file>
         <name>memcpy_t2.asm.obj</name>
      </input_file>
      <input_file id="fl-c4">
         <path>C:\ti\ccsv8\tools\compiler\ti-cgt-arm_18.1.1.LTS\lib\</path>
         <kind>archive</kind>
         <file>rtsv7M4_T_le_v4SPD16_eabi.lib</file>
         <name>copy_zero_init.c.obj</name>
      </input_file>
      <input_file id="fl-c5">
         <path>C:\ti\ccsv8\tools\compiler\ti-cgt-arm_18.1.1.LTS\lib\</path>
         <kind>archive</kind>
         <file>rtsv7M4_T_le_v4SPD16_eabi.lib</file>
         <name>copy_decompress_none.c.obj</name>
      </input_file>
      <input_file id="fl-c6">
         <path>C:\ti\ccsv8\tools\compiler\ti-cgt-arm_18.1.1.LTS\lib\</path>
         <kind>archive</kind>
         <file>rtsv7M4_T_le_v4SPD16_eabi.lib</file>
         <name>copy_decompress_lzss.c.obj</name>
      </input_file>
      <input_file id="fl-c7">
         <path>C:\ti\ccsv8\tools\compiler\ti-cgt-arm_18.1.1.LTS\lib\</path>
         <kind>archive</kind>
         <file>rtsv7M4_T_le_v4SPD16_eabi.lib</file>
         <name>boot_cortex_m.c.obj</name>
      </input_file>
      <input_file id="fl-c8">
         <path>C:\ti\ccsv8\tools\compiler\ti-cgt-arm_18.1.1.LTS\lib\</path>
         <kind>archive</kind>
         <file>rtsv7M4_T_le_v4SPD16_eabi.lib</file>
         <name>exit.c.obj</name>
      </input_file>
      <input_file id="fl-c9">
         <path>C:\ti\ccsv8\tools\compiler\ti-cgt-arm_18.1.1.LTS\lib\</path>
         <kind>archive</kind>
         <file>rtsv7M4_T_le_v4SPD16_eabi.lib</file>
         <name>_lock.c.obj</name>
      </input_file>
      <input_file id="fl-ca">
         <path>C:\ti\ccsv8\tools\compiler\ti-cgt-arm_18.1.1.LTS\lib\</path>
         <kind>archive</kind>
         <file>rtsv7M4_T_le_v4SPD16_eabi.lib</file>
         <name>args_main.c.obj</name>
      </input_file>
      <input_file id="fl-cb">
         <path>C:\ti\ccsv8\tools\compiler\ti-cgt-arm_18.1.1.LTS\lib\</path>
         <kind>archive</kind>
         <file>rtsv7M4_T_le_v4SPD16_eabi.lib</file>
         <name>snprintf.c.obj</name>
      </input_file>
      <input_file id="fl-cc">
         <path>C:\ti\ccsv8\tools\compiler\ti-cgt-arm_18.1.1.LTS\lib\</path>
         <kind>archive</kind>
         <file>rtsv7M4_T_le_v4SPD16_eabi.lib</file>
         <name>strlen.c.obj</name>
      </input_file>
      <input_file id="fl-cd">
         <path>C:\ti\ccsv8\tools\compiler\ti-cgt-arm_18.1.1.LTS\lib\</path>
         <kind>archive</kind>
         <file>rtsv7M4_T_le_v4SPD16_eabi.lib</file>
         <name>memset_t2.asm.obj</name>
      </input_file>
      <input_file id="fl-ce">
         <path>C:\ti\ccsv8\tools\compiler\ti-cgt-arm_18.1.1.LTS\lib\</path>
         <kind>archive</kind>
         <file>rtsv7M4_T_le_v4SPD16_eabi.lib</file>
         <name>autoinit.c.obj</name>
      </input_file>
      <input_file id="fl-cf">
         <path>C:\ti\ccsv8\tools\compiler\ti-cgt-arm_18.1.1.LTS\lib\</path>
         <kind>archive</kind>
         <file>rtsv7M4_T_le_v4SPD16_eabi.lib</file>
         <name>pre_init.c.obj</name>
      </input_file>
      <input_file id="fl-d0">
         <path>C:\ti\ccsv8\tools\compiler\ti-cgt-arm_18.1.1.LTS\lib\</path>
         <kind>archive</kind>
         <file>rtsv7M4_T_le_v4SPD16_eabi.lib</file>
         <name>cpy_tbl.c.obj</name>
      </input_file>
      <input_file id="fl-d1">
         <path>C:\ti\ccsv8\tools\compiler\ti-cgt-arm_18.1.1.LTS\lib\</path>
         <kind>archive</kind>
         <file>rtsv7M4_T_le_v4SPD16_eabi.lib</file>
         <name>_printfi.c.obj</name>
      </input_file>
      <input_file id="fl-d2">
         <path>C:\ti\ccsv8\tools\compiler\ti-cgt-arm_18.1.1.LTS\lib\</path>
         <kind>archive</kind>
         <file>rtsv7M4_T_le_v4SPD16_eabi.lib</file>
         <name>atoi.c.obj</name>
      </input_file>
      <input_file id="fl-d3">
         <path>C:\ti\ccsv8\tools\compiler\ti-cgt-arm_18.1.1.LTS\lib\</path>
         <kind>archive</kind>
         <file>rtsv7M4_T_le_v4SPD16_eabi.lib</file>
         <name>ctype.c.obj</name>
      </input_file>
      <input_file id="fl-d4">
         <path>C:\ti\ccsv8\tools\compiler\ti-cgt-arm_18.1.1.LTS\lib\</path>
         <kind>archive</kind>
         <file>rtsv7M4_T_le_v4SPD16_eabi.lib</file>
         <name>ltoa.c.obj</name>
      </input_file>
      <input_file id="fl-d5">
         <path>C:\ti\ccsv8\tools\compiler\ti-cgt-arm_18.1.1.LTS\lib\</path>
         <kind>archive</kind>
         <file>rtsv7M4_T_le_v4SPD16_eabi.lib</file>
         <name>memccpy.c.obj</name>
      </input_file>
      <input_file id="fl-d6">
         <path>C:\ti\ccsv8\tools\compiler\ti-cgt-arm_18.1.1.LTS\lib\</path>
         <kind>archive</kind>
         <file>rtsv7M4_T_le_v4SPD16_eabi.lib</file>
         <name>strchr.c.obj</name>
      </input_file>
      <input_file id="fl-d7">
         <path>C:\ti\ccsv8\tools\compiler\ti-cgt-arm_18.1.1.LTS\lib\</path>
         <kind>archive</kind>
         <file>rtsv7M4_T_le_v4SPD16_eabi.lib</file>
         <name>s_frexp.c.obj</name>
      </input_file>
      <input_file id="fl-d8">
         <path>C:\ti\ccsv8\tools\compiler\ti-cgt-arm_18.1.1.LTS\lib\</path>
         <kind>archive</kind>
         <file>rtsv7M4_T_le_v4SPD16_eabi.lib</file>
         <name>s_scalbn.c.obj</name>
      </input_file>
      <input_file id="fl-d9">
         <path>C:\ti\ccsv8\tools\compiler\ti-cgt-arm_18.1.1.LTS\lib\</path>
         <kind>archive</kind>
         <file>rtsv7M4_T_le_v4SPD16_eabi.lib</file>
         <name>s_copysign.c.obj</name>
      </input_file>
      <input_file id="fl-da">
         <path>C:\ti\ccsv8\tools\compiler\ti-cgt-arm_18.1.1.LTS\lib\</path>
         <kind>archive</kind>
         <file>rtsv7M4_T_le_v4SPD16_eabi.lib</file>
         <name>wcslen.c.obj</name>
      </input_file>
      <input_file id="fl-db">
         <path>C:\ti\ccsv8\tools\compiler\ti-cgt-arm_18.1.1.LTS\lib\</path>
         <kind>archive</kind>
         <file>rtsv7M4_T_le_v4SPD16_eabi.lib</file>
         <name>fd_add_t2.asm.obj</name>
      </input_file>
      <input_file id="fl-dc">
         <path>C:\ti\ccsv8\tools\compiler\ti-cgt-arm_18.1.1.LTS\lib\</path>
         <kind>archive</kind>
         <file>rtsv7M4_T_le_v4SPD16_eabi.lib</file>
         <name>fd_cmp_t2.asm.obj</name>
      </input_file>
      <input_file id="fl-dd">
         <path>C:\ti\ccsv8\tools\compiler\ti-cgt-arm_18.1.1.LTS\lib\</path>
         <kind>archive</kind>
         <file>rtsv7M4_T_le_v4SPD16_eabi.lib</file>
         <name>fd_div_t2.asm.obj</name>
      </input_file>
      <input_file id="fl-de">
         <path>C:\ti\ccsv8\tools\compiler\ti-cgt-arm_18.1.1.LTS\lib\</path>
         <kind>archive</kind>
         <file>rtsv7M4_T_le_v4SPD16_eabi.lib</file>
         <name>fd_mul_t2.asm.obj</name>
      </input_file>
      <input_file id="fl-df">
         <path>C:\ti\ccsv8\tools\compiler\ti-cgt-arm_18.1.1.LTS\lib\</path>
         <kind>archive</kind>
         <file>rtsv7M4_T_le_v4SPD16_eabi.lib</file>
         <name>fd_toi_t2.asm.obj</name>
      </input_file>
      <input_file id="fl-e0">
         <path>C:\ti\ccsv8\tools\compiler\ti-cgt-arm_18.1.1.LTS\lib\</path>
         <kind>archive</kind>
         <file>rtsv7M4_T_le_v4SPD16_eabi.lib</file>
         <name>i_tofd_t2.asm.obj</name>
      </input_file>
      <input_file id="fl-e1">
         <path>C:\ti\ccsv8\tools\compiler\ti-cgt-arm_18.1.1.LTS\lib\</path>
         <kind>archive</kind>
         <file>rtsv7M4_T_le_v4SPD16_eabi.lib</file>
         <name>ull_div_t2.asm.obj</name>
      </input_file>
      <input_file id="fl-e2">
         <path>C:\ti\ccsv8\tools\compiler\ti-cgt-arm_18.1.1.LTS\lib\</path>
         <kind>archive</kind>
         <file>rtsv7M4_T_le_v4SPD16_eabi.lib</file>
         <name>errno.c.obj</name>
      </input_file>
      <input_file id="fl-e3">
         <path>C:\ti\ccsv8\tools\compiler\ti-cgt-arm_18.1.1.LTS\lib\</path>
         <kind>archive</kind>
         <file>rtsv7M4_T_le_v4SPD16_eabi.lib</file>
         <name>div0.asm.obj</name>
      </input_file>
   </input_file_list>
   <object_component_list>
      <object_component id="oc-23">
         <name>.intvecs:retain</name>
         <load_address>0x0</load_address>
         <run_address>0x0</run_address>
         <size>0xe4</size>
         <input_file_ref idref="fl-8"/>
      </object_component>
      <object_component id="oc-147">
         <name>.text:__TI_printfi</name>
         <load_address>0xe4</load_address>
         <run_address>0xe4</run_address>
         <size>0xa5e</size>
         <input_file_ref idref="fl-d1"/>
      </object_component>
      <object_component id="oc-2b3">
         <name>.text</name>
         <load_address>0xb42</load_address>
         <run_address>0xb42</run_address>
         <size>0x2</size>
         <input_file_ref idref="fl-e3"/>
      </object_component>
      <object_component id="oc-6a">
         <name>.text</name>
         <load_address>0xb44</load_address>
         <run_address>0xb44</run_address>
         <size>0x428</size>
         <input_file_ref idref="fl-6"/>
      </object_component>
      <object_component id="oc-a8">
         <name>.text</name>
         <load_address>0xf6c</load_address>
         <run_address>0xf6c</run_address>
         <size>0x334</size>
         <input_file_ref idref="fl-9"/>
      </object_component>
      <object_component id="oc-b5">
         <name>.text</name>
         <load_address>0x12a0</load_address>
         <run_address>0x12a0</run_address>
         <size>0x304</size>
         <input_file_ref idref="fl-3"/>
      </object_component>
      <object_component id="oc-132">
         <name>.text</name>
         <load_address>0x15a4</load_address>
         <run_address>0x15a4</run_address>
         <size>0x290</size>
         <input_file_ref idref="fl-4"/>
      </object_component>
      <object_component id="oc-1da">
         <name>.text:_pconv_a</name>
         <load_address>0x1834</load_address>
         <run_address>0x1834</run_address>
         <size>0x270</size>
         <input_file_ref idref="fl-d1"/>
      </object_component>
      <object_component id="oc-1c8">
         <name>.text:_pconv_g</name>
         <load_address>0x1aa4</load_address>
         <run_address>0x1aa4</run_address>
         <size>0x1d0</size>
         <input_file_ref idref="fl-d1"/>
      </object_component>
      <object_component id="oc-252">
         <name>.text</name>
         <load_address>0x1c74</load_address>
         <run_address>0x1c74</run_address>
         <size>0x1b6</size>
         <input_file_ref idref="fl-db"/>
      </object_component>
      <object_component id="oc-70">
         <name>.text</name>
         <load_address>0x1e2c</load_address>
         <run_address>0x1e2c</run_address>
         <size>0x198</size>
         <input_file_ref idref="fl-2"/>
      </object_component>
      <object_component id="oc-bb">
         <name>.text</name>
         <load_address>0x1fc4</load_address>
         <run_address>0x1fc4</run_address>
         <size>0x164</size>
         <input_file_ref idref="fl-5"/>
      </object_component>
      <object_component id="oc-1d4">
         <name>.text:_pconv_e</name>
         <load_address>0x2128</load_address>
         <run_address>0x2128</run_address>
         <size>0x13c</size>
         <input_file_ref idref="fl-d1"/>
      </object_component>
      <object_component id="oc-238">
         <name>.text</name>
         <load_address>0x2264</load_address>
         <run_address>0x2264</run_address>
         <size>0x136</size>
         <input_file_ref idref="fl-dd"/>
      </object_component>
      <object_component id="oc-264">
         <name>.text:fcvt</name>
         <load_address>0x239c</load_address>
         <run_address>0x239c</run_address>
         <size>0x120</size>
         <input_file_ref idref="fl-d1"/>
      </object_component>
      <object_component id="oc-278">
         <name>.text:scalbn</name>
         <load_address>0x24bc</load_address>
         <run_address>0x24bc</run_address>
         <size>0x110</size>
         <input_file_ref idref="fl-d8"/>
      </object_component>
      <object_component id="oc-af">
         <name>.text</name>
         <load_address>0x25cc</load_address>
         <run_address>0x25cc</run_address>
         <size>0x104</size>
         <input_file_ref idref="fl-7"/>
      </object_component>
      <object_component id="oc-233">
         <name>.text</name>
         <load_address>0x26d0</load_address>
         <run_address>0x26d0</run_address>
         <size>0xfc</size>
         <input_file_ref idref="fl-de"/>
      </object_component>
      <object_component id="oc-1bd">
         <name>.text:_ltostr</name>
         <load_address>0x27cc</load_address>
         <run_address>0x27cc</run_address>
         <size>0xb1</size>
         <input_file_ref idref="fl-d1"/>
      </object_component>
      <object_component id="oc-34">
         <name>.text</name>
         <load_address>0x287e</load_address>
         <run_address>0x287e</run_address>
         <size>0x9c</size>
         <input_file_ref idref="fl-c3"/>
      </object_component>
      <object_component id="oc-22c">
         <name>.text</name>
         <load_address>0x291a</load_address>
         <run_address>0x291a</run_address>
         <size>0x96</size>
         <input_file_ref idref="fl-e1"/>
      </object_component>
      <object_component id="oc-1c3">
         <name>.text:__aeabi_cdcmple</name>
         <load_address>0x29b0</load_address>
         <run_address>0x29b0</run_address>
         <size>0x86</size>
         <input_file_ref idref="fl-dc"/>
      </object_component>
      <object_component id="oc-23d">
         <name>.text:__aeabi_cdrcmple</name>
         <load_address>0x2a36</load_address>
         <run_address>0x2a36</run_address>
         <size>0x86</size>
         <input_file_ref idref="fl-dc"/>
      </object_component>
      <object_component id="oc-90">
         <name>.text</name>
         <load_address>0x2abc</load_address>
         <run_address>0x2abc</run_address>
         <size>0x7a</size>
         <input_file_ref idref="fl-cd"/>
      </object_component>
      <object_component id="oc-25d">
         <name>.text:_mcpy</name>
         <load_address>0x2b36</load_address>
         <run_address>0x2b36</run_address>
         <size>0x6e</size>
         <input_file_ref idref="fl-d1"/>
      </object_component>
      <object_component id="oc-14">
         <name>.text:decompress:lzss:__TI_decompress_lzss</name>
         <load_address>0x2ba4</load_address>
         <run_address>0x2ba4</run_address>
         <size>0x68</size>
         <input_file_ref idref="fl-c6"/>
      </object_component>
      <object_component id="oc-272">
         <name>.text:frexp</name>
         <load_address>0x2c0c</load_address>
         <run_address>0x2c0c</run_address>
         <size>0x64</size>
         <input_file_ref idref="fl-d7"/>
      </object_component>
      <object_component id="oc-1ce">
         <name>.text:_pconv_f</name>
         <load_address>0x2c70</load_address>
         <run_address>0x2c70</run_address>
         <size>0x56</size>
         <input_file_ref idref="fl-d1"/>
      </object_component>
      <object_component id="oc-247">
         <name>.text:ltoa</name>
         <load_address>0x2cc6</load_address>
         <run_address>0x2cc6</run_address>
         <size>0x54</size>
         <input_file_ref idref="fl-d4"/>
      </object_component>
      <object_component id="oc-257">
         <name>.text:_ecpy</name>
         <load_address>0x2d1a</load_address>
         <run_address>0x2d1a</run_address>
         <size>0x52</size>
         <input_file_ref idref="fl-d1"/>
      </object_component>
      <object_component id="oc-1b7">
         <name>.text:atoi</name>
         <load_address>0x2d6c</load_address>
         <run_address>0x2d6c</run_address>
         <size>0x4c</size>
         <input_file_ref idref="fl-d2"/>
      </object_component>
      <object_component id="oc-c1">
         <name>.text:snprintf</name>
         <load_address>0x2db8</load_address>
         <run_address>0x2db8</run_address>
         <size>0x4c</size>
         <input_file_ref idref="fl-cb"/>
      </object_component>
      <object_component id="oc-242">
         <name>.text</name>
         <load_address>0x2e04</load_address>
         <run_address>0x2e04</run_address>
         <size>0x48</size>
         <input_file_ref idref="fl-df"/>
      </object_component>
      <object_component id="oc-fb">
         <name>.text:__TI_auto_init_nobinit_nopinit:__TI_auto_init_nobinit_nopinit</name>
         <load_address>0x2e4c</load_address>
         <run_address>0x2e4c</run_address>
         <size>0x44</size>
         <input_file_ref idref="fl-ce"/>
      </object_component>
      <object_component id="oc-26a">
         <name>.text:_fcpy</name>
         <load_address>0x2e90</load_address>
         <run_address>0x2e90</run_address>
         <size>0x3e</size>
         <input_file_ref idref="fl-d1"/>
      </object_component>
      <object_component id="oc-52">
         <name>.text:_c_int00_noargs:_c_int00_noargs</name>
         <load_address>0x2ed0</load_address>
         <run_address>0x2ed0</run_address>
         <size>0x38</size>
         <input_file_ref idref="fl-c7"/>
      </object_component>
      <object_component id="oc-14d">
         <name>.text:_outs</name>
         <load_address>0x2f08</load_address>
         <run_address>0x2f08</run_address>
         <size>0x30</size>
         <input_file_ref idref="fl-cb"/>
      </object_component>
      <object_component id="oc-24d">
         <name>.text</name>
         <load_address>0x2f38</load_address>
         <run_address>0x2f38</run_address>
         <size>0x2e</size>
         <input_file_ref idref="fl-e0"/>
      </object_component>
      <object_component id="oc-1e0">
         <name>.text:memccpy</name>
         <load_address>0x2f66</load_address>
         <run_address>0x2f66</run_address>
         <size>0x1c</size>
         <input_file_ref idref="fl-d5"/>
      </object_component>
      <object_component id="oc-153">
         <name>.text:_outc</name>
         <load_address>0x2f82</load_address>
         <run_address>0x2f82</run_address>
         <size>0x18</size>
         <input_file_ref idref="fl-cb"/>
      </object_component>
      <object_component id="oc-27e">
         <name>.text:strchr</name>
         <load_address>0x2f9a</load_address>
         <run_address>0x2f9a</run_address>
         <size>0x16</size>
         <input_file_ref idref="fl-d6"/>
      </object_component>
      <object_component id="oc-2cc">
         <name>.text:copysign</name>
         <load_address>0x2fb0</load_address>
         <run_address>0x2fb0</run_address>
         <size>0x14</size>
         <input_file_ref idref="fl-d9"/>
      </object_component>
      <object_component id="oc-138">
         <name>.text:strlen</name>
         <load_address>0x2fc4</load_address>
         <run_address>0x2fc4</run_address>
         <size>0x14</size>
         <input_file_ref idref="fl-cc"/>
      </object_component>
      <object_component id="oc-40">
         <name>.text:decompress:ZI:__TI_zero_init_nomemset:__TI_zero_init_nomemset</name>
         <load_address>0x2fd8</load_address>
         <run_address>0x2fd8</run_address>
         <size>0x12</size>
         <input_file_ref idref="fl-c4"/>
      </object_component>
      <object_component id="oc-1e6">
         <name>.text:wcslen</name>
         <load_address>0x2fea</load_address>
         <run_address>0x2fea</run_address>
         <size>0x12</size>
         <input_file_ref idref="fl-da"/>
      </object_component>
      <object_component id="oc-1a">
         <name>.text:decompress:none:__TI_decompress_none</name>
         <load_address>0x2ffc</load_address>
         <run_address>0x2ffc</run_address>
         <size>0xe</size>
         <input_file_ref idref="fl-c5"/>
      </object_component>
      <object_component id="oc-64">
         <name>.text</name>
         <load_address>0x300a</load_address>
         <run_address>0x300a</run_address>
         <size>0xe</size>
         <input_file_ref idref="fl-8"/>
      </object_component>
      <object_component id="oc-1ec">
         <name>.text:__aeabi_errno_addr</name>
         <load_address>0x3018</load_address>
         <run_address>0x3018</run_address>
         <size>0x8</size>
         <input_file_ref idref="fl-e2"/>
      </object_component>
      <object_component id="oc-96">
         <name>.text:_system_pre_init</name>
         <load_address>0x3020</load_address>
         <run_address>0x3020</run_address>
         <size>0x4</size>
         <input_file_ref idref="fl-cf"/>
      </object_component>
      <object_component id="oc-ef">
         <name>.text:abort:abort</name>
         <load_address>0x3024</load_address>
         <run_address>0x3024</run_address>
         <size>0x4</size>
         <input_file_ref idref="fl-c8"/>
      </object_component>
      <object_component id="oc-227">
         <name>.const:.string:_ctypes_</name>
         <load_address>0x3028</load_address>
         <run_address>0x3028</run_address>
         <size>0x101</size>
         <input_file_ref idref="fl-d3"/>
      </object_component>
      <object_component id="oc-13e">
         <name>.const:.string:$P$T0$1</name>
         <load_address>0x3129</load_address>
         <run_address>0x3129</run_address>
         <size>0x11</size>
         <input_file_ref idref="fl-3"/>
      </object_component>
      <object_component id="oc-328">
         <name>.cinit..data.load</name>
         <load_address>0x3140</load_address>
         <run_address>0x3140</run_address>
         <size>0x1a</size>
      </object_component>
      <object_component id="oc-326">
         <name>__TI_handler_table</name>
         <load_address>0x315c</load_address>
         <run_address>0x315c</run_address>
         <size>0xc</size>
      </object_component>
      <object_component id="oc-329">
         <name>.cinit..bss.load</name>
         <load_address>0x3168</load_address>
         <run_address>0x3168</run_address>
         <size>0x8</size>
      </object_component>
      <object_component id="oc-327">
         <name>__TI_cinit_table</name>
         <load_address>0x3170</load_address>
         <run_address>0x3170</run_address>
         <size>0x10</size>
      </object_component>
      <object_component id="oc-2fb">
         <name>.binit</name>
         <load_address>0x0</load_address>
         <run_address>0x0</run_address>
         <size>0x0</size>
      </object_component>
      <object_component id="oc-d4">
         <name>.data</name>
         <load_address>0x20000048</load_address>
         <run_address>0x20000048</run_address>
         <size>0x2</size>
         <input_file_ref idref="fl-2"/>
      </object_component>
      <object_component id="oc-143">
         <name>.data</name>
         <load_address>0x20000038</load_address>
         <run_address>0x20000038</run_address>
         <size>0x8</size>
         <input_file_ref idref="fl-5"/>
      </object_component>
      <object_component id="oc-c7">
         <name>.data</name>
         <load_address>0x20000000</load_address>
         <run_address>0x20000000</run_address>
         <size>0x38</size>
         <input_file_ref idref="fl-6"/>
      </object_component>
      <object_component id="oc-12d">
         <name>.data</name>
         <load_address>0x20000044</load_address>
         <run_address>0x20000044</run_address>
         <size>0x4</size>
         <input_file_ref idref="fl-9"/>
      </object_component>
      <object_component id="oc-28e">
         <name>.data</name>
         <load_address>0x20000040</load_address>
         <run_address>0x20000040</run_address>
         <size>0x4</size>
         <input_file_ref idref="fl-e2"/>
      </object_component>
      <object_component id="oc-ca">
         <name>.bss</name>
         <uninitialized>true</uninitialized>
         <run_address>0x2000004c</run_address>
         <size>0x4</size>
         <input_file_ref idref="fl-6"/>
      </object_component>
      <object_component id="oc-26">
         <name>.stack</name>
         <uninitialized>true</uninitialized>
         <run_address>0x2000fe00</run_address>
         <size>0x4</size>
         <input_file_ref idref="fl-c7"/>
      </object_component>
      <object_component id="oc-32a">
         <name>.stack</name>
         <uninitialized>true</uninitialized>
         <run_address>0x2000fe00</run_address>
         <size>0x0</size>
      </object_component>
      <object_component id="oc-186">
         <name>.debug_info</name>
         <load_address>0x0</load_address>
         <run_address>0x0</run_address>
         <size>0x553</size>
         <input_file_ref idref="fl-2"/>
      </object_component>
      <object_component id="oc-d5">
         <name>.debug_info</name>
         <load_address>0x553</load_address>
         <run_address>0x553</run_address>
         <size>0x104</size>
         <input_file_ref idref="fl-2"/>
      </object_component>
      <object_component id="oc-71">
         <name>.debug_info</name>
         <load_address>0x657</load_address>
         <run_address>0x657</run_address>
         <size>0x31d</size>
         <input_file_ref idref="fl-2"/>
      </object_component>
      <object_component id="oc-175">
         <name>.debug_info</name>
         <load_address>0x974</load_address>
         <run_address>0x974</run_address>
         <size>0x37e2</size>
         <input_file_ref idref="fl-2"/>
      </object_component>
      <object_component id="oc-17a">
         <name>.debug_info</name>
         <load_address>0x4156</load_address>
         <run_address>0x4156</run_address>
         <size>0x1055</size>
         <input_file_ref idref="fl-2"/>
      </object_component>
      <object_component id="oc-da">
         <name>.debug_info</name>
         <load_address>0x51ab</load_address>
         <run_address>0x51ab</run_address>
         <size>0x26b</size>
         <input_file_ref idref="fl-2"/>
      </object_component>
      <object_component id="oc-2f">
         <name>.debug_info</name>
         <load_address>0x5416</load_address>
         <run_address>0x5416</run_address>
         <size>0x84</size>
         <input_file_ref idref="fl-2"/>
      </object_component>
      <object_component id="oc-16e">
         <name>.debug_info</name>
         <load_address>0x549a</load_address>
         <run_address>0x549a</run_address>
         <size>0x297</size>
         <input_file_ref idref="fl-2"/>
      </object_component>
      <object_component id="oc-ce">
         <name>.debug_info</name>
         <load_address>0x5731</load_address>
         <run_address>0x5731</run_address>
         <size>0xbb</size>
         <input_file_ref idref="fl-2"/>
      </object_component>
      <object_component id="oc-142">
         <name>.debug_info</name>
         <load_address>0x57ec</load_address>
         <run_address>0x57ec</run_address>
         <size>0x5f0</size>
         <input_file_ref idref="fl-3"/>
      </object_component>
      <object_component id="oc-13f">
         <name>.debug_info</name>
         <load_address>0x5ddc</load_address>
         <run_address>0x5ddc</run_address>
         <size>0xf9</size>
         <input_file_ref idref="fl-3"/>
      </object_component>
      <object_component id="oc-b6">
         <name>.debug_info</name>
         <load_address>0x5ed5</load_address>
         <run_address>0x5ed5</run_address>
         <size>0x79d</size>
         <input_file_ref idref="fl-3"/>
      </object_component>
      <object_component id="oc-1b0">
         <name>.debug_info</name>
         <load_address>0x6672</load_address>
         <run_address>0x6672</run_address>
         <size>0x37e2</size>
         <input_file_ref idref="fl-3"/>
      </object_component>
      <object_component id="oc-e6">
         <name>.debug_info</name>
         <load_address>0x9e54</load_address>
         <run_address>0x9e54</run_address>
         <size>0x2c</size>
         <input_file_ref idref="fl-3"/>
      </object_component>
      <object_component id="oc-135">
         <name>.debug_info</name>
         <load_address>0x9e80</load_address>
         <run_address>0x9e80</run_address>
         <size>0x28a</size>
         <input_file_ref idref="fl-4"/>
      </object_component>
      <object_component id="oc-144">
         <name>.debug_info</name>
         <load_address>0xa10a</load_address>
         <run_address>0xa10a</run_address>
         <size>0x118</size>
         <input_file_ref idref="fl-5"/>
      </object_component>
      <object_component id="oc-bd">
         <name>.debug_info</name>
         <load_address>0xa222</load_address>
         <run_address>0xa222</run_address>
         <size>0x351</size>
         <input_file_ref idref="fl-5"/>
      </object_component>
      <object_component id="oc-d3">
         <name>.debug_info</name>
         <load_address>0xa573</load_address>
         <run_address>0xa573</run_address>
         <size>0x70f</size>
         <input_file_ref idref="fl-6"/>
      </object_component>
      <object_component id="oc-cb">
         <name>.debug_info</name>
         <load_address>0xac82</load_address>
         <run_address>0xac82</run_address>
         <size>0xfa</size>
         <input_file_ref idref="fl-6"/>
      </object_component>
      <object_component id="oc-c8">
         <name>.debug_info</name>
         <load_address>0xad7c</load_address>
         <run_address>0xad7c</run_address>
         <size>0x278</size>
         <input_file_ref idref="fl-6"/>
      </object_component>
      <object_component id="oc-6b">
         <name>.debug_info</name>
         <load_address>0xaff4</load_address>
         <run_address>0xaff4</run_address>
         <size>0x701</size>
         <input_file_ref idref="fl-6"/>
      </object_component>
      <object_component id="oc-17f">
         <name>.debug_info</name>
         <load_address>0xb6f5</load_address>
         <run_address>0xb6f5</run_address>
         <size>0xcc</size>
         <input_file_ref idref="fl-6"/>
      </object_component>
      <object_component id="oc-165">
         <name>.debug_info</name>
         <load_address>0xb7c1</load_address>
         <run_address>0xb7c1</run_address>
         <size>0x2c</size>
         <input_file_ref idref="fl-6"/>
      </object_component>
      <object_component id="oc-b1">
         <name>.debug_info</name>
         <load_address>0xb7ed</load_address>
         <run_address>0xb7ed</run_address>
         <size>0x151</size>
         <input_file_ref idref="fl-7"/>
      </object_component>
      <object_component id="oc-78">
         <name>.debug_info</name>
         <load_address>0xb93e</load_address>
         <run_address>0xb93e</run_address>
         <size>0x2f4</size>
         <input_file_ref idref="fl-8"/>
      </object_component>
      <object_component id="oc-24">
         <name>.debug_info</name>
         <load_address>0xbc32</load_address>
         <run_address>0xbc32</run_address>
         <size>0x120</size>
         <input_file_ref idref="fl-8"/>
      </object_component>
      <object_component id="oc-65">
         <name>.debug_info</name>
         <load_address>0xbd52</load_address>
         <run_address>0xbd52</run_address>
         <size>0x1e7</size>
         <input_file_ref idref="fl-8"/>
      </object_component>
      <object_component id="oc-12e">
         <name>.debug_info</name>
         <load_address>0xbf39</load_address>
         <run_address>0xbf39</run_address>
         <size>0x119</size>
         <input_file_ref idref="fl-9"/>
      </object_component>
      <object_component id="oc-a9">
         <name>.debug_info</name>
         <load_address>0xc052</load_address>
         <run_address>0xc052</run_address>
         <size>0x28b</size>
         <input_file_ref idref="fl-9"/>
      </object_component>
      <object_component id="oc-36">
         <name>.debug_info</name>
         <load_address>0xc2dd</load_address>
         <run_address>0xc2dd</run_address>
         <size>0x111</size>
         <input_file_ref idref="fl-c3"/>
      </object_component>
      <object_component id="oc-8f">
         <name>.debug_info</name>
         <load_address>0xc3ee</load_address>
         <run_address>0xc3ee</run_address>
         <size>0x313</size>
         <input_file_ref idref="fl-c4"/>
      </object_component>
      <object_component id="oc-42">
         <name>.debug_info</name>
         <load_address>0xc701</load_address>
         <run_address>0xc701</run_address>
         <size>0x1b4</size>
         <input_file_ref idref="fl-c4"/>
      </object_component>
      <object_component id="oc-8a">
         <name>.debug_info</name>
         <load_address>0xc8b5</load_address>
         <run_address>0xc8b5</run_address>
         <size>0x46</size>
         <input_file_ref idref="fl-c4"/>
      </object_component>
      <object_component id="oc-3f">
         <name>.debug_info</name>
         <load_address>0xc8fb</load_address>
         <run_address>0xc8fb</run_address>
         <size>0x29d</size>
         <input_file_ref idref="fl-c5"/>
      </object_component>
      <object_component id="oc-1e">
         <name>.debug_info</name>
         <load_address>0xcb98</load_address>
         <run_address>0xcb98</run_address>
         <size>0x1df</size>
         <input_file_ref idref="fl-c5"/>
      </object_component>
      <object_component id="oc-3a">
         <name>.debug_info</name>
         <load_address>0xcd77</load_address>
         <run_address>0xcd77</run_address>
         <size>0x46</size>
         <input_file_ref idref="fl-c5"/>
      </object_component>
      <object_component id="oc-82">
         <name>.debug_info</name>
         <load_address>0xcdbd</load_address>
         <run_address>0xcdbd</run_address>
         <size>0x2c</size>
         <input_file_ref idref="fl-c5"/>
      </object_component>
      <object_component id="oc-80">
         <name>.debug_info</name>
         <load_address>0xcde9</load_address>
         <run_address>0xcde9</run_address>
         <size>0x293</size>
         <input_file_ref idref="fl-c6"/>
      </object_component>
      <object_component id="oc-16">
         <name>.debug_info</name>
         <load_address>0xd07c</load_address>
         <run_address>0xd07c</run_address>
         <size>0x245</size>
         <input_file_ref idref="fl-c6"/>
      </object_component>
      <object_component id="oc-2a">
         <name>.debug_info</name>
         <load_address>0xd2c1</load_address>
         <run_address>0xd2c1</run_address>
         <size>0x60</size>
         <input_file_ref idref="fl-c6"/>
      </object_component>
      <object_component id="oc-df">
         <name>.debug_info</name>
         <load_address>0xd321</load_address>
         <run_address>0xd321</run_address>
         <size>0x46</size>
         <input_file_ref idref="fl-c6"/>
      </object_component>
      <object_component id="oc-7b">
         <name>.debug_info</name>
         <load_address>0xd367</load_address>
         <run_address>0xd367</run_address>
         <size>0x39</size>
         <input_file_ref idref="fl-c6"/>
      </object_component>
      <object_component id="oc-27">
         <name>.debug_info</name>
         <load_address>0xd3a0</load_address>
         <run_address>0xd3a0</run_address>
         <size>0x100</size>
         <input_file_ref idref="fl-c7"/>
      </object_component>
      <object_component id="oc-54">
         <name>.debug_info</name>
         <load_address>0xd4a0</load_address>
         <run_address>0xd4a0</run_address>
         <size>0x1a4</size>
         <input_file_ref idref="fl-c7"/>
      </object_component>
      <object_component id="oc-f1">
         <name>.debug_info</name>
         <load_address>0xd644</load_address>
         <run_address>0xd644</run_address>
         <size>0x117</size>
         <input_file_ref idref="fl-c8"/>
      </object_component>
      <object_component id="oc-15a">
         <name>.debug_info</name>
         <load_address>0xd75b</load_address>
         <run_address>0xd75b</run_address>
         <size>0x32f</size>
         <input_file_ref idref="fl-cb"/>
      </object_component>
      <object_component id="oc-c4">
         <name>.debug_info</name>
         <load_address>0xda8a</load_address>
         <run_address>0xda8a</run_address>
         <size>0x1e3</size>
         <input_file_ref idref="fl-cb"/>
      </object_component>
      <object_component id="oc-150">
         <name>.debug_info</name>
         <load_address>0xdc6d</load_address>
         <run_address>0xdc6d</run_address>
         <size>0x1b8</size>
         <input_file_ref idref="fl-cb"/>
      </object_component>
      <object_component id="oc-157">
         <name>.debug_info</name>
         <load_address>0xde25</load_address>
         <run_address>0xde25</run_address>
         <size>0x16b</size>
         <input_file_ref idref="fl-cb"/>
      </object_component>
      <object_component id="oc-15b">
         <name>.debug_info</name>
         <load_address>0xdf90</load_address>
         <run_address>0xdf90</run_address>
         <size>0x2c</size>
         <input_file_ref idref="fl-cb"/>
      </object_component>
      <object_component id="oc-160">
         <name>.debug_info</name>
         <load_address>0xdfbc</load_address>
         <run_address>0xdfbc</run_address>
         <size>0x69</size>
         <input_file_ref idref="fl-cb"/>
      </object_component>
      <object_component id="oc-1ab">
         <name>.debug_info</name>
         <load_address>0xe025</load_address>
         <run_address>0xe025</run_address>
         <size>0x284</size>
         <input_file_ref idref="fl-cc"/>
      </object_component>
      <object_component id="oc-13a">
         <name>.debug_info</name>
         <load_address>0xe2a9</load_address>
         <run_address>0xe2a9</run_address>
         <size>0x22a</size>
         <input_file_ref idref="fl-cc"/>
      </object_component>
      <object_component id="oc-92">
         <name>.debug_info</name>
         <load_address>0xe4d3</load_address>
         <run_address>0xe4d3</run_address>
         <size>0x13f</size>
         <input_file_ref idref="fl-cd"/>
      </object_component>
      <object_component id="oc-192">
         <name>.debug_info</name>
         <load_address>0xe612</load_address>
         <run_address>0xe612</run_address>
         <size>0x547</size>
         <input_file_ref idref="fl-ce"/>
      </object_component>
      <object_component id="oc-fd">
         <name>.debug_info</name>
         <load_address>0xeb59</load_address>
         <run_address>0xeb59</run_address>
         <size>0x19b</size>
         <input_file_ref idref="fl-ce"/>
      </object_component>
      <object_component id="oc-214">
         <name>.debug_info</name>
         <load_address>0xecf4</load_address>
         <run_address>0xecf4</run_address>
         <size>0x39</size>
         <input_file_ref idref="fl-ce"/>
      </object_component>
      <object_component id="oc-2a2">
         <name>.debug_info</name>
         <load_address>0xed2d</load_address>
         <run_address>0xed2d</run_address>
         <size>0x39</size>
         <input_file_ref idref="fl-ce"/>
      </object_component>
      <object_component id="oc-219">
         <name>.debug_info</name>
         <load_address>0xed66</load_address>
         <run_address>0xed66</run_address>
         <size>0x39</size>
         <input_file_ref idref="fl-ce"/>
      </object_component>
      <object_component id="oc-21e">
         <name>.debug_info</name>
         <load_address>0xed9f</load_address>
         <run_address>0xed9f</run_address>
         <size>0xcd</size>
         <input_file_ref idref="fl-ce"/>
      </object_component>
      <object_component id="oc-98">
         <name>.debug_info</name>
         <load_address>0xee6c</load_address>
         <run_address>0xee6c</run_address>
         <size>0x148</size>
         <input_file_ref idref="fl-cf"/>
      </object_component>
      <object_component id="oc-1f3">
         <name>.debug_info</name>
         <load_address>0xefb4</load_address>
         <run_address>0xefb4</run_address>
         <size>0x8a6</size>
         <input_file_ref idref="fl-d1"/>
      </object_component>
      <object_component id="oc-1bf">
         <name>.debug_info</name>
         <load_address>0xf85a</load_address>
         <run_address>0xf85a</run_address>
         <size>0x213</size>
         <input_file_ref idref="fl-d1"/>
      </object_component>
      <object_component id="oc-259">
         <name>.debug_info</name>
         <load_address>0xfa6d</load_address>
         <run_address>0xfa6d</run_address>
         <size>0x1a8</size>
         <input_file_ref idref="fl-d1"/>
      </object_component>
      <object_component id="oc-25f">
         <name>.debug_info</name>
         <load_address>0xfc15</load_address>
         <run_address>0xfc15</run_address>
         <size>0x210</size>
         <input_file_ref idref="fl-d1"/>
      </object_component>
      <object_component id="oc-1c9">
         <name>.debug_info</name>
         <load_address>0xfe25</load_address>
         <run_address>0xfe25</run_address>
         <size>0x3b0</size>
         <input_file_ref idref="fl-d1"/>
      </object_component>
      <object_component id="oc-265">
         <name>.debug_info</name>
         <load_address>0x101d5</load_address>
         <run_address>0x101d5</run_address>
         <size>0x2fa</size>
         <input_file_ref idref="fl-d1"/>
      </object_component>
      <object_component id="oc-26b">
         <name>.debug_info</name>
         <load_address>0x104cf</load_address>
         <run_address>0x104cf</run_address>
         <size>0x20a</size>
         <input_file_ref idref="fl-d1"/>
      </object_component>
      <object_component id="oc-1cf">
         <name>.debug_info</name>
         <load_address>0x106d9</load_address>
         <run_address>0x106d9</run_address>
         <size>0x20a</size>
         <input_file_ref idref="fl-d1"/>
      </object_component>
      <object_component id="oc-1d5">
         <name>.debug_info</name>
         <load_address>0x108e3</load_address>
         <run_address>0x108e3</run_address>
         <size>0x2f9</size>
         <input_file_ref idref="fl-d1"/>
      </object_component>
      <object_component id="oc-1db">
         <name>.debug_info</name>
         <load_address>0x10bdc</load_address>
         <run_address>0x10bdc</run_address>
         <size>0x4a5</size>
         <input_file_ref idref="fl-d1"/>
      </object_component>
      <object_component id="oc-148">
         <name>.debug_info</name>
         <load_address>0x11081</load_address>
         <run_address>0x11081</run_address>
         <size>0x5cd</size>
         <input_file_ref idref="fl-d1"/>
      </object_component>
      <object_component id="oc-1f4">
         <name>.debug_info</name>
         <load_address>0x1164e</load_address>
         <run_address>0x1164e</run_address>
         <size>0x86</size>
         <input_file_ref idref="fl-d1"/>
      </object_component>
      <object_component id="oc-295">
         <name>.debug_info</name>
         <load_address>0x116d4</load_address>
         <run_address>0x116d4</run_address>
         <size>0x39</size>
         <input_file_ref idref="fl-d1"/>
      </object_component>
      <object_component id="oc-2e3">
         <name>.debug_info</name>
         <load_address>0x1170d</load_address>
         <run_address>0x1170d</run_address>
         <size>0xb6</size>
         <input_file_ref idref="fl-d1"/>
      </object_component>
      <object_component id="oc-29a">
         <name>.debug_info</name>
         <load_address>0x117c3</load_address>
         <run_address>0x117c3</run_address>
         <size>0x46</size>
         <input_file_ref idref="fl-d1"/>
      </object_component>
      <object_component id="oc-1f9">
         <name>.debug_info</name>
         <load_address>0x11809</load_address>
         <run_address>0x11809</run_address>
         <size>0x46</size>
         <input_file_ref idref="fl-d1"/>
      </object_component>
      <object_component id="oc-22b">
         <name>.debug_info</name>
         <load_address>0x1184f</load_address>
         <run_address>0x1184f</run_address>
         <size>0x2ae</size>
         <input_file_ref idref="fl-d2"/>
      </object_component>
      <object_component id="oc-1b8">
         <name>.debug_info</name>
         <load_address>0x11afd</load_address>
         <run_address>0x11afd</run_address>
         <size>0x171</size>
         <input_file_ref idref="fl-d2"/>
      </object_component>
      <object_component id="oc-2b0">
         <name>.debug_info</name>
         <load_address>0x11c6e</load_address>
         <run_address>0x11c6e</run_address>
         <size>0xee</size>
         <input_file_ref idref="fl-d3"/>
      </object_component>
      <object_component id="oc-228">
         <name>.debug_info</name>
         <load_address>0x11d5c</load_address>
         <run_address>0x11d5c</run_address>
         <size>0xfa</size>
         <input_file_ref idref="fl-d3"/>
      </object_component>
      <object_component id="oc-2be">
         <name>.debug_info</name>
         <load_address>0x11e56</load_address>
         <run_address>0x11e56</run_address>
         <size>0x290</size>
         <input_file_ref idref="fl-d4"/>
      </object_component>
      <object_component id="oc-24a">
         <name>.debug_info</name>
         <load_address>0x120e6</load_address>
         <run_address>0x120e6</run_address>
         <size>0x1c2</size>
         <input_file_ref idref="fl-d4"/>
      </object_component>
      <object_component id="oc-286">
         <name>.debug_info</name>
         <load_address>0x122a8</load_address>
         <run_address>0x122a8</run_address>
         <size>0x28b</size>
         <input_file_ref idref="fl-d5"/>
      </object_component>
      <object_component id="oc-1e1">
         <name>.debug_info</name>
         <load_address>0x12533</load_address>
         <run_address>0x12533</run_address>
         <size>0x1ab</size>
         <input_file_ref idref="fl-d5"/>
      </object_component>
      <object_component id="oc-2d5">
         <name>.debug_info</name>
         <load_address>0x126de</load_address>
         <run_address>0x126de</run_address>
         <size>0x28f</size>
         <input_file_ref idref="fl-d6"/>
      </object_component>
      <object_component id="oc-282">
         <name>.debug_info</name>
         <load_address>0x1296d</load_address>
         <run_address>0x1296d</run_address>
         <size>0x247</size>
         <input_file_ref idref="fl-d6"/>
      </object_component>
      <object_component id="oc-2c6">
         <name>.debug_info</name>
         <load_address>0x12bb4</load_address>
         <run_address>0x12bb4</run_address>
         <size>0x28f</size>
         <input_file_ref idref="fl-d7"/>
      </object_component>
      <object_component id="oc-273">
         <name>.debug_info</name>
         <load_address>0x12e43</load_address>
         <run_address>0x12e43</run_address>
         <size>0x18a</size>
         <input_file_ref idref="fl-d7"/>
      </object_component>
      <object_component id="oc-2ef">
         <name>.debug_info</name>
         <load_address>0x12fcd</load_address>
         <run_address>0x12fcd</run_address>
         <size>0x39</size>
         <input_file_ref idref="fl-d7"/>
      </object_component>
      <object_component id="oc-2c7">
         <name>.debug_info</name>
         <load_address>0x13006</load_address>
         <run_address>0x13006</run_address>
         <size>0x2c</size>
         <input_file_ref idref="fl-d7"/>
      </object_component>
      <object_component id="oc-2d3">
         <name>.debug_info</name>
         <load_address>0x13032</load_address>
         <run_address>0x13032</run_address>
         <size>0x2f2</size>
         <input_file_ref idref="fl-d8"/>
      </object_component>
      <object_component id="oc-279">
         <name>.debug_info</name>
         <load_address>0x13324</load_address>
         <run_address>0x13324</run_address>
         <size>0x21a</size>
         <input_file_ref idref="fl-d8"/>
      </object_component>
      <object_component id="oc-2ce">
         <name>.debug_info</name>
         <load_address>0x1353e</load_address>
         <run_address>0x1353e</run_address>
         <size>0x156</size>
         <input_file_ref idref="fl-d9"/>
      </object_component>
      <object_component id="oc-28d">
         <name>.debug_info</name>
         <load_address>0x13694</load_address>
         <run_address>0x13694</run_address>
         <size>0x284</size>
         <input_file_ref idref="fl-da"/>
      </object_component>
      <object_component id="oc-1ea">
         <name>.debug_info</name>
         <load_address>0x13918</load_address>
         <run_address>0x13918</run_address>
         <size>0x14f</size>
         <input_file_ref idref="fl-da"/>
      </object_component>
      <object_component id="oc-2d8">
         <name>.debug_info</name>
         <load_address>0x13a67</load_address>
         <run_address>0x13a67</run_address>
         <size>0x46</size>
         <input_file_ref idref="fl-da"/>
      </object_component>
      <object_component id="oc-288">
         <name>.debug_info</name>
         <load_address>0x13aad</load_address>
         <run_address>0x13aad</run_address>
         <size>0x39</size>
         <input_file_ref idref="fl-da"/>
      </object_component>
      <object_component id="oc-253">
         <name>.debug_info</name>
         <load_address>0x13ae6</load_address>
         <run_address>0x13ae6</run_address>
         <size>0x144</size>
         <input_file_ref idref="fl-db"/>
      </object_component>
      <object_component id="oc-1c5">
         <name>.debug_info</name>
         <load_address>0x13c2a</load_address>
         <run_address>0x13c2a</run_address>
         <size>0x120</size>
         <input_file_ref idref="fl-dc"/>
      </object_component>
      <object_component id="oc-23e">
         <name>.debug_info</name>
         <load_address>0x13d4a</load_address>
         <run_address>0x13d4a</run_address>
         <size>0x122</size>
         <input_file_ref idref="fl-dc"/>
      </object_component>
      <object_component id="oc-23b">
         <name>.debug_info</name>
         <load_address>0x13e6c</load_address>
         <run_address>0x13e6c</run_address>
         <size>0x132</size>
         <input_file_ref idref="fl-dd"/>
      </object_component>
      <object_component id="oc-234">
         <name>.debug_info</name>
         <load_address>0x13f9e</load_address>
         <run_address>0x13f9e</run_address>
         <size>0x132</size>
         <input_file_ref idref="fl-de"/>
      </object_component>
      <object_component id="oc-243">
         <name>.debug_info</name>
         <load_address>0x140d0</load_address>
         <run_address>0x140d0</run_address>
         <size>0x126</size>
         <input_file_ref idref="fl-df"/>
      </object_component>
      <object_component id="oc-24e">
         <name>.debug_info</name>
         <load_address>0x141f6</load_address>
         <run_address>0x141f6</run_address>
         <size>0x124</size>
         <input_file_ref idref="fl-e0"/>
      </object_component>
      <object_component id="oc-22e">
         <name>.debug_info</name>
         <load_address>0x1431a</load_address>
         <run_address>0x1431a</run_address>
         <size>0x12c</size>
         <input_file_ref idref="fl-e1"/>
      </object_component>
      <object_component id="oc-292">
         <name>.debug_info</name>
         <load_address>0x14446</load_address>
         <run_address>0x14446</run_address>
         <size>0x27e</size>
         <input_file_ref idref="fl-e2"/>
      </object_component>
      <object_component id="oc-28f">
         <name>.debug_info</name>
         <load_address>0x146c4</load_address>
         <run_address>0x146c4</run_address>
         <size>0x103</size>
         <input_file_ref idref="fl-e2"/>
      </object_component>
      <object_component id="oc-1ed">
         <name>.debug_info</name>
         <load_address>0x147c7</load_address>
         <run_address>0x147c7</run_address>
         <size>0x143</size>
         <input_file_ref idref="fl-e2"/>
      </object_component>
      <object_component id="oc-2b4">
         <name>.debug_info</name>
         <load_address>0x1490a</load_address>
         <run_address>0x1490a</run_address>
         <size>0x10d</size>
         <input_file_ref idref="fl-e3"/>
      </object_component>
      <object_component id="oc-32b">
         <name>.debug_info</name>
         <load_address>0x14a17</load_address>
         <run_address>0x14a17</run_address>
         <size>0xcf</size>
      </object_component>
      <object_component id="oc-203">
         <name>.debug_line</name>
         <load_address>0x0</load_address>
         <run_address>0x0</run_address>
         <size>0x20</size>
         <input_file_ref idref="fl-2"/>
      </object_component>
      <object_component id="oc-185">
         <name>.debug_line</name>
         <load_address>0x20</load_address>
         <run_address>0x20</run_address>
         <size>0x2c</size>
         <input_file_ref idref="fl-2"/>
      </object_component>
      <object_component id="oc-75">
         <name>.debug_line</name>
         <load_address>0x4c</load_address>
         <run_address>0x4c</run_address>
         <size>0xdc</size>
         <input_file_ref idref="fl-2"/>
      </object_component>
      <object_component id="oc-178">
         <name>.debug_line</name>
         <load_address>0x128</load_address>
         <run_address>0x128</run_address>
         <size>0x52</size>
         <input_file_ref idref="fl-2"/>
      </object_component>
      <object_component id="oc-17d">
         <name>.debug_line</name>
         <load_address>0x17a</load_address>
         <run_address>0x17a</run_address>
         <size>0x55</size>
         <input_file_ref idref="fl-2"/>
      </object_component>
      <object_component id="oc-dd">
         <name>.debug_line</name>
         <load_address>0x1cf</load_address>
         <run_address>0x1cf</run_address>
         <size>0x69</size>
         <input_file_ref idref="fl-2"/>
      </object_component>
      <object_component id="oc-32">
         <name>.debug_line</name>
         <load_address>0x238</load_address>
         <run_address>0x238</run_address>
         <size>0x20</size>
         <input_file_ref idref="fl-2"/>
      </object_component>
      <object_component id="oc-171">
         <name>.debug_line</name>
         <load_address>0x258</load_address>
         <run_address>0x258</run_address>
         <size>0x6d</size>
         <input_file_ref idref="fl-2"/>
      </object_component>
      <object_component id="oc-d1">
         <name>.debug_line</name>
         <load_address>0x2c5</load_address>
         <run_address>0x2c5</run_address>
         <size>0x6a</size>
         <input_file_ref idref="fl-2"/>
      </object_component>
      <object_component id="oc-1af">
         <name>.debug_line</name>
         <load_address>0x32f</load_address>
         <run_address>0x32f</run_address>
         <size>0x74</size>
         <input_file_ref idref="fl-3"/>
      </object_component>
      <object_component id="oc-1ad">
         <name>.debug_line</name>
         <load_address>0x3a3</load_address>
         <run_address>0x3a3</run_address>
         <size>0x2c</size>
         <input_file_ref idref="fl-3"/>
      </object_component>
      <object_component id="oc-b9">
         <name>.debug_line</name>
         <load_address>0x3cf</load_address>
         <run_address>0x3cf</run_address>
         <size>0x162</size>
         <input_file_ref idref="fl-3"/>
      </object_component>
      <object_component id="oc-1b3">
         <name>.debug_line</name>
         <load_address>0x531</load_address>
         <run_address>0x531</run_address>
         <size>0x52</size>
         <input_file_ref idref="fl-3"/>
      </object_component>
      <object_component id="oc-e9">
         <name>.debug_line</name>
         <load_address>0x583</load_address>
         <run_address>0x583</run_address>
         <size>0x65</size>
         <input_file_ref idref="fl-3"/>
      </object_component>
      <object_component id="oc-133">
         <name>.debug_line</name>
         <load_address>0x5e8</load_address>
         <run_address>0x5e8</run_address>
         <size>0x170</size>
         <input_file_ref idref="fl-4"/>
      </object_component>
      <object_component id="oc-1b6">
         <name>.debug_line</name>
         <load_address>0x758</load_address>
         <run_address>0x758</run_address>
         <size>0x2f</size>
         <input_file_ref idref="fl-5"/>
      </object_component>
      <object_component id="oc-bc">
         <name>.debug_line</name>
         <load_address>0x787</load_address>
         <run_address>0x787</run_address>
         <size>0x115</size>
         <input_file_ref idref="fl-5"/>
      </object_component>
      <object_component id="oc-174">
         <name>.debug_line</name>
         <load_address>0x89c</load_address>
         <run_address>0x89c</run_address>
         <size>0x9b</size>
         <input_file_ref idref="fl-6"/>
      </object_component>
      <object_component id="oc-16d">
         <name>.debug_line</name>
         <load_address>0x937</load_address>
         <run_address>0x937</run_address>
         <size>0x2d</size>
         <input_file_ref idref="fl-6"/>
      </object_component>
      <object_component id="oc-16b">
         <name>.debug_line</name>
         <load_address>0x964</load_address>
         <run_address>0x964</run_address>
         <size>0x2d</size>
         <input_file_ref idref="fl-6"/>
      </object_component>
      <object_component id="oc-6e">
         <name>.debug_line</name>
         <load_address>0x991</load_address>
         <run_address>0x991</run_address>
         <size>0x1dd</size>
         <input_file_ref idref="fl-6"/>
      </object_component>
      <object_component id="oc-182">
         <name>.debug_line</name>
         <load_address>0xb6e</load_address>
         <run_address>0xb6e</run_address>
         <size>0x64</size>
         <input_file_ref idref="fl-6"/>
      </object_component>
      <object_component id="oc-168">
         <name>.debug_line</name>
         <load_address>0xbd2</load_address>
         <run_address>0xbd2</run_address>
         <size>0x65</size>
         <input_file_ref idref="fl-6"/>
      </object_component>
      <object_component id="oc-b4">
         <name>.debug_line</name>
         <load_address>0xc37</load_address>
         <run_address>0xc37</run_address>
         <size>0x6f</size>
         <input_file_ref idref="fl-7"/>
      </object_component>
      <object_component id="oc-d9">
         <name>.debug_line</name>
         <load_address>0xca6</load_address>
         <run_address>0xca6</run_address>
         <size>0x40</size>
         <input_file_ref idref="fl-8"/>
      </object_component>
      <object_component id="oc-77">
         <name>.debug_line</name>
         <load_address>0xce6</load_address>
         <run_address>0xce6</run_address>
         <size>0x40</size>
         <input_file_ref idref="fl-8"/>
      </object_component>
      <object_component id="oc-68">
         <name>.debug_line</name>
         <load_address>0xd26</load_address>
         <run_address>0xd26</run_address>
         <size>0x71</size>
         <input_file_ref idref="fl-8"/>
      </object_component>
      <object_component id="oc-1a8">
         <name>.debug_line</name>
         <load_address>0xd97</load_address>
         <run_address>0xd97</run_address>
         <size>0x3b</size>
         <input_file_ref idref="fl-9"/>
      </object_component>
      <object_component id="oc-ac">
         <name>.debug_line</name>
         <load_address>0xdd2</load_address>
         <run_address>0xdd2</run_address>
         <size>0x159</size>
         <input_file_ref idref="fl-9"/>
      </object_component>
      <object_component id="oc-35">
         <name>.debug_line</name>
         <load_address>0xf2b</load_address>
         <run_address>0xf2b</run_address>
         <size>0x88</size>
         <input_file_ref idref="fl-c3"/>
      </object_component>
      <object_component id="oc-ec">
         <name>.debug_line</name>
         <load_address>0xfb3</load_address>
         <run_address>0xfb3</run_address>
         <size>0x9e</size>
         <input_file_ref idref="fl-c4"/>
      </object_component>
      <object_component id="oc-41">
         <name>.debug_line</name>
         <load_address>0x1051</load_address>
         <run_address>0x1051</run_address>
         <size>0x4f</size>
         <input_file_ref idref="fl-c4"/>
      </object_component>
      <object_component id="oc-8d">
         <name>.debug_line</name>
         <load_address>0x10a0</load_address>
         <run_address>0x10a0</run_address>
         <size>0x34</size>
         <input_file_ref idref="fl-c4"/>
      </object_component>
      <object_component id="oc-88">
         <name>.debug_line</name>
         <load_address>0x10d4</load_address>
         <run_address>0x10d4</run_address>
         <size>0x20</size>
         <input_file_ref idref="fl-c5"/>
      </object_component>
      <object_component id="oc-1c">
         <name>.debug_line</name>
         <load_address>0x10f4</load_address>
         <run_address>0x10f4</run_address>
         <size>0x55</size>
         <input_file_ref idref="fl-c5"/>
      </object_component>
      <object_component id="oc-3d">
         <name>.debug_line</name>
         <load_address>0x1149</load_address>
         <run_address>0x1149</run_address>
         <size>0x3a</size>
         <input_file_ref idref="fl-c5"/>
      </object_component>
      <object_component id="oc-85">
         <name>.debug_line</name>
         <load_address>0x1183</load_address>
         <run_address>0x1183</run_address>
         <size>0x8a</size>
         <input_file_ref idref="fl-c5"/>
      </object_component>
      <object_component id="oc-e5">
         <name>.debug_line</name>
         <load_address>0x120d</load_address>
         <run_address>0x120d</run_address>
         <size>0x20</size>
         <input_file_ref idref="fl-c6"/>
      </object_component>
      <object_component id="oc-19">
         <name>.debug_line</name>
         <load_address>0x122d</load_address>
         <run_address>0x122d</run_address>
         <size>0xa9</size>
         <input_file_ref idref="fl-c6"/>
      </object_component>
      <object_component id="oc-2d">
         <name>.debug_line</name>
         <load_address>0x12d6</load_address>
         <run_address>0x12d6</run_address>
         <size>0x3a</size>
         <input_file_ref idref="fl-c6"/>
      </object_component>
      <object_component id="oc-e2">
         <name>.debug_line</name>
         <load_address>0x1310</load_address>
         <run_address>0x1310</run_address>
         <size>0x92</size>
         <input_file_ref idref="fl-c6"/>
      </object_component>
      <object_component id="oc-7e">
         <name>.debug_line</name>
         <load_address>0x13a2</load_address>
         <run_address>0x13a2</run_address>
         <size>0x8e</size>
         <input_file_ref idref="fl-c6"/>
      </object_component>
      <object_component id="oc-7a">
         <name>.debug_line</name>
         <load_address>0x1430</load_address>
         <run_address>0x1430</run_address>
         <size>0x33</size>
         <input_file_ref idref="fl-c7"/>
      </object_component>
      <object_component id="oc-56">
         <name>.debug_line</name>
         <load_address>0x1463</load_address>
         <run_address>0x1463</run_address>
         <size>0x56</size>
         <input_file_ref idref="fl-c7"/>
      </object_component>
      <object_component id="oc-f0">
         <name>.debug_line</name>
         <load_address>0x14b9</load_address>
         <run_address>0x14b9</run_address>
         <size>0x3c</size>
         <input_file_ref idref="fl-c8"/>
      </object_component>
      <object_component id="oc-201">
         <name>.debug_line</name>
         <load_address>0x14f5</load_address>
         <run_address>0x14f5</run_address>
         <size>0x2e</size>
         <input_file_ref idref="fl-cb"/>
      </object_component>
      <object_component id="oc-c3">
         <name>.debug_line</name>
         <load_address>0x1523</load_address>
         <run_address>0x1523</run_address>
         <size>0x5f</size>
         <input_file_ref idref="fl-cb"/>
      </object_component>
      <object_component id="oc-14f">
         <name>.debug_line</name>
         <load_address>0x1582</load_address>
         <run_address>0x1582</run_address>
         <size>0x58</size>
         <input_file_ref idref="fl-cb"/>
      </object_component>
      <object_component id="oc-156">
         <name>.debug_line</name>
         <load_address>0x15da</load_address>
         <run_address>0x15da</run_address>
         <size>0x46</size>
         <input_file_ref idref="fl-cb"/>
      </object_component>
      <object_component id="oc-15e">
         <name>.debug_line</name>
         <load_address>0x1620</load_address>
         <run_address>0x1620</run_address>
         <size>0x89</size>
         <input_file_ref idref="fl-cb"/>
      </object_component>
      <object_component id="oc-163">
         <name>.debug_line</name>
         <load_address>0x16a9</load_address>
         <run_address>0x16a9</run_address>
         <size>0x2e</size>
         <input_file_ref idref="fl-cb"/>
      </object_component>
      <object_component id="oc-226">
         <name>.debug_line</name>
         <load_address>0x16d7</load_address>
         <run_address>0x16d7</run_address>
         <size>0x20</size>
         <input_file_ref idref="fl-cc"/>
      </object_component>
      <object_component id="oc-13d">
         <name>.debug_line</name>
         <load_address>0x16f7</load_address>
         <run_address>0x16f7</run_address>
         <size>0xaa</size>
         <input_file_ref idref="fl-cc"/>
      </object_component>
      <object_component id="oc-94">
         <name>.debug_line</name>
         <load_address>0x17a1</load_address>
         <run_address>0x17a1</run_address>
         <size>0x79</size>
         <input_file_ref idref="fl-cd"/>
      </object_component>
      <object_component id="oc-213">
         <name>.debug_line</name>
         <load_address>0x181a</load_address>
         <run_address>0x181a</run_address>
         <size>0xb7</size>
         <input_file_ref idref="fl-ce"/>
      </object_component>
      <object_component id="oc-ff">
         <name>.debug_line</name>
         <load_address>0x18d1</load_address>
         <run_address>0x18d1</run_address>
         <size>0x6c</size>
         <input_file_ref idref="fl-ce"/>
      </object_component>
      <object_component id="oc-217">
         <name>.debug_line</name>
         <load_address>0x193d</load_address>
         <run_address>0x193d</run_address>
         <size>0x2e</size>
         <input_file_ref idref="fl-ce"/>
      </object_component>
      <object_component id="oc-2a5">
         <name>.debug_line</name>
         <load_address>0x196b</load_address>
         <run_address>0x196b</run_address>
         <size>0x92</size>
         <input_file_ref idref="fl-ce"/>
      </object_component>
      <object_component id="oc-21c">
         <name>.debug_line</name>
         <load_address>0x19fd</load_address>
         <run_address>0x19fd</run_address>
         <size>0x8f</size>
         <input_file_ref idref="fl-ce"/>
      </object_component>
      <object_component id="oc-221">
         <name>.debug_line</name>
         <load_address>0x1a8c</load_address>
         <run_address>0x1a8c</run_address>
         <size>0x8b</size>
         <input_file_ref idref="fl-ce"/>
      </object_component>
      <object_component id="oc-9b">
         <name>.debug_line</name>
         <load_address>0x1b17</load_address>
         <run_address>0x1b17</run_address>
         <size>0x40</size>
         <input_file_ref idref="fl-cf"/>
      </object_component>
      <object_component id="oc-294">
         <name>.debug_line</name>
         <load_address>0x1b57</load_address>
         <run_address>0x1b57</run_address>
         <size>0x30e</size>
         <input_file_ref idref="fl-d1"/>
      </object_component>
      <object_component id="oc-1c2">
         <name>.debug_line</name>
         <load_address>0x1e65</load_address>
         <run_address>0x1e65</run_address>
         <size>0x7a</size>
         <input_file_ref idref="fl-d1"/>
      </object_component>
      <object_component id="oc-25c">
         <name>.debug_line</name>
         <load_address>0x1edf</load_address>
         <run_address>0x1edf</run_address>
         <size>0x51</size>
         <input_file_ref idref="fl-d1"/>
      </object_component>
      <object_component id="oc-262">
         <name>.debug_line</name>
         <load_address>0x1f30</load_address>
         <run_address>0x1f30</run_address>
         <size>0x88</size>
         <input_file_ref idref="fl-d1"/>
      </object_component>
      <object_component id="oc-1cc">
         <name>.debug_line</name>
         <load_address>0x1fb8</load_address>
         <run_address>0x1fb8</run_address>
         <size>0x14d</size>
         <input_file_ref idref="fl-d1"/>
      </object_component>
      <object_component id="oc-268">
         <name>.debug_line</name>
         <load_address>0x2105</load_address>
         <run_address>0x2105</run_address>
         <size>0xe9</size>
         <input_file_ref idref="fl-d1"/>
      </object_component>
      <object_component id="oc-26e">
         <name>.debug_line</name>
         <load_address>0x21ee</load_address>
         <run_address>0x21ee</run_address>
         <size>0x5d</size>
         <input_file_ref idref="fl-d1"/>
      </object_component>
      <object_component id="oc-1d2">
         <name>.debug_line</name>
         <load_address>0x224b</load_address>
         <run_address>0x224b</run_address>
         <size>0x5c</size>
         <input_file_ref idref="fl-d1"/>
      </object_component>
      <object_component id="oc-1d8">
         <name>.debug_line</name>
         <load_address>0x22a7</load_address>
         <run_address>0x22a7</run_address>
         <size>0xae</size>
         <input_file_ref idref="fl-d1"/>
      </object_component>
      <object_component id="oc-1de">
         <name>.debug_line</name>
         <load_address>0x2355</load_address>
         <run_address>0x2355</run_address>
         <size>0x1b0</size>
         <input_file_ref idref="fl-d1"/>
      </object_component>
      <object_component id="oc-14b">
         <name>.debug_line</name>
         <load_address>0x2505</load_address>
         <run_address>0x2505</run_address>
         <size>0x6dd</size>
         <input_file_ref idref="fl-d1"/>
      </object_component>
      <object_component id="oc-1f7">
         <name>.debug_line</name>
         <load_address>0x2be2</load_address>
         <run_address>0x2be2</run_address>
         <size>0x8a</size>
         <input_file_ref idref="fl-d1"/>
      </object_component>
      <object_component id="oc-298">
         <name>.debug_line</name>
         <load_address>0x2c6c</load_address>
         <run_address>0x2c6c</run_address>
         <size>0x8a</size>
         <input_file_ref idref="fl-d1"/>
      </object_component>
      <object_component id="oc-2e6">
         <name>.debug_line</name>
         <load_address>0x2cf6</load_address>
         <run_address>0x2cf6</run_address>
         <size>0x92</size>
         <input_file_ref idref="fl-d1"/>
      </object_component>
      <object_component id="oc-29d">
         <name>.debug_line</name>
         <load_address>0x2d88</load_address>
         <run_address>0x2d88</run_address>
         <size>0x8f</size>
         <input_file_ref idref="fl-d1"/>
      </object_component>
      <object_component id="oc-1fc">
         <name>.debug_line</name>
         <load_address>0x2e17</load_address>
         <run_address>0x2e17</run_address>
         <size>0x2e</size>
         <input_file_ref idref="fl-d1"/>
      </object_component>
      <object_component id="oc-2b2">
         <name>.debug_line</name>
         <load_address>0x2e45</load_address>
         <run_address>0x2e45</run_address>
         <size>0x89</size>
         <input_file_ref idref="fl-d2"/>
      </object_component>
      <object_component id="oc-1bc">
         <name>.debug_line</name>
         <load_address>0x2ece</load_address>
         <run_address>0x2ece</run_address>
         <size>0x63</size>
         <input_file_ref idref="fl-d2"/>
      </object_component>
      <object_component id="oc-2e9">
         <name>.debug_line</name>
         <load_address>0x2f31</load_address>
         <run_address>0x2f31</run_address>
         <size>0x20</size>
         <input_file_ref idref="fl-d3"/>
      </object_component>
      <object_component id="oc-2af">
         <name>.debug_line</name>
         <load_address>0x2f51</load_address>
         <run_address>0x2f51</run_address>
         <size>0x2b</size>
         <input_file_ref idref="fl-d3"/>
      </object_component>
      <object_component id="oc-2ec">
         <name>.debug_line</name>
         <load_address>0x2f7c</load_address>
         <run_address>0x2f7c</run_address>
         <size>0x20</size>
         <input_file_ref idref="fl-d4"/>
      </object_component>
      <object_component id="oc-249">
         <name>.debug_line</name>
         <load_address>0x2f9c</load_address>
         <run_address>0x2f9c</run_address>
         <size>0x66</size>
         <input_file_ref idref="fl-d4"/>
      </object_component>
      <object_component id="oc-2d7">
         <name>.debug_line</name>
         <load_address>0x3002</load_address>
         <run_address>0x3002</run_address>
         <size>0x20</size>
         <input_file_ref idref="fl-d5"/>
      </object_component>
      <object_component id="oc-1e4">
         <name>.debug_line</name>
         <load_address>0x3022</load_address>
         <run_address>0x3022</run_address>
         <size>0x48</size>
         <input_file_ref idref="fl-d5"/>
      </object_component>
      <object_component id="oc-2f8">
         <name>.debug_line</name>
         <load_address>0x306a</load_address>
         <run_address>0x306a</run_address>
         <size>0x20</size>
         <input_file_ref idref="fl-d6"/>
      </object_component>
      <object_component id="oc-280">
         <name>.debug_line</name>
         <load_address>0x308a</load_address>
         <run_address>0x308a</run_address>
         <size>0xa8</size>
         <input_file_ref idref="fl-d6"/>
      </object_component>
      <object_component id="oc-2ee">
         <name>.debug_line</name>
         <load_address>0x3132</load_address>
         <run_address>0x3132</run_address>
         <size>0x20</size>
         <input_file_ref idref="fl-d7"/>
      </object_component>
      <object_component id="oc-276">
         <name>.debug_line</name>
         <load_address>0x3152</load_address>
         <run_address>0x3152</run_address>
         <size>0x5e</size>
         <input_file_ref idref="fl-d7"/>
      </object_component>
      <object_component id="oc-2f2">
         <name>.debug_line</name>
         <load_address>0x31b0</load_address>
         <run_address>0x31b0</run_address>
         <size>0x92</size>
         <input_file_ref idref="fl-d7"/>
      </object_component>
      <object_component id="oc-2ca">
         <name>.debug_line</name>
         <load_address>0x3242</load_address>
         <run_address>0x3242</run_address>
         <size>0x8f</size>
         <input_file_ref idref="fl-d7"/>
      </object_component>
      <object_component id="oc-2f6">
         <name>.debug_line</name>
         <load_address>0x32d1</load_address>
         <run_address>0x32d1</run_address>
         <size>0x93</size>
         <input_file_ref idref="fl-d8"/>
      </object_component>
      <object_component id="oc-27c">
         <name>.debug_line</name>
         <load_address>0x3364</load_address>
         <run_address>0x3364</run_address>
         <size>0x9c</size>
         <input_file_ref idref="fl-d8"/>
      </object_component>
      <object_component id="oc-2d0">
         <name>.debug_line</name>
         <load_address>0x3400</load_address>
         <run_address>0x3400</run_address>
         <size>0x45</size>
         <input_file_ref idref="fl-d9"/>
      </object_component>
      <object_component id="oc-2de">
         <name>.debug_line</name>
         <load_address>0x3445</load_address>
         <run_address>0x3445</run_address>
         <size>0x20</size>
         <input_file_ref idref="fl-da"/>
      </object_component>
      <object_component id="oc-1e8">
         <name>.debug_line</name>
         <load_address>0x3465</load_address>
         <run_address>0x3465</run_address>
         <size>0x46</size>
         <input_file_ref idref="fl-da"/>
      </object_component>
      <object_component id="oc-2db">
         <name>.debug_line</name>
         <load_address>0x34ab</load_address>
         <run_address>0x34ab</run_address>
         <size>0x92</size>
         <input_file_ref idref="fl-da"/>
      </object_component>
      <object_component id="oc-28b">
         <name>.debug_line</name>
         <load_address>0x353d</load_address>
         <run_address>0x353d</run_address>
         <size>0x89</size>
         <input_file_ref idref="fl-da"/>
      </object_component>
      <object_component id="oc-256">
         <name>.debug_line</name>
         <load_address>0x35c6</load_address>
         <run_address>0x35c6</run_address>
         <size>0xd2</size>
         <input_file_ref idref="fl-db"/>
      </object_component>
      <object_component id="oc-1c4">
         <name>.debug_line</name>
         <load_address>0x3698</load_address>
         <run_address>0x3698</run_address>
         <size>0x77</size>
         <input_file_ref idref="fl-dc"/>
      </object_component>
      <object_component id="oc-241">
         <name>.debug_line</name>
         <load_address>0x370f</load_address>
         <run_address>0x370f</run_address>
[...]
      <symbol id="sm-c">
         <name>__TI_prof_data_start</name>
         <value>0xffffffff</value>
      </symbol>
      <symbol id="sm-d">
         <name>__TI_prof_data_size</name>
         <value>0xffffffff</value>
      </symbol>
      <symbol id="sm-6f">
         <name>TransmitFlag</name>
         <value>0x20000048</value>
         <object_component_ref idref="oc-d4"/>
      </symbol>
      <symbol id="sm-70">
         <name>readByte_I2C</name>
         <value>0x1ee7</value>
         <object_component_ref idref="oc-70"/>
      </symbol>
      <symbol id="sm-71">
         <name>writeByte_I2C</name>
         <value>0x1e7f</value>
         <object_component_ref idref="oc-70"/>
      </symbol>
      <symbol id="sm-72">
         <name>I2C_INIT</name>
         <value>0x1e2d</value>
         <object_component_ref idref="oc-70"/>
      </symbol>
      <symbol id="sm-73">
         <name>EUSCIB0_IRQHandler</name>
         <value>0x1f6b</value>
         <object_component_ref idref="oc-70"/>
      </symbol>
      <symbol id="sm-a4">
         <name>LCD_CMD</name>
         <value>0x14fb</value>
         <object_component_ref idref="oc-b5"/>
      </symbol>
      <symbol id="sm-a5">
         <name>write_string_LCD</name>
         <value>0x12f3</value>
         <object_component_ref idref="oc-b5"/>
      </symbol>
      <symbol id="sm-a6">
         <name>LCD_INIT</name>
         <value>0x13e9</value>
         <object_component_ref idref="oc-b5"/>
      </symbol>
      <symbol id="sm-a7">
         <name>line_clear_LCD</name>
         <value>0x13a1</value>
         <object_component_ref idref="oc-b5"/>
      </symbol>
      <symbol id="sm-a8">
         <name>home_LCD</name>
         <value>0x1371</value>
         <object_component_ref idref="oc-b5"/>
      </symbol>
      <symbol id="sm-a9">
         <name>write_char_LCD</name>
         <value>0x12a1</value>
         <object_component_ref idref="oc-b5"/>
      </symbol>
      <symbol id="sm-aa">
         <name>clear_LCD</name>
         <value>0x1389</value>
         <object_component_ref idref="oc-b5"/>
      </symbol>
      <symbol id="sm-ab">
         <name>LCD_CTRL</name>
         <value>0x14d3</value>
         <object_component_ref idref="oc-b5"/>
      </symbol>
      <symbol id="sm-de">
         <name>delay_us</name>
         <value>0x16b3</value>
         <object_component_ref idref="oc-132"/>
      </symbol>
      <symbol id="sm-df">
         <name>delay_ms</name>
         <value>0x15a5</value>
         <object_component_ref idref="oc-132"/>
      </symbol>
      <symbol id="sm-115">
         <name>KEYPAD_INIT</name>
         <value>0x1fe3</value>
         <object_component_ref idref="oc-bb"/>
      </symbol>
      <symbol id="sm-116">
         <name>chk_Keypad</name>
         <value>0x200d</value>
         <object_component_ref idref="oc-bb"/>
      </symbol>
      <symbol id="sm-117">
         <name>get_Key</name>
         <value>0x1fc5</value>
         <object_component_ref idref="oc-bb"/>
      </symbol>
      <symbol id="sm-118">
         <name>keypad_ISR</name>
         <value>0x2107</value>
         <object_component_ref idref="oc-bb"/>
      </symbol>
      <symbol id="sm-119">
         <name>KEY_LOCATE</name>
         <value>0x208b</value>
         <object_component_ref idref="oc-bb"/>
      </symbol>
      <symbol id="sm-11a">
         <name>clear_Flag</name>
         <value>0x1fdb</value>
         <object_component_ref idref="oc-bb"/>
      </symbol>
      <symbol id="sm-11b">
         <name>get_Flag</name>
         <value>0x1fd5</value>
         <object_component_ref idref="oc-bb"/>
      </symbol>
      <symbol id="sm-194">
         <name>writeDisp</name>
         <value>0xc27</value>
         <object_component_ref idref="oc-6a"/>
      </symbol>
      <symbol id="sm-195">
         <name>calcYVel</name>
         <value>0xde9</value>
         <object_component_ref idref="oc-6a"/>
      </symbol>
      <symbol id="sm-196">
         <name>measSixtyTime</name>
         <value>0xcf9</value>
         <object_component_ref idref="oc-6a"/>
      </symbol>
      <symbol id="sm-197">
         <name>TA0_0_IRQHandler</name>
         <value>0xe9d</value>
         <object_component_ref idref="oc-6a"/>
      </symbol>
      <symbol id="sm-198">
         <name>ACCEL_INIT</name>
         <value>0xe2d</value>
         <object_component_ref idref="oc-6a"/>
      </symbol>
      <symbol id="sm-199">
         <name>measYAccel</name>
         <value>0xd95</value>
         <object_component_ref idref="oc-6a"/>
      </symbol>
      <symbol id="sm-19a">
         <name>main</name>
         <value>0xb45</value>
         <object_component_ref idref="oc-6a"/>
      </symbol>
      <symbol id="sm-19b">
         <name>TIMER_INIT</name>
         <value>0xe75</value>
         <object_component_ref idref="oc-6a"/>
      </symbol>
      <symbol id="sm-1b7">
         <name>set_DCO</name>
         <value>0x25cd</value>
         <object_component_ref idref="oc-af"/>
      </symbol>
      <symbol id="sm-1cc">
         <name>Reset_Handler</name>
         <value>0x300b</value>
         <object_component_ref idref="oc-64"/>
      </symbol>
      <symbol id="sm-1cd">
         <name>Default_Handler</name>
         <value>0x3017</value>
         <object_component_ref idref="oc-64"/>
      </symbol>
      <symbol id="sm-1ce">
         <name>interruptVectors</name>
         <value>0x0</value>
         <object_component_ref idref="oc-23"/>
      </symbol>
      <symbol id="sm-216">
         <name>SystemInit</name>
         <value>0x11e5</value>
         <object_component_ref idref="oc-a8"/>
      </symbol>
      <symbol id="sm-217">
         <name>SystemCoreClockUpdate</name>
         <value>0xf6d</value>
         <object_component_ref idref="oc-a8"/>
      </symbol>
      <symbol id="sm-218">
         <name>SystemCoreClock</name>
         <value>0x20000044</value>
         <object_component_ref idref="oc-12d"/>
      </symbol>
      <symbol id="sm-233">
         <name>memcpy</name>
         <value>0x287f</value>
         <object_component_ref idref="oc-34"/>
      </symbol>
      <symbol id="sm-234">
         <name>__aeabi_memcpy</name>
         <value>0x287f</value>
         <object_component_ref idref="oc-34"/>
      </symbol>
      <symbol id="sm-235">
         <name>__aeabi_memcpy8</name>
         <value>0x287f</value>
         <object_component_ref idref="oc-34"/>
      </symbol>
      <symbol id="sm-236">
         <name>__aeabi_memcpy4</name>
         <value>0x287f</value>
         <object_component_ref idref="oc-34"/>
      </symbol>
      <symbol id="sm-24a">
         <name>__TI_zero_init_nomemset</name>
         <value>0x2fd9</value>
         <object_component_ref idref="oc-40"/>
      </symbol>
      <symbol id="sm-261">
         <name>__TI_decompress_none</name>
         <value>0x2ffd</value>
         <object_component_ref idref="oc-1a"/>
      </symbol>
      <symbol id="sm-284">
         <name>__TI_decompress_lzss</name>
         <value>0x2ba5</value>
         <object_component_ref idref="oc-14"/>
      </symbol>
      <symbol id="sm-297">
         <name>__stack</name>
         <value>0x2000fe00</value>
         <object_component_ref idref="oc-26"/>
      </symbol>
      <symbol id="sm-298">
         <name>_c_int00_noargs</name>
         <value>0x2ed1</value>
         <object_component_ref idref="oc-52"/>
      </symbol>
      <symbol id="sm-2a3">
         <name>C$$EXIT</name>
         <value>0x3025</value>
         <object_component_ref idref="oc-ef"/>
      </symbol>
      <symbol id="sm-2a4">
         <name>abort</name>
         <value>0x3025</value>
         <object_component_ref idref="oc-ef"/>
      </symbol>
      <symbol id="sm-2d5">
         <name>snprintf</name>
         <value>0x2db9</value>
         <object_component_ref idref="oc-c1"/>
      </symbol>
      <symbol id="sm-2e3">
         <name>strlen</name>
         <value>0x2fc5</value>
         <object_component_ref idref="oc-138"/>
      </symbol>
      <symbol id="sm-2f2">
         <name>__aeabi_memset</name>
         <value>0x2abf</value>
         <object_component_ref idref="oc-90"/>
      </symbol>
      <symbol id="sm-2f3">
         <name>memset</name>
         <value>0x2ac5</value>
         <object_component_ref idref="oc-90"/>
      </symbol>
      <symbol id="sm-2f4">
         <name>__aeabi_memset8</name>
         <value>0x2abf</value>
         <object_component_ref idref="oc-90"/>
      </symbol>
      <symbol id="sm-2f5">
         <name>__aeabi_memset4</name>
         <value>0x2abf</value>
         <object_component_ref idref="oc-90"/>
      </symbol>
      <symbol id="sm-2f6">
         <name>__aeabi_memclr8</name>
         <value>0x2abd</value>
         <object_component_ref idref="oc-90"/>
      </symbol>
      <symbol id="sm-2f7">
         <name>__aeabi_memclr4</name>
         <value>0x2abd</value>
         <object_component_ref idref="oc-90"/>
      </symbol>
      <symbol id="sm-2f8">
         <name>__aeabi_memclr</name>
         <value>0x2abd</value>
         <object_component_ref idref="oc-90"/>
      </symbol>
      <symbol id="sm-320">
         <name>__TI_auto_init_nobinit_nopinit</name>
         <value>0x2e4d</value>
         <object_component_ref idref="oc-fb"/>
      </symbol>
      <symbol id="sm-32a">
         <name>_system_pre_init</name>
         <value>0x3021</value>
         <object_component_ref idref="oc-96"/>
      </symbol>
      <symbol id="sm-490">
         <name>__TI_printfi</name>
         <value>0xe5</value>
         <object_component_ref idref="oc-147"/>
      </symbol>
      <symbol id="sm-4a6">
         <name>atoi</name>
         <value>0x2d6d</value>
         <object_component_ref idref="oc-1b7"/>
      </symbol>
      <symbol id="sm-4b1">
         <name>_ctypes_</name>
         <value>0x3028</value>
         <object_component_ref idref="oc-227"/>
      </symbol>
      <symbol id="sm-4c0">
         <name>ltoa</name>
         <value>0x2cc7</value>
         <object_component_ref idref="oc-247"/>
      </symbol>
      <symbol id="sm-4d0">
         <name>memccpy</name>
         <value>0x2f67</value>
         <object_component_ref idref="oc-1e0"/>
      </symbol>
      <symbol id="sm-4e0">
         <name>strchr</name>
         <value>0x2f9b</value>
         <object_component_ref idref="oc-27e"/>
      </symbol>
      <symbol id="sm-500">
         <name>frexpl</name>
         <value>0x2c0d</value>
         <object_component_ref idref="oc-272"/>
      </symbol>
      <symbol id="sm-501">
         <name>frexp</name>
         <value>0x2c0d</value>
         <object_component_ref idref="oc-272"/>
      </symbol>
      <symbol id="sm-51e">
         <name>scalbn</name>
         <value>0x24bd</value>
         <object_component_ref idref="oc-278"/>
      </symbol>
      <symbol id="sm-51f">
         <name>scalbnl</name>
         <value>0x24bd</value>
         <object_component_ref idref="oc-278"/>
      </symbol>
      <symbol id="sm-520">
         <name>ldexpl</name>
         <value>0x24bd</value>
         <object_component_ref idref="oc-278"/>
      </symbol>
      <symbol id="sm-521">
         <name>ldexp</name>
         <value>0x24bd</value>
         <object_component_ref idref="oc-278"/>
      </symbol>
      <symbol id="sm-52b">
         <name>copysign</name>
         <value>0x2fb1</value>
         <object_component_ref idref="oc-2cc"/>
      </symbol>
      <symbol id="sm-52c">
         <name>copysignl</name>
         <value>0x2fb1</value>
         <object_component_ref idref="oc-2cc"/>
      </symbol>
      <symbol id="sm-545">
         <name>wcslen</name>
         <value>0x2feb</value>
         <object_component_ref idref="oc-1e6"/>
      </symbol>
      <symbol id="sm-55c">
         <name>__aeabi_dsub</name>
         <value>0x1c75</value>
         <object_component_ref idref="oc-252"/>
      </symbol>
      <symbol id="sm-55d">
         <name>__aeabi_dadd</name>
         <value>0x1c7f</value>
         <object_component_ref idref="oc-252"/>
      </symbol>
      <symbol id="sm-57f">
         <name>__aeabi_cdcmpeq</name>
         <value>0x29b1</value>
         <object_component_ref idref="oc-1c3"/>
      </symbol>
      <symbol id="sm-580">
         <name>__aeabi_cdcmple</name>
         <value>0x29b1</value>
         <object_component_ref idref="oc-1c3"/>
      </symbol>
      <symbol id="sm-581">
         <name>__aeabi_cdrcmple</name>
         <value>0x2a37</value>
         <object_component_ref idref="oc-23d"/>
      </symbol>
      <symbol id="sm-595">
         <name>__aeabi_ddiv</name>
         <value>0x2265</value>
         <object_component_ref idref="oc-238"/>
      </symbol>
      <symbol id="sm-5a0">
         <name>__aeabi_dmul</name>
         <value>0x26d1</value>
         <object_component_ref idref="oc-233"/>
      </symbol>
      <symbol id="sm-5aa">
         <name>__aeabi_d2iz</name>
         <value>0x2e05</value>
         <object_component_ref idref="oc-242"/>
      </symbol>
      <symbol id="sm-5b4">
         <name>__aeabi_i2d</name>
         <value>0x2f39</value>
         <object_component_ref idref="oc-24d"/>
      </symbol>
      <symbol id="sm-5c1">
         <name>__aeabi_uldivmod</name>
         <value>0x291b</value>
         <object_component_ref idref="oc-22c"/>
      </symbol>
      <symbol id="sm-5d7">
         <name>__aeabi_errno_addr</name>
         <value>0x3019</value>
         <object_component_ref idref="oc-1ec"/>
      </symbol>
      <symbol id="sm-5d8">
         <name>errno</name>
         <value>0x20000040</value>
         <object_component_ref idref="oc-28e"/>
      </symbol>
      <symbol id="sm-5e2">
         <name>__aeabi_idiv0</name>
         <value>0xb43</value>
         <object_component_ref idref="oc-2b3"/>
      </symbol>
      <symbol id="sm-5e3">
         <name>__aeabi_ldiv0</name>
         <value>0xb43</value>
         <object_component_ref idref="oc-2b3"/>
      </symbol>
      <symbol id="sm-5e4">
         <name>__TI_static_base__</name>
         <value>0x0</value>
      </symbol>
      <symbol id="sm-5e7">
         <name>__mpu_init</name>
         <value>0x0</value>
      </symbol>
      <symbol id="sm-5e8">
         <name>_system_post_cinit</name>
         <value>0x0</value>
      </symbol>
      <symbol id="sm-5e9">
         <name>NMI_Handler</name>
         <value>0x3017</value>
      </symbol>
      <symbol id="sm-5ea">
         <name>HardFault_Handler</name>
         <value>0x3017</value>
      </symbol>
      <symbol id="sm-5eb">
         <name>MemManage_Handler</name>
         <value>0x3017</value>
      </symbol>
      <symbol id="sm-5ec">
         <name>BusFault_Handler</name>
         <value>0x3017</value>
      </symbol>
      <symbol id="sm-5ed">
         <name>UsageFault_Handler</name>
         <value>0x3017</value>
      </symbol>
      <symbol id="sm-5ee">
         <name>SVC_Handler</name>
         <value>0x3017</value>
      </symbol>
      <symbol id="sm-5ef">
         <name>DebugMon_Handler</name>
         <value>0x3017</value>
      </symbol>
      <symbol id="sm-5f0">
         <name>PendSV_Handler</name>
         <value>0x3017</value>
      </symbol>
      <symbol id="sm-5f1">
         <name>SysTick_Handler</name>
         <value>0x3017</value>
      </symbol>
      <symbol id="sm-5f2">
         <name>PSS_IRQHandler</name>
         <value>0x3017</value>
      </symbol>
      <symbol id="sm-5f3">
         <name>CS_IRQHandler</name>
         <value>0x3017</value>
      </symbol>
      <symbol id="sm-5f4">
         <name>PCM_IRQHandler</name>
         <value>0x3017</value>
      </symbol>
      <symbol id="sm-5f5">
         <name>WDT_A_IRQHandler</name>
         <value>0x3017</value>
      </symbol>
      <symbol id="sm-5f6">
         <name>FPU_IRQHandler</name>
         <value>0x3017</value>
      </symbol>
      <symbol id="sm-5f7">
         <name>FLCTL_IRQHandler</name>
         <value>0x3017</value>
      </symbol>
      <symbol id="sm-5f8">
         <name>COMP_E0_IRQHandler</name>
         <value>0x3017</value>
      </symbol>
      <symbol id="sm-5f9">
         <name>COMP_E1_IRQHandler</name>
         <value>0x3017</value>
      </symbol>
      <symbol id="sm-5fa">
         <name>TA0_0_IRQHandler</name>
         <value>0xe9d</value>
      </symbol>
      <symbol id="sm-5fb">
         <name>TA0_N_IRQHandler</name>
         <value>0x3017</value>
      </symbol>
      <symbol id="sm-5fc">
         <name>TA1_0_IRQHandler</name>
         <value>0x3017</value>
      </symbol>
      <symbol id="sm-5fd">
         <name>TA1_N_IRQHandler</name>
         <value>0x3017</value>
      </symbol>
      <symbol id="sm-5fe">
         <name>TA2_0_IRQHandler</name>
         <value>0x3017</value>
      </symbol>
      <symbol id="sm-5ff">
         <name>TA2_N_IRQHandler</name>
         <value>0x3017</value>
      </symbol>
      <symbol id="sm-600">
         <name>TA3_0_IRQHandler</name>
         <value>0x3017</value>
      </symbol>
      <symbol id="sm-601">
         <name>TA3_N_IRQHandler</name>
         <value>0x3017</value>
      </symbol>
      <symbol id="sm-602">
         <name>EUSCIA0_IRQHandler</name>
         <value>0x3017</value>
      </symbol>
      <symbol id="sm-603">
         <name>EUSCIA1_IRQHandler</name>
         <value>0x3017</value>
      </symbol>
      <symbol id="sm-604">
         <name>EUSCIA2_IRQHandler</name>
         <value>0x3017</value>
      </symbol>
      <symbol id="sm-605">
         <name>EUSCIA3_IRQHandler</name>
         <value>0x3017</value>
      </symbol>
      <symbol id="sm-606">
         <name>EUSCIB0_IRQHandler</name>
         <value>0x1f6b</value>
      </symbol>
      <symbol id="sm-607">
         <name>EUSCIB1_IRQHandler</name>
         <value>0x3017</value>
      </symbol>
      <symbol id="sm-608">
         <name>EUSCIB2_IRQHandler</name>
         <value>0x3017</value>
      </symbol>
      <symbol id="sm-609">
         <name>EUSCIB3_IRQHandler</name>
         <value>0x3017</value>
      </symbol>
      <symbol id="sm-60a">
         <name>ADC14_IRQHandler</name>
         <value>0x3017</value>
      </symbol>
      <symbol id="sm-60b">
         <name>T32_INT1_IRQHandler</name>
         <value>0x3017</value>
      </symbol>
      <symbol id="sm-60c">
         <name>T32_INT2_IRQHandler</name>
         <value>0x3017</value>
      </symbol>
      <symbol id="sm-60d">
         <name>T32_INTC_IRQHandler</name>
         <value>0x3017</value>
      </symbol>
      <symbol id="sm-60e">
         <name>AES256_IRQHandler</name>
         <value>0x3017</value>
      </symbol>
      <symbol id="sm-60f">
         <name>RTC_C_IRQHandler</name>
         <value>0x3017</value>
      </symbol>
      <symbol id="sm-610">
         <name>DMA_ERR_IRQHandler</name>
         <value>0x3017</value>
      </symbol>
      <symbol id="sm-611">
         <name>DMA_INT3_IRQHandler</name>
         <value>0x3017</value>
      </symbol>
      <symbol id="sm-612">
         <name>DMA_INT2_IRQHandler</name>
         <value>0x3017</value>
      </symbol>
      <symbol id="sm-613">
         <name>DMA_INT1_IRQHandler</name>
         <value>0x3017</value>
      </symbol>
      <symbol id="sm-614">
         <name>DMA_INT0_IRQHandler</name>
         <value>0x3017</value>
      </symbol>
      <symbol id="sm-615">
         <name>PORT1_IRQHandler</name>
         <value>0x3017</value>
      </symbol>
      <symbol id="sm-616">
         <name>PORT2_IRQHandler</name>
         <value>0x3017</value>
      </symbol>
      <symbol id="sm-617">
         <name>PORT3_IRQHandler</name>
         <value>0x3017</value>
      </symbol>
      <symbol id="sm-618">
         <name>PORT4_IRQHandler</name>
         <value>0x3017</value>
      </symbol>
      <symbol id="sm-619">
         <name>PORT5_IRQHandler</name>
         <value>0x3017</value>
      </symbol>
      <symbol id="sm-61a">
         <name>PORT6_IRQHandler</name>
         <value>0x3017</value>
      </symbol>
   </symbol_table>
   <title>Link successful</title>
</link_info>
